Archive member included because of file (symbol)

c:/freescale/kds_v3/toolchain/bin/../lib/gcc/arm-none-eabi/4.8.4/../../../../arm-none-eabi/lib/armv7e-m/fpu\libg_s.a(lib_a-exit.o)
                              c:/freescale/kds_v3/toolchain/bin/../lib/gcc/arm-none-eabi/4.8.4/../../../../arm-none-eabi/lib/armv7e-m/fpu/crt0.o (exit)
c:/freescale/kds_v3/toolchain/bin/../lib/gcc/arm-none-eabi/4.8.4/../../../../arm-none-eabi/lib/armv7e-m/fpu\libg_s.a(lib_a-impure.o)
                              c:/freescale/kds_v3/toolchain/bin/../lib/gcc/arm-none-eabi/4.8.4/../../../../arm-none-eabi/lib/armv7e-m/fpu\libg_s.a(lib_a-exit.o) (_global_impure_ptr)
c:/freescale/kds_v3/toolchain/bin/../lib/gcc/arm-none-eabi/4.8.4/../../../../arm-none-eabi/lib/armv7e-m/fpu\libg_s.a(lib_a-init.o)
                              c:/freescale/kds_v3/toolchain/bin/../lib/gcc/arm-none-eabi/4.8.4/../../../../arm-none-eabi/lib/armv7e-m/fpu/crt0.o (__libc_init_array)
c:/freescale/kds_v3/toolchain/bin/../lib/gcc/arm-none-eabi/4.8.4/../../../../arm-none-eabi/lib/armv7e-m/fpu\libg_s.a(lib_a-memset.o)
                              c:/freescale/kds_v3/toolchain/bin/../lib/gcc/arm-none-eabi/4.8.4/../../../../arm-none-eabi/lib/armv7e-m/fpu/crt0.o (memset)
c:/freescale/kds_v3/toolchain/bin/../lib/gcc/arm-none-eabi/4.8.4/../../../../arm-none-eabi/lib/armv7e-m/fpu\libg_s.a(lib_a-printf.o)
                              ./Sources/main.o (printf)
c:/freescale/kds_v3/toolchain/bin/../lib/gcc/arm-none-eabi/4.8.4/../../../../arm-none-eabi/lib/armv7e-m/fpu\libg_s.a(lib_a-puts.o)
                              ./Sources/main.o (puts)
c:/freescale/kds_v3/toolchain/bin/../lib/gcc/arm-none-eabi/4.8.4/../../../../arm-none-eabi/lib/armv7e-m/fpu\libg_s.a(lib_a-sprintf.o)
                              ./Sources/main.o (sprintf)
c:/freescale/kds_v3/toolchain/bin/../lib/gcc/arm-none-eabi/4.8.4/../../../../arm-none-eabi/lib/armv7e-m/fpu\libg_s.a(lib_a-svfprintf.o)
                              c:/freescale/kds_v3/toolchain/bin/../lib/gcc/arm-none-eabi/4.8.4/../../../../arm-none-eabi/lib/armv7e-m/fpu\libg_s.a(lib_a-sprintf.o) (_svfprintf_r)
c:/freescale/kds_v3/toolchain/bin/../lib/gcc/arm-none-eabi/4.8.4/../../../../arm-none-eabi/lib/armv7e-m/fpu\libg_s.a(lib_a-vfprintf.o)
                              c:/freescale/kds_v3/toolchain/bin/../lib/gcc/arm-none-eabi/4.8.4/../../../../arm-none-eabi/lib/armv7e-m/fpu\libg_s.a(lib_a-printf.o) (_vfprintf_r)
c:/freescale/kds_v3/toolchain/bin/../lib/gcc/arm-none-eabi/4.8.4/../../../../arm-none-eabi/lib/armv7e-m/fpu\libg_s.a(lib_a-vfprintf_i.o)
                              c:/freescale/kds_v3/toolchain/bin/../lib/gcc/arm-none-eabi/4.8.4/../../../../arm-none-eabi/lib/armv7e-m/fpu\libg_s.a(lib_a-svfprintf.o) (_printf_i)
c:/freescale/kds_v3/toolchain/bin/../lib/gcc/arm-none-eabi/4.8.4/../../../../arm-none-eabi/lib/armv7e-m/fpu\libg_s.a(lib_a-wbuf.o)
                              c:/freescale/kds_v3/toolchain/bin/../lib/gcc/arm-none-eabi/4.8.4/../../../../arm-none-eabi/lib/armv7e-m/fpu\libg_s.a(lib_a-puts.o) (__swbuf_r)
c:/freescale/kds_v3/toolchain/bin/../lib/gcc/arm-none-eabi/4.8.4/../../../../arm-none-eabi/lib/armv7e-m/fpu\libg_s.a(lib_a-wsetup.o)
                              c:/freescale/kds_v3/toolchain/bin/../lib/gcc/arm-none-eabi/4.8.4/../../../../arm-none-eabi/lib/armv7e-m/fpu\libg_s.a(lib_a-puts.o) (__swsetup_r)
c:/freescale/kds_v3/toolchain/bin/../lib/gcc/arm-none-eabi/4.8.4/../../../../arm-none-eabi/lib/armv7e-m/fpu\libg_s.a(lib_a-fflush.o)
                              c:/freescale/kds_v3/toolchain/bin/../lib/gcc/arm-none-eabi/4.8.4/../../../../arm-none-eabi/lib/armv7e-m/fpu\libg_s.a(lib_a-wbuf.o) (_fflush_r)
c:/freescale/kds_v3/toolchain/bin/../lib/gcc/arm-none-eabi/4.8.4/../../../../arm-none-eabi/lib/armv7e-m/fpu\libg_s.a(lib_a-findfp.o)
                              c:/freescale/kds_v3/toolchain/bin/../lib/gcc/arm-none-eabi/4.8.4/../../../../arm-none-eabi/lib/armv7e-m/fpu\libg_s.a(lib_a-printf.o) (__sinit)
c:/freescale/kds_v3/toolchain/bin/../lib/gcc/arm-none-eabi/4.8.4/../../../../arm-none-eabi/lib/armv7e-m/fpu\libg_s.a(lib_a-fvwrite.o)
                              c:/freescale/kds_v3/toolchain/bin/../lib/gcc/arm-none-eabi/4.8.4/../../../../arm-none-eabi/lib/armv7e-m/fpu\libg_s.a(lib_a-vfprintf.o) (__sfvwrite_r)
c:/freescale/kds_v3/toolchain/bin/../lib/gcc/arm-none-eabi/4.8.4/../../../../arm-none-eabi/lib/armv7e-m/fpu\libg_s.a(lib_a-fwalk.o)
                              c:/freescale/kds_v3/toolchain/bin/../lib/gcc/arm-none-eabi/4.8.4/../../../../arm-none-eabi/lib/armv7e-m/fpu\libg_s.a(lib_a-findfp.o) (_fwalk)
c:/freescale/kds_v3/toolchain/bin/../lib/gcc/arm-none-eabi/4.8.4/../../../../arm-none-eabi/lib/armv7e-m/fpu\libg_s.a(lib_a-makebuf.o)
                              c:/freescale/kds_v3/toolchain/bin/../lib/gcc/arm-none-eabi/4.8.4/../../../../arm-none-eabi/lib/armv7e-m/fpu\libg_s.a(lib_a-wsetup.o) (__smakebuf_r)
[...]
Memory Configuration

Name             Origin             Length             Attributes
m_interrupts     0x00000000         0x00000198         xr
m_text           0x00000410         0x000ffbf0         xr
m_data_1FFF0000  0x1fff0000         0x00010000         rw
m_data           0x20000000         0x00030000         rw
m_cfmprotrom     0x00000400         0x00000010         xr
*default*        0x00000000         0xffffffff

Linker script and memory map

LOAD c:/freescale/kds_v3/toolchain/bin/../lib/gcc/arm-none-eabi/4.8.4/armv7e-m/fpu/crti.o
LOAD c:/freescale/kds_v3/toolchain/bin/../lib/gcc/arm-none-eabi/4.8.4/armv7e-m/fpu/crtbegin.o
LOAD c:/freescale/kds_v3/toolchain/bin/../lib/gcc/arm-none-eabi/4.8.4/../../../../arm-none-eabi/lib/armv7e-m/fpu/crt0.o
LOAD ./Static_Code/System/CPU_Init.o
LOAD ./Static_Code/System/Peripherals_Init.o
LOAD ./Static_Code/System/Vectors.o
LOAD ./Sources/Events.o
LOAD ./Sources/main.o
LOAD ./Project_Settings/Startup_Code/startup.o
LOAD ./Generated_Code/CI2C1.o
LOAD ./Generated_Code/Cpu.o
LOAD ./Generated_Code/CsIO1.o
LOAD ./Generated_Code/FX1.o
LOAD ./Generated_Code/GI2C1.o
LOAD ./Generated_Code/IO1.o
LOAD ./Generated_Code/MCUC1.o
LOAD ./Generated_Code/PE_LDD.o
LOAD ./Generated_Code/Pins1.o
LOAD ./Generated_Code/SM1.o
LOAD ./Generated_Code/WAIT1.o
LOAD c:/freescale/kds_v3/toolchain/bin/../lib/gcc/arm-none-eabi/4.8.4/../../../../arm-none-eabi/lib/armv7e-m/fpu\libstdc++_s.a
LOAD c:/freescale/kds_v3/toolchain/bin/../lib/gcc/arm-none-eabi/4.8.4/../../../../arm-none-eabi/lib/armv7e-m/fpu\libm.a
START GROUP
LOAD c:/freescale/kds_v3/toolchain/bin/../lib/gcc/arm-none-eabi/4.8.4/armv7e-m/fpu\libgcc.a
LOAD c:/freescale/kds_v3/toolchain/bin/../lib/gcc/arm-none-eabi/4.8.4/../../../../arm-none-eabi/lib/armv7e-m/fpu\libg_s.a
LOAD c:/freescale/kds_v3/toolchain/bin/../lib/gcc/arm-none-eabi/4.8.4/../../../../arm-none-eabi/lib/armv7e-m/fpu\libc_s.a
END GROUP
START GROUP
LOAD c:/freescale/kds_v3/toolchain/bin/../lib/gcc/arm-none-eabi/4.8.4/armv7e-m/fpu\libgcc.a
LOAD c:/freescale/kds_v3/toolchain/bin/../lib/gcc/arm-none-eabi/4.8.4/../../../../arm-none-eabi/lib/armv7e-m/fpu\libc_s.a
LOAD c:/freescale/kds_v3/toolchain/bin/../lib/gcc/arm-none-eabi/4.8.4/../../../../arm-none-eabi/lib/armv7e-m/fpu\libnosys.a
END GROUP
START GROUP
LOAD c:/freescale/kds_v3/toolchain/bin/../lib/gcc/arm-none-eabi/4.8.4/armv7e-m/fpu\libgcc.a
LOAD c:/freescale/kds_v3/toolchain/bin/../lib/gcc/arm-none-eabi/4.8.4/../../../../arm-none-eabi/lib/armv7e-m/fpu\libc_s.a
LOAD c:/freescale/kds_v3/toolchain/bin/../lib/gcc/arm-none-eabi/4.8.4/../../../../arm-none-eabi/lib/armv7e-m/fpu\libnosys.a
END GROUP
LOAD c:/freescale/kds_v3/toolchain/bin/../lib/gcc/arm-none-eabi/4.8.4/armv7e-m/fpu/crtend.o
LOAD c:/freescale/kds_v3/toolchain/bin/../lib/gcc/arm-none-eabi/4.8.4/armv7e-m/fpu/crtn.o
                0x20030000                _estack = 0x20030000
                0x20030000                __SP_INIT = _estack
                0x20030000                __stack = _estack
                0x00000000                __heap_size = 0x0
                0x00000400                __stack_size = 0x400

.interrupts     0x00000000      0x198
                0x00000000                __vector_table = .
                0x00000000                . = ALIGN (0x4)
 *(.vectortable)
 .vectortable   0x00000000      0x198 ./Static_Code/System/Vectors.o
                0x00000000                __vect_table
                0x00000198                . = ALIGN (0x4)

.cfmprotect     0x00000400        0x0
                0x00000400                . = ALIGN (0x4)
 *(.cfmconfig)
                0x00000400                . = ALIGN (0x4)

.text           0x00000410     0x3928
                0x00000410                . = ALIGN (0x4)
 *(.text)
 .text          0x00000410       0x54 c:/freescale/kds_v3/toolchain/bin/../lib/gcc/arm-none-eabi/4.8.4/armv7e-m/fpu/crtbegin.o
 .text          0x00000464       0x74 c:/freescale/kds_v3/toolchain/bin/../lib/gcc/arm-none-eabi/4.8.4/../../../../arm-none-eabi/lib/armv7e-m/fpu/crt0.o
                0x00000464                _start
                0x00000464                _mainCRTStartup
 *(.text*)
 .text.CPU_SetBASEPRI
                0x000004d8       0x18 ./Static_Code/System/CPU_Init.o
                0x000004d8                CPU_SetBASEPRI
 .text.__init_hardware
                0x000004f0       0xdc ./Static_Code/System/CPU_Init.o
                0x000004f0                __init_hardware
 .text.PE_low_level_init
                0x000005cc       0x14 ./Static_Code/System/CPU_Init.o
                0x000005cc                PE_low_level_init
 .text.CPU_GetClockGenMode
                0x000005e0       0x90 ./Static_Code/System/CPU_Init.o
                0x000005e0                CPU_GetClockGenMode
 .text.CPU_SetClockConfigGenMode
                0x00000670      0x54c ./Static_Code/System/CPU_Init.o
                0x00000670                CPU_SetClockConfigGenMode
 .text.CPU_GetClockConfiguration
                0x00000bbc       0x18 ./Static_Code/System/CPU_Init.o
                0x00000bbc                CPU_GetClockConfiguration
 .text.UnhandledInterrupt
                0x00000bd4       0x18 ./Static_Code/System/Vectors.o
                0x00000bd4                UnhandledInterrupt
 .text.Cpu_OnNMI
                0x00000bec        0xc ./Sources/Events.o
                0x00000bec                Cpu_OnNMI
 .text.SM1_OnBlockSent
                0x00000bf8       0x14 ./Sources/Events.o
                0x00000bf8                SM1_OnBlockSent
 .text.SM1_OnBlockReceived
                0x00000c0c       0x14 ./Sources/Events.o
                0x00000c0c                SM1_OnBlockReceived
 .text.main     0x00000c20      0x26c ./Sources/main.o
                0x00000c20                main
 .text.__copy_rom_section
                0x00000e8c       0xe4 ./Project_Settings/Startup_Code/startup.o
                0x00000e8c                __copy_rom_section
 .text.__copy_rom_sections_to_ram
                0x00000f70       0x9c ./Project_Settings/Startup_Code/startup.o
                0x00000f70                __copy_rom_sections_to_ram
 .text.__init_registers
                0x0000100c       0x20 ./Project_Settings/Startup_Code/startup.o
                0x0000100c                __init_registers
 .text.__init_user
                0x0000102c        0xc ./Project_Settings/Startup_Code/startup.o
                0x0000102c                __init_user
 .text.__thumb_startup
                0x00001038       0x34 ./Project_Settings/Startup_Code/startup.o
                0x00001038                __thumb_startup
 .text.CI2C1_Interrupt
                0x0000106c      0x288 ./Generated_Code/CI2C1.o
                0x0000106c                CI2C1_Interrupt
 .text.CI2C1_Init
                0x000012f4      0x130 ./Generated_Code/CI2C1.o
                0x000012f4                CI2C1_Init
 .text.CI2C1_MasterSendBlock
                0x00001424      0x198 ./Generated_Code/CI2C1.o
                0x00001424                CI2C1_MasterSendBlock
 .text.CI2C1_MasterReceiveBlock
                0x000015bc      0x194 ./Generated_Code/CI2C1.o
                0x000015bc                CI2C1_MasterReceiveBlock
 .text.CI2C1_SelectSlaveDevice
                0x00001750       0xfc ./Generated_Code/CI2C1.o
                0x00001750                CI2C1_SelectSlaveDevice
 .text.HWEnDi   0x0000184c       0x7c ./Generated_Code/CI2C1.o
 .text.CI2C1_SetClockConfiguration
                0x000018c8       0x48 ./Generated_Code/CI2C1.o
                0x000018c8                CI2C1_SetClockConfiguration
 .text.Common_Init
                0x00001910       0xc4 ./Generated_Code/Cpu.o
                0x00001910                Common_Init
 .text.Components_Init
                0x000019d4       0x18 ./Generated_Code/Cpu.o
                0x000019d4                Components_Init
 .text.Cpu_INT_NMIInterrupt
                0x000019ec       0x1c ./Generated_Code/Cpu.o
                0x000019ec                Cpu_INT_NMIInterrupt
 .text._read    0x00001a08       0x7c ./Generated_Code/CsIO1.o
                0x00001a08                _read
 .text._write   0x00001a84       0x74 ./Generated_Code/CsIO1.o
                0x00001a84                _write
 .text.FX1_Init
                0x00001af8       0x2c ./Generated_Code/FX1.o
                0x00001af8                FX1_Init
 .text.FX1_MeasureGetRawX
                0x00001b24       0x40 ./Generated_Code/FX1.o
                0x00001b24                FX1_MeasureGetRawX
 .text.FX1_MeasureGetRawY
                0x00001b64       0x40 ./Generated_Code/FX1.o
                0x00001b64                FX1_MeasureGetRawY
 .text.FX1_MeasureGetRawZ
                0x00001ba4       0x40 ./Generated_Code/FX1.o
                0x00001ba4                FX1_MeasureGetRawZ
 .text.FX1_GetX
                0x00001be4       0x34 ./Generated_Code/FX1.o
                0x00001be4                FX1_GetX
 .text.FX1_GetY
                0x00001c18       0x34 ./Generated_Code/FX1.o
                0x00001c18                FX1_GetY
 .text.FX1_GetZ
                0x00001c4c       0x34 ./Generated_Code/FX1.o
                0x00001c4c                FX1_GetZ
 .text.FX1_WhoAmI
                0x00001c80       0x1c ./Generated_Code/FX1.o
                0x00001c80                FX1_WhoAmI
 .text.FX1_GetTemperature
                0x00001c9c       0x38 ./Generated_Code/FX1.o
                0x00001c9c                FX1_GetTemperature
 .text.FX1_GetMagX
                0x00001cd4       0x44 ./Generated_Code/FX1.o
                0x00001cd4                FX1_GetMagX
 .text.FX1_GetMagY
                0x00001d18       0x44 ./Generated_Code/FX1.o
                0x00001d18                FX1_GetMagY
 .text.FX1_GetMagZ
                0x00001d5c       0x44 ./Generated_Code/FX1.o
                0x00001d5c                FX1_GetMagZ
 .text.FX1_WriteReg8
                0x00001da0       0x28 ./Generated_Code/FX1.o
                0x00001da0                FX1_WriteReg8
 .text.GI2C1_RequestBus
                0x00001dc8        0xc ./Generated_Code/GI2C1.o
                0x00001dc8                GI2C1_RequestBus
 .text.GI2C1_ReleaseBus
                0x00001dd4        0xc ./Generated_Code/GI2C1.o
                0x00001dd4                GI2C1_ReleaseBus
 .text.GI2C1_SelectSlave
                0x00001de0       0x3c ./Generated_Code/GI2C1.o
                0x00001de0                GI2C1_SelectSlave
 .text.GI2C1_UnselectSlave
                0x00001e1c       0x10 ./Generated_Code/GI2C1.o
                0x00001e1c                GI2C1_UnselectSlave
 .text.GI2C1_ReadAddressWait
                0x00001e2c       0xbc ./Generated_Code/GI2C1.o
                0x00001e2c                GI2C1_ReadAddressWait
 .text.GI2C1_ReadAddress
                0x00001ee8       0x34 ./Generated_Code/GI2C1.o
                0x00001ee8                GI2C1_ReadAddress
 .text.GI2C1_WriteAddress
                0x00001f1c       0xe0 ./Generated_Code/GI2C1.o
                0x00001f1c                GI2C1_WriteAddress
 .text.CI2C1_OnMasterBlockSent
                0x00001ffc       0x28 ./Generated_Code/GI2C1.o
                0x00001ffc                CI2C1_OnMasterBlockSent
 .text.CI2C1_OnMasterBlockReceived
                0x00002024       0x28 ./Generated_Code/GI2C1.o
                0x00002024                CI2C1_OnMasterBlockReceived
 .text.GI2C1_Init
                0x0000204c       0x20 ./Generated_Code/GI2C1.o
                0x0000204c                GI2C1_Init
 .text.GI2C1_ReadByteAddress8
                0x0000206c       0x30 ./Generated_Code/GI2C1.o
                0x0000206c                GI2C1_ReadByteAddress8
 .text.GI2C1_WriteByteAddress8
                0x0000209c       0x30 ./Generated_Code/GI2C1.o
                0x0000209c                GI2C1_WriteByteAddress8
 .text.IO1_Init
                0x000020cc      0x104 ./Generated_Code/IO1.o
                0x000020cc                IO1_Init
 .text.HWEnDi   0x000021d0       0x64 ./Generated_Code/IO1.o
 .text.IO1_SetClockConfiguration
                0x00002234       0xd0 ./Generated_Code/IO1.o
                0x00002234                IO1_SetClockConfiguration
 .text.MCUC1_Init
                0x00002304        0xc ./Generated_Code/MCUC1.o
                0x00002304                MCUC1_Init
 .text.SM1_Init
                0x00002310      0x150 ./Generated_Code/SM1.o
                0x00002310                SM1_Init
 .text.SM1_SendBlock
                0x00002460       0x9c ./Generated_Code/SM1.o
                0x00002460                SM1_SendBlock
 .text.SM1_Interrupt
                0x000024fc      0x124 ./Generated_Code/SM1.o
                0x000024fc                SM1_Interrupt
 .text.HWEnDi   0x00002620       0x8c ./Generated_Code/SM1.o
 .text.SM1_SetClockConfiguration
                0x000026ac       0x40 ./Generated_Code/SM1.o
                0x000026ac                SM1_SetClockConfiguration
 .text.WAIT1_Wait10Cycles
                0x000026ec        0x8 ./Generated_Code/WAIT1.o
                0x000026ec                WAIT1_Wait10Cycles
 .text.WAIT1_Wait100Cycles
                0x000026f4       0x28 ./Generated_Code/WAIT1.o
                0x000026f4                WAIT1_Wait100Cycles
 .text.WAIT1_WaitCycles
                0x0000271c       0x34 ./Generated_Code/WAIT1.o
                0x0000271c                WAIT1_WaitCycles
 .text.WAIT1_WaitLongCycles
                0x00002750       0x38 ./Generated_Code/WAIT1.o
                0x00002750                WAIT1_WaitLongCycles
 .text.WAIT1_Waitms
                0x00002788       0x2c ./Generated_Code/WAIT1.o
                0x00002788                WAIT1_Waitms
 .text.WAIT1_Init
                0x000027b4        0xc ./Generated_Code/WAIT1.o
                0x000027b4                WAIT1_Init
 .text.exit     0x000027c0       0x28 c:/freescale/kds_v3/toolchain/bin/../lib/gcc/arm-none-eabi/4.8.4/../../../../arm-none-eabi/lib/armv7e-m/fpu\libg_s.a(lib_a-exit.o)
                0x000027c0                exit
 .text.__libc_init_array
                0x000027e8       0x4c c:/freescale/kds_v3/toolchain/bin/../lib/gcc/arm-none-eabi/4.8.4/../../../../arm-none-eabi/lib/armv7e-m/fpu\libg_s.a(lib_a-init.o)
                0x000027e8                __libc_init_array
 .text.memset   0x00002834       0x10 c:/freescale/kds_v3/toolchain/bin/../lib/gcc/arm-none-eabi/4.8.4/../../../../arm-none-eabi/lib/armv7e-m/fpu\libg_s.a(lib_a-memset.o)
                0x00002834                memset
 .text.printf   0x00002844       0x30 c:/freescale/kds_v3/toolchain/bin/../lib/gcc/arm-none-eabi/4.8.4/../../../../arm-none-eabi/lib/armv7e-m/fpu\libg_s.a(lib_a-printf.o)
                0x00002844                iprintf
                0x00002844                printf
 .text._puts_r  0x00002874       0xc0 c:/freescale/kds_v3/toolchain/bin/../lib/gcc/arm-none-eabi/4.8.4/../../../../arm-none-eabi/lib/armv7e-m/fpu\libg_s.a(lib_a-puts.o)
                0x00002874                _puts_r
 .text.puts     0x00002934       0x10 c:/freescale/kds_v3/toolchain/bin/../lib/gcc/arm-none-eabi/4.8.4/../../../../arm-none-eabi/lib/armv7e-m/fpu\libg_s.a(lib_a-puts.o)
                0x00002934                puts
 .text.sprintf  0x00002944       0x48 c:/freescale/kds_v3/toolchain/bin/../lib/gcc/arm-none-eabi/4.8.4/../../../../arm-none-eabi/lib/armv7e-m/fpu\libg_s.a(lib_a-sprintf.o)
                0x00002944                siprintf
                0x00002944                sprintf
 .text.__ssputs_r
                0x0000298c       0xb8 c:/freescale/kds_v3/toolchain/bin/../lib/gcc/arm-none-eabi/4.8.4/../../../../arm-none-eabi/lib/armv7e-m/fpu\libg_s.a(lib_a-svfprintf.o)
                0x0000298c                __ssputs_r
 .text._svfprintf_r
                0x00002a44      0x1dc c:/freescale/kds_v3/toolchain/bin/../lib/gcc/arm-none-eabi/4.8.4/../../../../arm-none-eabi/lib/armv7e-m/fpu\libg_s.a(lib_a-svfprintf.o)
                0x00002a44                _svfiprintf_r
                0x00002a44                _svfprintf_r
 .text.__sfputc_r
                0x00002c20       0x2c c:/freescale/kds_v3/toolchain/bin/../lib/gcc/arm-none-eabi/4.8.4/../../../../arm-none-eabi/lib/armv7e-m/fpu\libg_s.a(lib_a-vfprintf.o)
 .text.__sfputs_r
                0x00002c4c       0x24 c:/freescale/kds_v3/toolchain/bin/../lib/gcc/arm-none-eabi/4.8.4/../../../../arm-none-eabi/lib/armv7e-m/fpu\libg_s.a(lib_a-vfprintf.o)
                0x00002c4c                __sfputs_r
 .text._vfprintf_r
                0x00002c70      0x208 c:/freescale/kds_v3/toolchain/bin/../lib/gcc/arm-none-eabi/4.8.4/../../../../arm-none-eabi/lib/armv7e-m/fpu\libg_s.a(lib_a-vfprintf.o)
                0x00002c70                _vfprintf_r
                0x00002c70                _vfiprintf_r
 .text._printf_common
                0x00002e78       0xe4 c:/freescale/kds_v3/toolchain/bin/../lib/gcc/arm-none-eabi/4.8.4/../../../../arm-none-eabi/lib/armv7e-m/fpu\libg_s.a(lib_a-vfprintf_i.o)
                0x00002e78                _printf_common
 .text._printf_i
                0x00002f5c      0x228 c:/freescale/kds_v3/toolchain/bin/../lib/gcc/arm-none-eabi/4.8.4/../../../../arm-none-eabi/lib/armv7e-m/fpu\libg_s.a(lib_a-vfprintf_i.o)
                0x00002f5c                _printf_i
 .text.__swbuf_r
                0x00003184       0xa8 c:/freescale/kds_v3/toolchain/bin/../lib/gcc/arm-none-eabi/4.8.4/../../../../arm-none-eabi/lib/armv7e-m/fpu\libg_s.a(lib_a-wbuf.o)
                0x00003184                __swbuf_r
 .text.__swsetup_r
                0x0000322c       0xdc c:/freescale/kds_v3/toolchain/bin/../lib/gcc/arm-none-eabi/4.8.4/../../../../arm-none-eabi/lib/armv7e-m/fpu\libg_s.a(lib_a-wsetup.o)
                0x0000322c                __swsetup_r
 .text.__sflush_r
                0x00003308      0x106 c:/freescale/kds_v3/toolchain/bin/../lib/gcc/arm-none-eabi/4.8.4/../../../../arm-none-eabi/lib/armv7e-m/fpu\libg_s.a(lib_a-fflush.o)
                0x00003308                __sflush_r
 *fill*         0x0000340e        0x2 
 .text._fflush_r
                0x00003410       0x54 c:/freescale/kds_v3/toolchain/bin/../lib/gcc/arm-none-eabi/4.8.4/../../../../arm-none-eabi/lib/armv7e-m/fpu\libg_s.a(lib_a-fflush.o)
                0x00003410                _fflush_r
 .text._cleanup_r
                0x00003464       0x32 c:/freescale/kds_v3/toolchain/bin/../lib/gcc/arm-none-eabi/4.8.4/../../../../arm-none-eabi/lib/armv7e-m/fpu\libg_s.a(lib_a-findfp.o)
                0x00003464                _cleanup_r
 *fill*         0x00003496        0x2 
 .text.std.isra.0
                0x00003498       0x48 c:/freescale/kds_v3/toolchain/bin/../lib/gcc/arm-none-eabi/4.8.4/../../../../arm-none-eabi/lib/armv7e-m/fpu\libg_s.a(lib_a-findfp.o)
 .text.__sfmoreglue
                0x000034e0       0x2c c:/freescale/kds_v3/toolchain/bin/../lib/gcc/arm-none-eabi/4.8.4/../../../../arm-none-eabi/lib/armv7e-m/fpu\libg_s.a(lib_a-findfp.o)
                0x000034e0                __sfmoreglue
 .text.__sinit  0x0000350c       0x60 c:/freescale/kds_v3/toolchain/bin/../lib/gcc/arm-none-eabi/4.8.4/../../../../arm-none-eabi/lib/armv7e-m/fpu\libg_s.a(lib_a-findfp.o)
                0x0000350c                __sinit
 .text.__sfp    0x0000356c       0x74 c:/freescale/kds_v3/toolchain/bin/../lib/gcc/arm-none-eabi/4.8.4/../../../../arm-none-eabi/lib/armv7e-m/fpu\libg_s.a(lib_a-findfp.o)
                0x0000356c                __sfp
 .text.__smakebuf_r
                0x000035e0       0x9c c:/freescale/kds_v3/toolchain/bin/../lib/gcc/arm-none-eabi/4.8.4/../../../../arm-none-eabi/lib/armv7e-m/fpu\libg_s.a(lib_a-makebuf.o)
                0x000035e0                __smakebuf_r
 .text.memchr   0x0000367c       0x1e c:/freescale/kds_v3/toolchain/bin/../lib/gcc/arm-none-eabi/4.8.4/../../../../arm-none-eabi/lib/armv7e-m/fpu\libg_s.a(lib_a-memchr-stub.o)
                0x0000367c                memchr
 .text.memcpy   0x0000369a       0x12 c:/freescale/kds_v3/toolchain/bin/../lib/gcc/arm-none-eabi/4.8.4/../../../../arm-none-eabi/lib/armv7e-m/fpu\libg_s.a(lib_a-memcpy-stub.o)
                0x0000369a                memcpy
 .text.memmove  0x000036ac       0x36 c:/freescale/kds_v3/toolchain/bin/../lib/gcc/arm-none-eabi/4.8.4/../../../../arm-none-eabi/lib/armv7e-m/fpu\libg_s.a(lib_a-memmove.o)
                0x000036ac                memmove
 *fill*         0x000036e2        0x2 
 .text._free_r  0x000036e4       0x88 c:/freescale/kds_v3/toolchain/bin/../lib/gcc/arm-none-eabi/4.8.4/../../../../arm-none-eabi/lib/armv7e-m/fpu\libg_s.a(lib_a-nano-freer.o)
                0x000036e4                _free_r
 .text._malloc_r
                0x0000376c       0xa8 c:/freescale/kds_v3/toolchain/bin/../lib/gcc/arm-none-eabi/4.8.4/../../../../arm-none-eabi/lib/armv7e-m/fpu\libg_s.a(lib_a-nano-mallocr.o)
                0x0000376c                _malloc_r
 .text._realloc_r
                0x00003814       0x4c c:/freescale/kds_v3/toolchain/bin/../lib/gcc/arm-none-eabi/4.8.4/../../../../arm-none-eabi/lib/armv7e-m/fpu\libg_s.a(lib_a-nano-reallocr.o)
                0x00003814                _realloc_r
 .text._sbrk_r  0x00003860       0x20 c:/freescale/kds_v3/toolchain/bin/../lib/gcc/arm-none-eabi/4.8.4/../../../../arm-none-eabi/lib/armv7e-m/fpu\libg_s.a(lib_a-sbrkr.o)
                0x00003860                _sbrk_r
 .text.__sread  0x00003880       0x22 c:/freescale/kds_v3/toolchain/bin/../lib/gcc/arm-none-eabi/4.8.4/../../../../arm-none-eabi/lib/armv7e-m/fpu\libg_s.a(lib_a-stdio.o)
                0x00003880                __sread
 .text.__swrite
                0x000038a2       0x38 c:/freescale/kds_v3/toolchain/bin/../lib/gcc/arm-none-eabi/4.8.4/../../../../arm-none-eabi/lib/armv7e-m/fpu\libg_s.a(lib_a-stdio.o)
                0x000038a2                __swrite
 .text.__sseek  0x000038da       0x24 c:/freescale/kds_v3/toolchain/bin/../lib/gcc/arm-none-eabi/4.8.4/../../../../arm-none-eabi/lib/armv7e-m/fpu\libg_s.a(lib_a-stdio.o)
                0x000038da                __sseek
 .text.__sclose
                0x000038fe        0x8 c:/freescale/kds_v3/toolchain/bin/../lib/gcc/arm-none-eabi/4.8.4/../../../../arm-none-eabi/lib/armv7e-m/fpu\libg_s.a(lib_a-stdio.o)
                0x000038fe                __sclose
 .text.strlen   0x00003906       0x10 c:/freescale/kds_v3/toolchain/bin/../lib/gcc/arm-none-eabi/4.8.4/../../../../arm-none-eabi/lib/armv7e-m/fpu\libg_s.a(lib_a-strlen.o)
                0x00003906                strlen
 *fill*         0x00003916        0x2 
 .text._write_r
                0x00003918       0x24 c:/freescale/kds_v3/toolchain/bin/../lib/gcc/arm-none-eabi/4.8.4/../../../../arm-none-eabi/lib/armv7e-m/fpu\libg_s.a(lib_a-writer.o)
                0x00003918                _write_r
 .text._close_r
                0x0000393c       0x20 c:/freescale/kds_v3/toolchain/bin/../lib/gcc/arm-none-eabi/4.8.4/../../../../arm-none-eabi/lib/armv7e-m/fpu\libg_s.a(lib_a-closer.o)
                0x0000393c                _close_r
 .text._fstat_r
                0x0000395c       0x24 c:/freescale/kds_v3/toolchain/bin/../lib/gcc/arm-none-eabi/4.8.4/../../../../arm-none-eabi/lib/armv7e-m/fpu\libg_s.a(lib_a-fstatr.o)
                0x0000395c                _fstat_r
 .text._isatty_r
                0x00003980       0x20 c:/freescale/kds_v3/toolchain/bin/../lib/gcc/arm-none-eabi/4.8.4/../../../../arm-none-eabi/lib/armv7e-m/fpu\libg_s.a(lib_a-isattyr.o)
                0x00003980                _isatty_r
 .text._lseek_r
                0x000039a0       0x24 c:/freescale/kds_v3/toolchain/bin/../lib/gcc/arm-none-eabi/4.8.4/../../../../arm-none-eabi/lib/armv7e-m/fpu\libg_s.a(lib_a-lseekr.o)
                0x000039a0                _lseek_r
 .text._malloc_usable_size_r
                0x000039c4       0x12 c:/freescale/kds_v3/toolchain/bin/../lib/gcc/arm-none-eabi/4.8.4/../../../../arm-none-eabi/lib/armv7e-m/fpu\libg_s.a(lib_a-nano-msizer.o)
                0x000039c4                _malloc_usable_size_r
 *fill*         0x000039d6        0x2 
 .text._read_r  0x000039d8       0x24 c:/freescale/kds_v3/toolchain/bin/../lib/gcc/arm-none-eabi/4.8.4/../../../../arm-none-eabi/lib/armv7e-m/fpu\libg_s.a(lib_a-readr.o)
                0x000039d8                _read_r
 .text._close   0x000039fc       0x10 c:/freescale/kds_v3/toolchain/bin/../lib/gcc/arm-none-eabi/4.8.4/../../../../arm-none-eabi/lib/armv7e-m/fpu\libnosys.a(close.o)
                0x000039fc                _close
 .text._fstat   0x00003a0c       0x10 c:/freescale/kds_v3/toolchain/bin/../lib/gcc/arm-none-eabi/4.8.4/../../../../arm-none-eabi/lib/armv7e-m/fpu\libnosys.a(fstat.o)
                0x00003a0c                _fstat
 .text._isatty  0x00003a1c       0x10 c:/freescale/kds_v3/toolchain/bin/../lib/gcc/arm-none-eabi/4.8.4/../../../../arm-none-eabi/lib/armv7e-m/fpu\libnosys.a(isatty.o)
                0x00003a1c                _isatty
 .text._lseek   0x00003a2c       0x10 c:/freescale/kds_v3/toolchain/bin/../lib/gcc/arm-none-eabi/4.8.4/../../../../arm-none-eabi/lib/armv7e-m/fpu\libnosys.a(lseek.o)
                0x00003a2c                _lseek
 .text._sbrk    0x00003a3c       0x34 c:/freescale/kds_v3/toolchain/bin/../lib/gcc/arm-none-eabi/4.8.4/../../../../arm-none-eabi/lib/armv7e-m/fpu\libnosys.a(sbrk.o)
                0x00003a3c                _sbrk
 .text._exit    0x00003a70        0x4 c:/freescale/kds_v3/toolchain/bin/../lib/gcc/arm-none-eabi/4.8.4/../../../../arm-none-eabi/lib/armv7e-m/fpu\libnosys.a(_exit.o)
                0x00003a70                _exit
 *(.rodata)
 .rodata        0x00003a74       0xd8 ./Sources/main.o
 *(.rodata*)
 .rodata.ClockGenModeMatrix
                0x00003b4c       0x80 ./Static_Code/System/CPU_Init.o
 .rodata.CPU_ClockConfigDescriptors
                0x00003bcc       0x54 ./Static_Code/System/CPU_Init.o
 .rodata.CPU_DefaultFEI
                0x00003c20        0x8 ./Static_Code/System/CPU_Init.o
 .rodata.CPU_DefaultFBI
                0x00003c28        0x8 ./Static_Code/System/CPU_Init.o
 .rodata.CPU_DefaultBLPI
                0x00003c30        0x8 ./Static_Code/System/CPU_Init.o
 .rodata.CPU_DefaultFEE
                0x00003c38        0x8 ./Static_Code/System/CPU_Init.o
 .rodata.CPU_DefaultFBE
                0x00003c40        0x8 ./Static_Code/System/CPU_Init.o
 .rodata.CPU_DefaultBLPE
                0x00003c48        0x8 ./Static_Code/System/CPU_Init.o
 .rodata.CPU_DefaultPBE
                0x00003c50        0x8 ./Static_Code/System/CPU_Init.o
 .rodata.CPU_DefaultPEE
                0x00003c58        0x8 ./Static_Code/System/CPU_Init.o
 .rodata.CPU_ClockGenModeRegs
                0x00003c60       0x20 ./Static_Code/System/CPU_Init.o
 .rodata.addr.6525
                0x00003c80        0x1 ./Generated_Code/FX1.o
 .rodata.addr.6533
                0x00003c81        0x1 ./Generated_Code/FX1.o
 .rodata.addr.6541
                0x00003c82        0x1 ./Generated_Code/FX1.o
 .rodata.addr.6606
                0x00003c83        0x1 ./Generated_Code/FX1.o
 .rodata.addr.6614
                0x00003c84        0x1 ./Generated_Code/FX1.o
 .rodata.addr.6622
                0x00003c85        0x1 ./Generated_Code/FX1.o
 .rodata.str1.1
                0x00003c86        0x2 c:/freescale/kds_v3/toolchain/bin/../lib/gcc/arm-none-eabi/4.8.4/../../../../arm-none-eabi/lib/armv7e-m/fpu\libg_s.a(lib_a-impure.o)
 .rodata._global_impure_ptr
                0x00003c88        0x4 c:/freescale/kds_v3/toolchain/bin/../lib/gcc/arm-none-eabi/4.8.4/../../../../arm-none-eabi/lib/armv7e-m/fpu\libg_s.a(lib_a-impure.o)
                0x00003c88                _global_impure_ptr
 .rodata.str1.1
                0x00003c8c       0x11 c:/freescale/kds_v3/toolchain/bin/../lib/gcc/arm-none-eabi/4.8.4/../../../../arm-none-eabi/lib/armv7e-m/fpu\libg_s.a(lib_a-svfprintf.o)
 .rodata.str1.1
                0x00000000       0x11 c:/freescale/kds_v3/toolchain/bin/../lib/gcc/arm-none-eabi/4.8.4/../../../../arm-none-eabi/lib/armv7e-m/fpu\libg_s.a(lib_a-vfprintf.o)
 .rodata.str1.1
                0x00003c9d       0x22 c:/freescale/kds_v3/toolchain/bin/../lib/gcc/arm-none-eabi/4.8.4/../../../../arm-none-eabi/lib/armv7e-m/fpu\libg_s.a(lib_a-vfprintf_i.o)
 *fill*         0x00003cbf        0x1 
 .rodata.__sf_fake_stdin
                0x00003cc0       0x20 c:/freescale/kds_v3/toolchain/bin/../lib/gcc/arm-none-eabi/4.8.4/../../../../arm-none-eabi/lib/armv7e-m/fpu\libg_s.a(lib_a-findfp.o)
                0x00003cc0                __sf_fake_stdin
 .rodata.__sf_fake_stdout
                0x00003ce0       0x20 c:/freescale/kds_v3/toolchain/bin/../lib/gcc/arm-none-eabi/4.8.4/../../../../arm-none-eabi/lib/armv7e-m/fpu\libg_s.a(lib_a-findfp.o)
                0x00003ce0                __sf_fake_stdout
 .rodata.__sf_fake_stderr
                0x00003d00       0x20 c:/freescale/kds_v3/toolchain/bin/../lib/gcc/arm-none-eabi/4.8.4/../../../../arm-none-eabi/lib/armv7e-m/fpu\libg_s.a(lib_a-findfp.o)
                0x00003d00                __sf_fake_stderr
 *(.glue_7)
 .glue_7        0x00000000        0x0 linker stubs
 *(.glue_7t)
 .glue_7t       0x00000000        0x0 linker stubs
 *(.eh_frame)
 .eh_frame      0x00003d20        0x0 c:/freescale/kds_v3/toolchain/bin/../lib/gcc/arm-none-eabi/4.8.4/armv7e-m/fpu/crtbegin.o
 *(.init)
 .init          0x00003d20        0x4 c:/freescale/kds_v3/toolchain/bin/../lib/gcc/arm-none-eabi/4.8.4/armv7e-m/fpu/crti.o
                0x00003d20                _init
 .init          0x00003d24        0x8 c:/freescale/kds_v3/toolchain/bin/../lib/gcc/arm-none-eabi/4.8.4/armv7e-m/fpu/crtn.o
 *(.fini)
 .fini          0x00003d2c        0x4 c:/freescale/kds_v3/toolchain/bin/../lib/gcc/arm-none-eabi/4.8.4/armv7e-m/fpu/crti.o
                0x00003d2c                _fini
 .fini          0x00003d30        0x8 c:/freescale/kds_v3/toolchain/bin/../lib/gcc/arm-none-eabi/4.8.4/armv7e-m/fpu/crtn.o
                0x00003d38                . = ALIGN (0x4)
                0x00003d38                _etext = .

.vfp11_veneer   0x00003d38        0x0
 .vfp11_veneer  0x00000000        0x0 linker stubs

.v4_bx          0x00003d38        0x0
 .v4_bx         0x00000000        0x0 linker stubs

.iplt           0x00003d38        0x0
 .iplt          0x00000000        0x0 c:/freescale/kds_v3/toolchain/bin/../lib/gcc/arm-none-eabi/4.8.4/armv7e-m/fpu/crtbegin.o

.ARM.extab
 *(.ARM.extab* .gnu.linkonce.armextab.*)

.ARM            0x00003d38        0x8
                0x00003d38                __exidx_start = .
 *(.ARM.exidx*)
 .ARM.exidx     0x00003d38        0x8 c:/freescale/kds_v3/toolchain/bin/../lib/gcc/arm-none-eabi/4.8.4/../../../../arm-none-eabi/lib/armv7e-m/fpu/crt0.o
                0x00003d40                __exidx_end = .

.rel.dyn        0x00003d40        0x0
 .rel.iplt      0x00000000        0x0 c:/freescale/kds_v3/toolchain/bin/../lib/gcc/arm-none-eabi/4.8.4/armv7e-m/fpu/crtbegin.o

.ctors          0x00003d40        0x0
                0x00003d40                __CTOR_LIST__ = .
 *crtbegin.o(.ctors)
 *(EXCLUDE_FILE(*crtend.o) .ctors)
 *(SORT(.ctors.*))
 *(.ctors)
                0x00003d40                __CTOR_END__ = .

.dtors          0x00003d40        0x0
                0x00003d40                __DTOR_LIST__ = .
 *crtbegin.o(.dtors)
 *(EXCLUDE_FILE(*crtend.o) .dtors)
 *(SORT(.dtors.*))
 *(.dtors)
                0x00003d40                __DTOR_END__ = .

.preinit_array  0x00003d40        0x0
                0x00003d40                PROVIDE (__preinit_array_start, .)
 *(.preinit_array*)
                0x00003d40                PROVIDE (__preinit_array_end, .)

.init_array     0x00003d40        0x4
                0x00003d40                PROVIDE (__init_array_start, .)
 *(SORT(.init_array.*))
 *(.init_array*)
 .init_array    0x00003d40        0x4 c:/freescale/kds_v3/toolchain/bin/../lib/gcc/arm-none-eabi/4.8.4/armv7e-m/fpu/crtbegin.o
                0x00003d44                PROVIDE (__init_array_end, .)

.fini_array     0x00003d44        0x4
                0x00003d44                PROVIDE (__fini_array_start, .)
 *(SORT(.fini_array.*))
 *(.fini_array*)
 .fini_array    0x00003d44        0x4 c:/freescale/kds_v3/toolchain/bin/../lib/gcc/arm-none-eabi/4.8.4/armv7e-m/fpu/crtbegin.o
                0x00003d48                PROVIDE (__fini_array_end, .)
                0x00003d48                ___ROM_AT = .

.data           0x20000000       0x64 load address 0x00003d48
                0x20000000                . = ALIGN (0x4)
                0x20000000                _sdata = .
 *(.data)
 *(.data*)
 .data.impure_data
                0x20000000       0x60 c:/freescale/kds_v3/toolchain/bin/../lib/gcc/arm-none-eabi/4.8.4/../../../../arm-none-eabi/lib/armv7e-m/fpu\libg_s.a(lib_a-impure.o)
 .data._impure_ptr
                0x20000060        0x4 c:/freescale/kds_v3/toolchain/bin/../lib/gcc/arm-none-eabi/4.8.4/../../../../arm-none-eabi/lib/armv7e-m/fpu\libg_s.a(lib_a-impure.o)
                0x20000060                _impure_ptr
                0x20000064                . = ALIGN (0x4)
                0x20000064                _edata = .
                0x00000064                ___data_size = (_edata - _sdata)
                0x00003dac                ___m_data_1FFF0000_ROMStart = (___ROM_AT + SIZEOF (.data))

.jcr            0x20000064        0x0 load address 0x00003dac
 .jcr           0x20000064        0x0 c:/freescale/kds_v3/toolchain/bin/../lib/gcc/arm-none-eabi/4.8.4/armv7e-m/fpu/crtbegin.o

.igot.plt       0x20000064        0x0 load address 0x00003dac
 .igot.plt      0x00000000        0x0 c:/freescale/kds_v3/toolchain/bin/../lib/gcc/arm-none-eabi/4.8.4/armv7e-m/fpu/crtbegin.o

.m_data_1FFF0000
                0x1fff0000        0x0 load address 0x00003dac
                0x1fff0000                . = ALIGN (0x4)
                0x1fff0000                ___m_data_1FFF0000_RAMStart = .
 *(.m_data_1FFF0000)
                0x1fff0000                ___m_data_1FFF0000_RAMEnd = .
                0x1fff0000                . = ALIGN (0x4)
                0x00000000                ___m_data_1FFF0000_ROMSize = (___m_data_1FFF0000_RAMEnd - ___m_data_1FFF0000_RAMStart)
                0x1fff0000                . = ALIGN (0x4)

.bss            0x20000064      0x2cc load address 0x00003dac
                0x20000064                __START_BSS = .
                0x20000064                PROVIDE (__bss_start__, __START_BSS)
 *(.bss)
 .bss           0x20000064       0x1c c:/freescale/kds_v3/toolchain/bin/../lib/gcc/arm-none-eabi/4.8.4/armv7e-m/fpu/crtbegin.o
 *(.bss*)
 .bss.SR_lock   0x20000080        0x1 ./Static_Code/System/CPU_Init.o
                0x20000080                SR_lock
 .bss.ClockConfigurationID
                0x20000081        0x1 ./Static_Code/System/CPU_Init.o
                0x20000081                ClockConfigurationID
 *fill*         0x20000082        0x2 
 .bss.DeviceDataPrv__DEFAULT_RTOS_ALLOC
                0x20000084       0x18 ./Generated_Code/CI2C1.o
 .bss.INT_I2C0__DEFAULT_RTOS_ISRPARAM
                0x2000009c        0x4 ./Generated_Code/CI2C1.o
 .bss.sCalValues
                0x200000a0        0x8 ./Generated_Code/FX1.o
 .bss.GI2C1_deviceData
                0x200000a8        0x8 ./Generated_Code/GI2C1.o
 .bss.writeBuf.6459
                0x200000b0       0x20 ./Generated_Code/GI2C1.o
 .bss.DeviceDataPrv__DEFAULT_RTOS_ALLOC
                0x200000d0       0x18 ./Generated_Code/IO1.o
 .bss.PE_LDD_DeviceDataList
                0x200000e8        0xc ./Generated_Code/PE_LDD.o
                0x200000e8                PE_LDD_DeviceDataList
 .bss.DeviceDataPrv__DEFAULT_RTOS_ALLOC
                0x200000f4       0x24 ./Generated_Code/SM1.o
 .bss.INT_SPI0__DEFAULT_RTOS_ISRPARAM
                0x20000118        0x4 ./Generated_Code/SM1.o
 .bss.__malloc_sbrk_start
                0x2000011c        0x4 c:/freescale/kds_v3/toolchain/bin/../lib/gcc/arm-none-eabi/4.8.4/../../../../arm-none-eabi/lib/armv7e-m/fpu\libg_s.a(lib_a-nano-mallocr.o)
                0x2000011c                __malloc_sbrk_start
 .bss.__malloc_free_list
                0x20000120        0x4 c:/freescale/kds_v3/toolchain/bin/../lib/gcc/arm-none-eabi/4.8.4/../../../../arm-none-eabi/lib/armv7e-m/fpu\libg_s.a(lib_a-nano-mallocr.o)
                0x20000120                __malloc_free_list
 .bss.heap_end.4246
                0x20000124        0x4 c:/freescale/kds_v3/toolchain/bin/../lib/gcc/arm-none-eabi/4.8.4/../../../../arm-none-eabi/lib/armv7e-m/fpu\libnosys.a(sbrk.o)
 *(COMMON)
 COMMON         0x20000128        0x1 ./Static_Code/System/CPU_Init.o
                0x20000128                SR_reg
 *fill*         0x20000129        0x3 
 COMMON         0x2000012c      0x200 ./Sources/main.o
                0x2000012c                write
 COMMON         0x2000032c        0x4 c:/freescale/kds_v3/toolchain/bin/../lib/gcc/arm-none-eabi/4.8.4/../../../../arm-none-eabi/lib/armv7e-m/fpu\libg_s.a(lib_a-reent.o)
                0x2000032c                errno
                0x20000330                . = ALIGN (0x4)
                0x20000330                __END_BSS = .
                0x20000330                PROVIDE (__bss_end__, __END_BSS)
                0x00003dac                _romp_at = ((___ROM_AT + SIZEOF (.data)) + SIZEOF (.m_data_1FFF0000))

.romp           0x20000330       0x24 load address 0x00003dac
                0x00003dac                __S_romp = _romp_at
                0x20000330        0x4 LONG 0x3d48 ___ROM_AT
                0x20000334        0x4 LONG 0x20000000 _sdata
                0x20000338        0x4 LONG 0x64 ___data_size
                0x2000033c        0x4 LONG 0x3dac ___m_data_1FFF0000_ROMStart
                0x20000340        0x4 LONG 0x1fff0000 ___m_data_1FFF0000_RAMStart
                0x20000344        0x4 LONG 0x0 ___m_data_1FFF0000_ROMSize
                0x20000348        0x4 LONG 0x0
                0x2000034c        0x4 LONG 0x0
                0x20000350        0x4 LONG 0x0
                0x00100000                text_end = (ORIGIN (m_text) + 0xffbf0)
                0x00003dd0                data_init_end = ((___m_data_1FFF0000_ROMStart + SIZEOF (.m_data_1FFF0000)) + SIZEOF (.romp))
                0x00000001                ASSERT ((data_init_end <= text_end), region m_text overflowed with text and data)

._user_heap_stack
                0x20000354      0x400 load address 0x00003dd0
                0x20000354                . = ALIGN (0x4)
                0x20000354                PROVIDE (end, .)
                0x20000354                PROVIDE (_end, .)
                0x20000354                PROVIDE (__end__, .)
                0x20000354                __heap_addr = .
                0x20000354                __HeapBase = .
                0x20000354                . = (. + __heap_size)
                0x20000354                __HeapLimit = .
                0x20000754                . = (. + __stack_size)
 *fill*         0x20000354      0x400 
                0x20000754                . = ALIGN (0x4)

.ARM.attributes
                0x00000000       0x30
 *(.ARM.attributes)
 .ARM.attributes
                0x00000000       0x22 c:/freescale/kds_v3/toolchain/bin/../lib/gcc/arm-none-eabi/4.8.4/armv7e-m/fpu/crti.o
 .ARM.attributes
                0x00000022       0x34 c:/freescale/kds_v3/toolchain/bin/../lib/gcc/arm-none-eabi/4.8.4/armv7e-m/fpu/crtbegin.o
 .ARM.attributes
                0x00000056       0x20 c:/freescale/kds_v3/toolchain/bin/../lib/gcc/arm-none-eabi/4.8.4/../../../../arm-none-eabi/lib/armv7e-m/fpu/crt0.o
 .ARM.attributes
                0x00000076       0x39 ./Static_Code/System/CPU_Init.o
 .ARM.attributes
                0x000000af       0x39 ./Static_Code/System/Vectors.o
 .ARM.attributes
                0x000000e8       0x39 ./Sources/Events.o
 .ARM.attributes
                0x00000121       0x39 ./Sources/main.o
 .ARM.attributes
                0x0000015a       0x39 ./Project_Settings/Startup_Code/startup.o
 .ARM.attributes
                0x00000193       0x39 ./Generated_Code/CI2C1.o
 .ARM.attributes
                0x000001cc       0x39 ./Generated_Code/Cpu.o
 .ARM.attributes
                0x00000205       0x39 ./Generated_Code/CsIO1.o
 .ARM.attributes
                0x0000023e       0x39 ./Generated_Code/FX1.o
 .ARM.attributes
                0x00000277       0x39 ./Generated_Code/GI2C1.o
 .ARM.attributes
                0x000002b0       0x39 ./Generated_Code/IO1.o
 .ARM.attributes
                0x000002e9       0x39 ./Generated_Code/MCUC1.o
 .ARM.attributes
                0x00000322       0x39 ./Generated_Code/PE_LDD.o
 .ARM.attributes
                0x0000035b       0x39 ./Generated_Code/SM1.o
 .ARM.attributes
                0x00000394       0x39 ./Generated_Code/WAIT1.o
 .ARM.attributes
                0x000003cd       0x34 c:/freescale/kds_v3/toolchain/bin/../lib/gcc/arm-none-eabi/4.8.4/../../../../arm-none-eabi/lib/armv7e-m/fpu\libg_s.a(lib_a-exit.o)
 .ARM.attributes
                0x00000401       0x34 c:/freescale/kds_v3/toolchain/bin/../lib/gcc/arm-none-eabi/4.8.4/../../../../arm-none-eabi/lib/armv7e-m/fpu\libg_s.a(lib_a-impure.o)
 .ARM.attributes
                0x00000435       0x34 c:/freescale/kds_v3/toolchain/bin/../lib/gcc/arm-none-eabi/4.8.4/../../../../arm-none-eabi/lib/armv7e-m/fpu\libg_s.a(lib_a-init.o)
 .ARM.attributes
                0x00000469       0x34 c:/freescale/kds_v3/toolchain/bin/../lib/gcc/arm-none-eabi/4.8.4/../../../../arm-none-eabi/lib/armv7e-m/fpu\libg_s.a(lib_a-memset.o)
 .ARM.attributes
                0x0000049d       0x34 c:/freescale/kds_v3/toolchain/bin/../lib/gcc/arm-none-eabi/4.8.4/../../../../arm-none-eabi/lib/armv7e-m/fpu\libg_s.a(lib_a-printf.o)
 .ARM.attributes
                0x000004d1       0x34 c:/freescale/kds_v3/toolchain/bin/../lib/gcc/arm-none-eabi/4.8.4/../../../../arm-none-eabi/lib/armv7e-m/fpu\libg_s.a(lib_a-puts.o)
 .ARM.attributes
                0x00000505       0x34 c:/freescale/kds_v3/toolchain/bin/../lib/gcc/arm-none-eabi/4.8.4/../../../../arm-none-eabi/lib/armv7e-m/fpu\libg_s.a(lib_a-sprintf.o)
 .ARM.attributes
                0x00000539       0x34 c:/freescale/kds_v3/toolchain/bin/../lib/gcc/arm-none-eabi/4.8.4/../../../../arm-none-eabi/lib/armv7e-m/fpu\libg_s.a(lib_a-svfprintf.o)
 .ARM.attributes
                0x0000056d       0x34 c:/freescale/kds_v3/toolchain/bin/../lib/gcc/arm-none-eabi/4.8.4/../../../../arm-none-eabi/lib/armv7e-m/fpu\libg_s.a(lib_a-vfprintf.o)
 .ARM.attributes
                0x000005a1       0x34 c:/freescale/kds_v3/toolchain/bin/../lib/gcc/arm-none-eabi/4.8.4/../../../../arm-none-eabi/lib/armv7e-m/fpu\libg_s.a(lib_a-vfprintf_i.o)
 .ARM.attributes
                0x000005d5       0x34 c:/freescale/kds_v3/toolchain/bin/../lib/gcc/arm-none-eabi/4.8.4/../../../../arm-none-eabi/lib/armv7e-m/fpu\libg_s.a(lib_a-wbuf.o)
 .ARM.attributes
                0x00000609       0x34 c:/freescale/kds_v3/toolchain/bin/../lib/gcc/arm-none-eabi/4.8.4/../../../../arm-none-eabi/lib/armv7e-m/fpu\libg_s.a(lib_a-wsetup.o)
 .ARM.attributes
                0x0000063d       0x34 c:/freescale/kds_v3/toolchain/bin/../lib/gcc/arm-none-eabi/4.8.4/../../../../arm-none-eabi/lib/armv7e-m/fpu\libg_s.a(lib_a-fflush.o)
 .ARM.attributes
                0x00000671       0x34 c:/freescale/kds_v3/toolchain/bin/../lib/gcc/arm-none-eabi/4.8.4/../../../../arm-none-eabi/lib/armv7e-m/fpu\libg_s.a(lib_a-findfp.o)
 .ARM.attributes
                0x000006a5       0x34 c:/freescale/kds_v3/toolchain/bin/../lib/gcc/arm-none-eabi/4.8.4/../../../../arm-none-eabi/lib/armv7e-m/fpu\libg_s.a(lib_a-makebuf.o)
 .ARM.attributes
                0x000006d9       0x34 c:/freescale/kds_v3/toolchain/bin/../lib/gcc/arm-none-eabi/4.8.4/../../../../arm-none-eabi/lib/armv7e-m/fpu\libg_s.a(lib_a-memchr-stub.o)
 .ARM.attributes
                0x0000070d       0x34 c:/freescale/kds_v3/toolchain/bin/../lib/gcc/arm-none-eabi/4.8.4/../../../../arm-none-eabi/lib/armv7e-m/fpu\libg_s.a(lib_a-memcpy-stub.o)
 .ARM.attributes
                0x00000741       0x34 c:/freescale/kds_v3/toolchain/bin/../lib/gcc/arm-none-eabi/4.8.4/../../../../arm-none-eabi/lib/armv7e-m/fpu\libg_s.a(lib_a-memmove.o)
 .ARM.attributes
                0x00000775       0x34 c:/freescale/kds_v3/toolchain/bin/../lib/gcc/arm-none-eabi/4.8.4/../../../../arm-none-eabi/lib/armv7e-m/fpu\libg_s.a(lib_a-nano-freer.o)
 .ARM.attributes
                0x000007a9       0x34 c:/freescale/kds_v3/toolchain/bin/../lib/gcc/arm-none-eabi/4.8.4/../../../../arm-none-eabi/lib/armv7e-m/fpu\libg_s.a(lib_a-nano-mallocr.o)
 .ARM.attributes
                0x000007dd       0x34 c:/freescale/kds_v3/toolchain/bin/../lib/gcc/arm-none-eabi/4.8.4/../../../../arm-none-eabi/lib/armv7e-m/fpu\libg_s.a(lib_a-nano-reallocr.o)
 .ARM.attributes
                0x00000811       0x34 c:/freescale/kds_v3/toolchain/bin/../lib/gcc/arm-none-eabi/4.8.4/../../../../arm-none-eabi/lib/armv7e-m/fpu\libg_s.a(lib_a-sbrkr.o)
 .ARM.attributes
                0x00000845       0x34 c:/freescale/kds_v3/toolchain/bin/../lib/gcc/arm-none-eabi/4.8.4/../../../../arm-none-eabi/lib/armv7e-m/fpu\libg_s.a(lib_a-stdio.o)
 .ARM.attributes
                0x00000879       0x34 c:/freescale/kds_v3/toolchain/bin/../lib/gcc/arm-none-eabi/4.8.4/../../../../arm-none-eabi/lib/armv7e-m/fpu\libg_s.a(lib_a-strlen.o)
 .ARM.attributes
                0x000008ad       0x34 c:/freescale/kds_v3/toolchain/bin/../lib/gcc/arm-none-eabi/4.8.4/../../../../arm-none-eabi/lib/armv7e-m/fpu\libg_s.a(lib_a-writer.o)
 .ARM.attributes
                0x000008e1       0x34 c:/freescale/kds_v3/toolchain/bin/../lib/gcc/arm-none-eabi/4.8.4/../../../../arm-none-eabi/lib/armv7e-m/fpu\libg_s.a(lib_a-closer.o)
 .ARM.attributes
                0x00000915       0x34 c:/freescale/kds_v3/toolchain/bin/../lib/gcc/arm-none-eabi/4.8.4/../../../../arm-none-eabi/lib/armv7e-m/fpu\libg_s.a(lib_a-fstatr.o)
 .ARM.attributes
                0x00000949       0x34 c:/freescale/kds_v3/toolchain/bin/../lib/gcc/arm-none-eabi/4.8.4/../../../../arm-none-eabi/lib/armv7e-m/fpu\libg_s.a(lib_a-isattyr.o)
 .ARM.attributes
                0x0000097d       0x34 c:/freescale/kds_v3/toolchain/bin/../lib/gcc/arm-none-eabi/4.8.4/../../../../arm-none-eabi/lib/armv7e-m/fpu\libg_s.a(lib_a-lseekr.o)
 .ARM.attributes
                0x000009b1       0x34 c:/freescale/kds_v3/toolchain/bin/../lib/gcc/arm-none-eabi/4.8.4/../../../../arm-none-eabi/lib/armv7e-m/fpu\libg_s.a(lib_a-nano-msizer.o)
 .ARM.attributes
                0x000009e5       0x34 c:/freescale/kds_v3/toolchain/bin/../lib/gcc/arm-none-eabi/4.8.4/../../../../arm-none-eabi/lib/armv7e-m/fpu\libg_s.a(lib_a-readr.o)
 .ARM.attributes
                0x00000a19       0x34 c:/freescale/kds_v3/toolchain/bin/../lib/gcc/arm-none-eabi/4.8.4/../../../../arm-none-eabi/lib/armv7e-m/fpu\libg_s.a(lib_a-reent.o)
 .ARM.attributes
                0x00000a4d       0x34 c:/freescale/kds_v3/toolchain/bin/../lib/gcc/arm-none-eabi/4.8.4/../../../../arm-none-eabi/lib/armv7e-m/fpu\libnosys.a(close.o)
 .ARM.attributes
                0x00000a81       0x34 c:/freescale/kds_v3/toolchain/bin/../lib/gcc/arm-none-eabi/4.8.4/../../../../arm-none-eabi/lib/armv7e-m/fpu\libnosys.a(fstat.o)
 .ARM.attributes
                0x00000ab5       0x34 c:/freescale/kds_v3/toolchain/bin/../lib/gcc/arm-none-eabi/4.8.4/../../../../arm-none-eabi/lib/armv7e-m/fpu\libnosys.a(isatty.o)
 .ARM.attributes
                0x00000ae9       0x34 c:/freescale/kds_v3/toolchain/bin/../lib/gcc/arm-none-eabi/4.8.4/../../../../arm-none-eabi/lib/armv7e-m/fpu\libnosys.a(lseek.o)
 .ARM.attributes
                0x00000b1d       0x34 c:/freescale/kds_v3/toolchain/bin/../lib/gcc/arm-none-eabi/4.8.4/../../../../arm-none-eabi/lib/armv7e-m/fpu\libnosys.a(sbrk.o)
 .ARM.attributes
                0x00000b51       0x34 c:/freescale/kds_v3/toolchain/bin/../lib/gcc/arm-none-eabi/4.8.4/../../../../arm-none-eabi/lib/armv7e-m/fpu\libnosys.a(_exit.o)
 .ARM.attributes
                0x00000b85       0x22 c:/freescale/kds_v3/toolchain/bin/../lib/gcc/arm-none-eabi/4.8.4/armv7e-m/fpu/crtn.o
OUTPUT(Lab_6_1.elf elf32-littlearm)

.debug_info     0x00000000     0x51e0
 .debug_info    0x00000000      0xbe5 ./Static_Code/System/CPU_Init.o
 .debug_info    0x00000be5      0x826 ./Static_Code/System/Vectors.o
 .debug_info    0x0000140b       0xe7 ./Sources/Events.o
 .debug_info    0x000014f2      0x4c8 ./Sources/main.o
 .debug_info    0x000019ba      0x3b0 ./Project_Settings/Startup_Code/startup.o
 .debug_info    0x00001d6a      0x93d ./Generated_Code/CI2C1.o
 .debug_info    0x000026a7      0x36e ./Generated_Code/Cpu.o
 .debug_info    0x00002a15      0x329 ./Generated_Code/CsIO1.o
 .debug_info    0x00002d3e      0x89b ./Generated_Code/FX1.o
 .debug_info    0x000035d9      0x75d ./Generated_Code/GI2C1.o
 .debug_info    0x00003d36      0x753 ./Generated_Code/IO1.o
 .debug_info    0x00004489       0xa7 ./Generated_Code/MCUC1.o
 .debug_info    0x00004530      0x251 ./Generated_Code/PE_LDD.o
 .debug_info    0x00004781      0x8ec ./Generated_Code/SM1.o
 .debug_info    0x0000506d      0x173 ./Generated_Code/WAIT1.o

.debug_abbrev   0x00000000     0x1368
 .debug_abbrev  0x00000000      0x1db ./Static_Code/System/CPU_Init.o
 .debug_abbrev  0x000001db       0xd8 ./Static_Code/System/Vectors.o
 .debug_abbrev  0x000002b3       0x9a ./Sources/Events.o
 .debug_abbrev  0x0000034d      0x120 ./Sources/main.o
 .debug_abbrev  0x0000046d      0x189 ./Project_Settings/Startup_Code/startup.o
 .debug_abbrev  0x000005f6      0x1f3 ./Generated_Code/CI2C1.o
 .debug_abbrev  0x000007e9       0xed ./Generated_Code/Cpu.o
 .debug_abbrev  0x000008d6      0x121 ./Generated_Code/CsIO1.o
 .debug_abbrev  0x000009f7      0x1b5 ./Generated_Code/FX1.o
 .debug_abbrev  0x00000bac      0x1eb ./Generated_Code/GI2C1.o
 .debug_abbrev  0x00000d97      0x1bf ./Generated_Code/IO1.o
 .debug_abbrev  0x00000f56       0x45 ./Generated_Code/MCUC1.o
 .debug_abbrev  0x00000f9b      0x127 ./Generated_Code/PE_LDD.o
 .debug_abbrev  0x000010c2      0x1db ./Generated_Code/SM1.o
 .debug_abbrev  0x0000129d       0xcb ./Generated_Code/WAIT1.o

.debug_aranges  0x00000000      0x808
 .debug_aranges
                0x00000000       0x50 ./Static_Code/System/CPU_Init.o
 .debug_aranges
                0x00000050      0x340 ./Static_Code/System/Vectors.o
 .debug_aranges
                0x00000390       0x30 ./Sources/Events.o
 .debug_aranges
                0x000003c0       0x20 ./Sources/main.o
 .debug_aranges
                0x000003e0       0x50 ./Project_Settings/Startup_Code/startup.o
 .debug_aranges
                0x00000430       0x58 ./Generated_Code/CI2C1.o
 .debug_aranges
                0x00000488       0x30 ./Generated_Code/Cpu.o
 .debug_aranges
                0x000004b8       0x28 ./Generated_Code/CsIO1.o
 .debug_aranges
                0x000004e0      0x128 ./Generated_Code/FX1.o
 .debug_aranges
                0x00000608       0xc8 ./Generated_Code/GI2C1.o
 .debug_aranges
                0x000006d0       0x48 ./Generated_Code/IO1.o
 .debug_aranges
                0x00000718       0x28 ./Generated_Code/MCUC1.o
 .debug_aranges
                0x00000740       0x30 ./Generated_Code/PE_LDD.o
 .debug_aranges
                0x00000770       0x48 ./Generated_Code/SM1.o
 .debug_aranges
                0x000007b8       0x50 ./Generated_Code/WAIT1.o

.debug_ranges   0x00000000      0x718
 .debug_ranges  0x00000000       0x40 ./Static_Code/System/CPU_Init.o
 .debug_ranges  0x00000040      0x330 ./Static_Code/System/Vectors.o
 .debug_ranges  0x00000370       0x20 ./Sources/Events.o
 .debug_ranges  0x00000390       0x10 ./Sources/main.o
 .debug_ranges  0x000003a0       0x40 ./Project_Settings/Startup_Code/startup.o
 .debug_ranges  0x000003e0       0x48 ./Generated_Code/CI2C1.o
 .debug_ranges  0x00000428       0x20 ./Generated_Code/Cpu.o
 .debug_ranges  0x00000448       0x18 ./Generated_Code/CsIO1.o
 .debug_ranges  0x00000460      0x118 ./Generated_Code/FX1.o
 .debug_ranges  0x00000578       0xb8 ./Generated_Code/GI2C1.o
 .debug_ranges  0x00000630       0x38 ./Generated_Code/IO1.o
 .debug_ranges  0x00000668       0x18 ./Generated_Code/MCUC1.o
 .debug_ranges  0x00000680       0x20 ./Generated_Code/PE_LDD.o
 .debug_ranges  0x000006a0       0x38 ./Generated_Code/SM1.o
 .debug_ranges  0x000006d8       0x40 ./Generated_Code/WAIT1.o

.debug_macro    0x00000000    0x30e52
 .debug_macro   0x00000000      0x28a ./Static_Code/System/CPU_Init.o
 .debug_macro   0x0000028a      0x850 ./Static_Code/System/CPU_Init.o
 .debug_macro   0x00000ada       0x16 ./Static_Code/System/CPU_Init.o
 .debug_macro   0x00000af0       0x44 ./Static_Code/System/CPU_Init.o
 .debug_macro   0x00000b34      0x209 ./Static_Code/System/CPU_Init.o
 .debug_macro   0x00000d3d     0x1783 ./Static_Code/System/CPU_Init.o
 .debug_macro   0x000024c0    0x110ae ./Static_Code/System/CPU_Init.o
 .debug_macro   0x0001356e      0x622 ./Static_Code/System/CPU_Init.o
 .debug_macro   0x00013b90      0x14e ./Static_Code/System/CPU_Init.o
 .debug_macro   0x00013cde       0x6a ./Static_Code/System/CPU_Init.o
 .debug_macro   0x00013d48       0x58 ./Static_Code/System/CPU_Init.o
 .debug_macro   0x00013da0       0x35 ./Static_Code/System/CPU_Init.o
 .debug_macro   0x00013dd5       0xa3 ./Static_Code/System/CPU_Init.o
 .debug_macro   0x00013e78       0x16 ./Static_Code/System/CPU_Init.o
 .debug_macro   0x00013e8e       0x10 ./Static_Code/System/CPU_Init.o
 .debug_macro   0x00013e9e       0xc8 ./Static_Code/System/CPU_Init.o
 .debug_macro   0x00013f66       0x1c ./Static_Code/System/CPU_Init.o
 .debug_macro   0x00013f82       0x40 ./Static_Code/System/CPU_Init.o
 .debug_macro   0x00013fc2       0x43 ./Static_Code/System/CPU_Init.o
 .debug_macro   0x00014005       0x16 ./Static_Code/System/CPU_Init.o
 .debug_macro   0x0001401b       0x37 ./Static_Code/System/CPU_Init.o
 .debug_macro   0x00014052       0xbb ./Static_Code/System/CPU_Init.o
 .debug_macro   0x0001410d       0x1c ./Static_Code/System/CPU_Init.o
 .debug_macro   0x00014129       0x97 ./Static_Code/System/CPU_Init.o
 .debug_macro   0x000141c0       0x10 ./Static_Code/System/CPU_Init.o
 .debug_macro   0x000141d0       0xef ./Static_Code/System/CPU_Init.o
 .debug_macro   0x000142bf       0x52 ./Static_Code/System/CPU_Init.o
 .debug_macro   0x00014311       0x16 ./Static_Code/System/CPU_Init.o
 .debug_macro   0x00014327       0x43 ./Static_Code/System/CPU_Init.o
 .debug_macro   0x0001436a      0x180 ./Static_Code/System/CPU_Init.o
 .debug_macro   0x000144ea       0x10 ./Static_Code/System/CPU_Init.o
 .debug_macro   0x000144fa       0x22 ./Static_Code/System/CPU_Init.o
 .debug_macro   0x0001451c       0xbd ./Static_Code/System/CPU_Init.o
 .debug_macro   0x000145d9       0x16 ./Static_Code/System/CPU_Init.o
 .debug_macro   0x000145ef      0x14a ./Static_Code/System/CPU_Init.o
 .debug_macro   0x00014739       0x40 ./Static_Code/System/CPU_Init.o
 .debug_macro   0x00014779       0x94 ./Static_Code/System/CPU_Init.o
 .debug_macro   0x0001480d      0x642 ./Static_Code/System/CPU_Init.o
 .debug_macro   0x00014e4f       0x3c ./Static_Code/System/CPU_Init.o
 .debug_macro   0x00014e8b      0x29a ./Static_Code/System/CPU_Init.o
 .debug_macro   0x00015125      0x278 ./Static_Code/System/Vectors.o
 .debug_macro   0x0001539d      0x3bc ./Sources/Events.o
 .debug_macro   0x00015759      0x61c ./Sources/Events.o
 .debug_macro   0x00015d75      0x625 ./Sources/Events.o
 .debug_macro   0x0001639a      0x328 ./Sources/Events.o
 .debug_macro   0x000166c2      0x1e9 ./Sources/Events.o
 .debug_macro   0x000168ab      0x109 ./Sources/Events.o
 .debug_macro   0x000169b4      0x17f ./Sources/Events.o
 .debug_macro   0x00016b33      0x202 ./Sources/Events.o
 .debug_macro   0x00016d35      0x91e ./Sources/Events.o
 .debug_macro   0x00017653      0x585 ./Sources/Events.o
 .debug_macro   0x00017bd8       0x9e ./Sources/Events.o
 .debug_macro   0x00017c76      0x1f9 ./Sources/Events.o
 .debug_macro   0x00017e6f      0x50f ./Sources/Events.o
 .debug_macro   0x0001837e      0x6a6 ./Sources/Events.o
 .debug_macro   0x00018a24      0x132 ./Sources/Events.o
 .debug_macro   0x00018b56      0x29c ./Sources/Events.o
 .debug_macro   0x00018df2      0x264 ./Sources/Events.o
 .debug_macro   0x00019056      0x25b ./Sources/Events.o
 .debug_macro   0x000192b1      0x4f1 ./Sources/Events.o
 .debug_macro   0x000197a2      0x13f ./Sources/Events.o
 .debug_macro   0x000198e1       0x6c ./Sources/Events.o
 .debug_macro   0x0001994d      0x30d ./Sources/Events.o
 .debug_macro   0x00019c5a       0xbb ./Sources/Events.o
 .debug_macro   0x00019d15       0xe9 ./Sources/Events.o
 .debug_macro   0x00019dfe      0x4ea ./Sources/Events.o
 .debug_macro   0x0001a2e8      0x18f ./Sources/Events.o
 .debug_macro   0x0001a477       0xea ./Sources/Events.o
 .debug_macro   0x0001a561      0x344 ./Sources/Events.o
 .debug_macro   0x0001a8a5      0x824 ./Sources/Events.o
 .debug_macro   0x0001b0c9      0x179 ./Sources/Events.o
 .debug_macro   0x0001b242      0x644 ./Sources/Events.o
 .debug_macro   0x0001b886      0xa28 ./Sources/Events.o
 .debug_macro   0x0001c2ae      0x124 ./Sources/Events.o
 .debug_macro   0x0001c3d2       0x81 ./Sources/Events.o
 .debug_macro   0x0001c453      0x7bf ./Sources/Events.o
 .debug_macro   0x0001cc12      0x10f ./Sources/Events.o
 .debug_macro   0x0001cd21      0x66f ./Sources/Events.o
 .debug_macro   0x0001d390       0x7b ./Sources/Events.o
 .debug_macro   0x0001d40b      0x182 ./Sources/Events.o
 .debug_macro   0x0001d58d      0x3c0 ./Sources/main.o
 .debug_macro   0x0001d94d      0x121 ./Project_Settings/Startup_Code/startup.o
 .debug_macro   0x0001da6e      0x166 ./Project_Settings/Startup_Code/startup.o
 .debug_macro   0x0001dbd4       0x4a ./Project_Settings/Startup_Code/startup.o
 .debug_macro   0x0001dc1e      0x2a6 ./Project_Settings/Startup_Code/startup.o
 .debug_macro   0x0001dec4       0x10 ./Project_Settings/Startup_Code/startup.o
 .debug_macro   0x0001ded4       0x35 ./Project_Settings/Startup_Code/startup.o
 .debug_macro   0x0001df09       0x16 ./Project_Settings/Startup_Code/startup.o
 .debug_macro   0x0001df1f       0x22 ./Project_Settings/Startup_Code/startup.o
 .debug_macro   0x0001df41       0x10 ./Project_Settings/Startup_Code/startup.o
 .debug_macro   0x0001df51      0x20f ./Project_Settings/Startup_Code/startup.o
 .debug_macro   0x0001e160    0x110a2 ./Project_Settings/Startup_Code/startup.o
 .debug_macro   0x0002f202      0x162 ./Generated_Code/CI2C1.o
 .debug_macro   0x0002f364      0x4e4 ./Generated_Code/CI2C1.o
 .debug_macro   0x0002f848      0x26d ./Generated_Code/Cpu.o
 .debug_macro   0x0002fab5      0x143 ./Generated_Code/CsIO1.o
 .debug_macro   0x0002fbf8       0x16 ./Generated_Code/CsIO1.o
 .debug_macro   0x0002fc0e       0x52 ./Generated_Code/CsIO1.o
 .debug_macro   0x0002fc60      0x7b9 ./Generated_Code/CsIO1.o
 .debug_macro   0x00030419      0x155 ./Generated_Code/FX1.o
 .debug_macro   0x0003056e      0x125 ./Generated_Code/GI2C1.o
 .debug_macro   0x00030693      0x108 ./Generated_Code/IO1.o
 .debug_macro   0x0003079b       0x3a ./Generated_Code/IO1.o
 .debug_macro   0x000307d5       0xe5 ./Generated_Code/MCUC1.o
 .debug_macro   0x000308ba      0x234 ./Generated_Code/PE_LDD.o
 .debug_macro   0x00030aee      0x267 ./Generated_Code/SM1.o
 .debug_macro   0x00030d55       0xfd ./Generated_Code/WAIT1.o

.debug_line     0x00000000     0x5552
 .debug_line    0x00000000      0x6d6 ./Static_Code/System/CPU_Init.o
 .debug_line    0x000006d6      0xc21 ./Static_Code/System/Vectors.o
 .debug_line    0x000012f7      0x6e3 ./Sources/Events.o
 .debug_line    0x000019da      0x724 ./Sources/main.o
 .debug_line    0x000020fe      0x3f9 ./Project_Settings/Startup_Code/startup.o
 .debug_line    0x000024f7      0x551 ./Generated_Code/CI2C1.o
 .debug_line    0x00002a48      0x57f ./Generated_Code/Cpu.o
 .debug_line    0x00002fc7      0x345 ./Generated_Code/CsIO1.o
 .debug_line    0x0000330c      0x686 ./Generated_Code/FX1.o
 .debug_line    0x00003992      0x598 ./Generated_Code/GI2C1.o
 .debug_line    0x00003f2a      0x432 ./Generated_Code/IO1.o
 .debug_line    0x0000435c      0x342 ./Generated_Code/MCUC1.o
 .debug_line    0x0000469e      0x4fc ./Generated_Code/PE_LDD.o
 .debug_line    0x00004b9a      0x5d9 ./Generated_Code/SM1.o
 .debug_line    0x00005173      0x3df ./Generated_Code/WAIT1.o

.debug_str      0x00000000    0xed186
 .debug_str     0x00000000    0x74300 ./Static_Code/System/CPU_Init.o
                              0x74519 (size before relaxing)
 .debug_str     0x00074300      0x98a ./Static_Code/System/Vectors.o
                              0x748bc (size before relaxing)
 .debug_str     0x00074c8a    0x7639e ./Sources/Events.o
                              0xe9273 (size before relaxing)
 .debug_str     0x000eb028       0xab ./Sources/main.o
                              0xe9405 (size before relaxing)
 .debug_str     0x000eb0d3     0x1094 ./Project_Settings/Startup_Code/startup.o
                              0x636b7 (size before relaxing)
 .debug_str     0x000ec167      0x38d ./Generated_Code/CI2C1.o
                              0x71f93 (size before relaxing)
 .debug_str     0x000ec4f4       0x34 ./Generated_Code/Cpu.o
                              0x7304c (size before relaxing)
 .debug_str     0x000ec528      0x1a0 ./Generated_Code/CsIO1.o
                              0x6a8a2 (size before relaxing)
 .debug_str     0x000ec6c8      0x29d ./Generated_Code/FX1.o
                              0x6b945 (size before relaxing)
 .debug_str     0x000ec965      0x2ee ./Generated_Code/GI2C1.o
                              0x6b6d5 (size before relaxing)
 .debug_str     0x000ecc53       0xf3 ./Generated_Code/IO1.o
                              0x79853 (size before relaxing)
 .debug_str     0x000ecd46       0x32 ./Generated_Code/MCUC1.o
                              0x6abd5 (size before relaxing)
 .debug_str     0x000ecd78      0x166 ./Generated_Code/PE_LDD.o
                              0x730ab (size before relaxing)
 .debug_str     0x000ecede      0x20c ./Generated_Code/SM1.o
                              0x733e2 (size before relaxing)
 .debug_str     0x000ed0ea       0x9c ./Generated_Code/WAIT1.o
                              0x6b09f (size before relaxing)

.comment        0x00000000       0x70
 .comment       0x00000000       0x70 ./Static_Code/System/CPU_Init.o
                                 0x71 (size before relaxing)
 .comment       0x00000000       0x71 ./Static_Code/System/Vectors.o
 .comment       0x00000000       0x71 ./Sources/Events.o
 .comment       0x00000000       0x71 ./Sources/main.o
 .comment       0x00000000       0x71 ./Project_Settings/Startup_Code/startup.o
 .comment       0x00000000       0x71 ./Generated_Code/CI2C1.o
 .comment       0x00000000       0x71 ./Generated_Code/Cpu.o
 .comment       0x00000000       0x71 ./Generated_Code/CsIO1.o
 .comment       0x00000000       0x71 ./Generated_Code/FX1.o
 .comment       0x00000000       0x71 ./Generated_Code/GI2C1.o
 .comment       0x00000000       0x71 ./Generated_Code/IO1.o
 .comment       0x00000000       0x71 ./Generated_Code/MCUC1.o
 .comment       0x00000000       0x71 ./Generated_Code/PE_LDD.o
 .comment       0x00000000       0x71 ./Generated_Code/SM1.o
 .comment       0x00000000       0x71 ./Generated_Code/WAIT1.o

.debug_frame    0x00000000     0x2344
 .debug_frame   0x00000000       0xd4 ./Static_Code/System/CPU_Init.o
 .debug_frame   0x000000d4      0xcb0 ./Static_Code/System/Vectors.o
 .debug_frame   0x00000d84       0x60 ./Sources/Events.o
 .debug_frame   0x00000de4       0x30 ./Sources/main.o
 .debug_frame   0x00000e14       0xc0 ./Project_Settings/Startup_Code/startup.o
 .debug_frame   0x00000ed4      0x104 ./Generated_Code/CI2C1.o
 .debug_frame   0x00000fd8       0x68 ./Generated_Code/Cpu.o
 .debug_frame   0x00001040       0x48 ./Generated_Code/CsIO1.o
 .debug_frame   0x00001088      0x408 ./Generated_Code/FX1.o
 .debug_frame   0x00001490      0x2a4 ./Generated_Code/GI2C1.o
 .debug_frame   0x00001734       0xc8 ./Generated_Code/IO1.o
 .debug_frame   0x000017fc       0x40 ./Generated_Code/MCUC1.o
 .debug_frame   0x0000183c       0x68 ./Generated_Code/PE_LDD.o
 .debug_frame   0x000018a4       0xc8 ./Generated_Code/SM1.o
 .debug_frame   0x0000196c       0xc0 ./Generated_Code/WAIT1.o
 .debug_frame   0x00001a2c       0x28 c:/freescale/kds_v3/toolchain/bin/../lib/gcc/arm-none-eabi/4.8.4/../../../../arm-none-eabi/lib/armv7e-m/fpu\libg_s.a(lib_a-exit.o)
 .debug_frame   0x00001a54       0x2c c:/freescale/kds_v3/toolchain/bin/../lib/gcc/arm-none-eabi/4.8.4/../../../../arm-none-eabi/lib/armv7e-m/fpu\libg_s.a(lib_a-init.o)
 .debug_frame   0x00001a80       0x20 c:/freescale/kds_v3/toolchain/bin/../lib/gcc/arm-none-eabi/4.8.4/../../../../arm-none-eabi/lib/armv7e-m/fpu\libg_s.a(lib_a-memset.o)
 .debug_frame   0x00001aa0       0x60 c:/freescale/kds_v3/toolchain/bin/../lib/gcc/arm-none-eabi/4.8.4/../../../../arm-none-eabi/lib/armv7e-m/fpu\libg_s.a(lib_a-printf.o)
 .debug_frame   0x00001b00       0x3c c:/freescale/kds_v3/toolchain/bin/../lib/gcc/arm-none-eabi/4.8.4/../../../../arm-none-eabi/lib/armv7e-m/fpu\libg_s.a(lib_a-puts.o)
 .debug_frame   0x00001b3c       0x58 c:/freescale/kds_v3/toolchain/bin/../lib/gcc/arm-none-eabi/4.8.4/../../../../arm-none-eabi/lib/armv7e-m/fpu\libg_s.a(lib_a-sprintf.o)
 .debug_frame   0x00001b94       0x88 c:/freescale/kds_v3/toolchain/bin/../lib/gcc/arm-none-eabi/4.8.4/../../../../arm-none-eabi/lib/armv7e-m/fpu\libg_s.a(lib_a-svfprintf.o)
 .debug_frame   0x00001c1c       0xa8 c:/freescale/kds_v3/toolchain/bin/../lib/gcc/arm-none-eabi/4.8.4/../../../../arm-none-eabi/lib/armv7e-m/fpu\libg_s.a(lib_a-vfprintf.o)
 .debug_frame   0x00001cc4       0x60 c:/freescale/kds_v3/toolchain/bin/../lib/gcc/arm-none-eabi/4.8.4/../../../../arm-none-eabi/lib/armv7e-m/fpu\libg_s.a(lib_a-vfprintf_i.o)
 .debug_frame   0x00001d24       0x3c c:/freescale/kds_v3/toolchain/bin/../lib/gcc/arm-none-eabi/4.8.4/../../../../arm-none-eabi/lib/armv7e-m/fpu\libg_s.a(lib_a-wbuf.o)
 .debug_frame   0x00001d60       0x2c c:/freescale/kds_v3/toolchain/bin/../lib/gcc/arm-none-eabi/4.8.4/../../../../arm-none-eabi/lib/armv7e-m/fpu\libg_s.a(lib_a-wsetup.o)
 .debug_frame   0x00001d8c       0x5c c:/freescale/kds_v3/toolchain/bin/../lib/gcc/arm-none-eabi/4.8.4/../../../../arm-none-eabi/lib/armv7e-m/fpu\libg_s.a(lib_a-fflush.o)
 .debug_frame   0x00001de8      0x12c c:/freescale/kds_v3/toolchain/bin/../lib/gcc/arm-none-eabi/4.8.4/../../../../arm-none-eabi/lib/armv7e-m/fpu\libg_s.a(lib_a-findfp.o)
 .debug_frame   0x00001f14       0x30 c:/freescale/kds_v3/toolchain/bin/../lib/gcc/arm-none-eabi/4.8.4/../../../../arm-none-eabi/lib/armv7e-m/fpu\libg_s.a(lib_a-makebuf.o)
 .debug_frame   0x00001f44       0x28 c:/freescale/kds_v3/toolchain/bin/../lib/gcc/arm-none-eabi/4.8.4/../../../../arm-none-eabi/lib/armv7e-m/fpu\libg_s.a(lib_a-memchr-stub.o)
 .debug_frame   0x00001f6c       0x28 c:/freescale/kds_v3/toolchain/bin/../lib/gcc/arm-none-eabi/4.8.4/../../../../arm-none-eabi/lib/armv7e-m/fpu\libg_s.a(lib_a-memcpy-stub.o)
 .debug_frame   0x00001f94       0x2c c:/freescale/kds_v3/toolchain/bin/../lib/gcc/arm-none-eabi/4.8.4/../../../../arm-none-eabi/lib/armv7e-m/fpu\libg_s.a(lib_a-memmove.o)
 .debug_frame   0x00001fc0       0x2c c:/freescale/kds_v3/toolchain/bin/../lib/gcc/arm-none-eabi/4.8.4/../../../../arm-none-eabi/lib/armv7e-m/fpu\libg_s.a(lib_a-nano-freer.o)
 .debug_frame   0x00001fec       0x2c c:/freescale/kds_v3/toolchain/bin/../lib/gcc/arm-none-eabi/4.8.4/../../../../arm-none-eabi/lib/armv7e-m/fpu\libg_s.a(lib_a-nano-mallocr.o)
 .debug_frame   0x00002018       0x30 c:/freescale/kds_v3/toolchain/bin/../lib/gcc/arm-none-eabi/4.8.4/../../../../arm-none-eabi/lib/armv7e-m/fpu\libg_s.a(lib_a-nano-reallocr.o)
 .debug_frame   0x00002048       0x2c c:/freescale/kds_v3/toolchain/bin/../lib/gcc/arm-none-eabi/4.8.4/../../../../arm-none-eabi/lib/armv7e-m/fpu\libg_s.a(lib_a-sbrkr.o)
 .debug_frame   0x00002074       0x80 c:/freescale/kds_v3/toolchain/bin/../lib/gcc/arm-none-eabi/4.8.4/../../../../arm-none-eabi/lib/armv7e-m/fpu\libg_s.a(lib_a-stdio.o)
 .debug_frame   0x000020f4       0x20 c:/freescale/kds_v3/toolchain/bin/../lib/gcc/arm-none-eabi/4.8.4/../../../../arm-none-eabi/lib/armv7e-m/fpu\libg_s.a(lib_a-strlen.o)
 .debug_frame   0x00002114       0x2c c:/freescale/kds_v3/toolchain/bin/../lib/gcc/arm-none-eabi/4.8.4/../../../../arm-none-eabi/lib/armv7e-m/fpu\libg_s.a(lib_a-writer.o)
 .debug_frame   0x00002140       0x2c c:/freescale/kds_v3/toolchain/bin/../lib/gcc/arm-none-eabi/4.8.4/../../../../arm-none-eabi/lib/armv7e-m/fpu\libg_s.a(lib_a-closer.o)
 .debug_frame   0x0000216c       0x2c c:/freescale/kds_v3/toolchain/bin/../lib/gcc/arm-none-eabi/4.8.4/../../../../arm-none-eabi/lib/armv7e-m/fpu\libg_s.a(lib_a-fstatr.o)
 .debug_frame   0x00002198       0x2c c:/freescale/kds_v3/toolchain/bin/../lib/gcc/arm-none-eabi/4.8.4/../../../../arm-none-eabi/lib/armv7e-m/fpu\libg_s.a(lib_a-isattyr.o)
 .debug_frame   0x000021c4       0x2c c:/freescale/kds_v3/toolchain/bin/../lib/gcc/arm-none-eabi/4.8.4/../../../../arm-none-eabi/lib/armv7e-m/fpu\libg_s.a(lib_a-lseekr.o)
 .debug_frame   0x000021f0       0x20 c:/freescale/kds_v3/toolchain/bin/../lib/gcc/arm-none-eabi/4.8.4/../../../../arm-none-eabi/lib/armv7e-m/fpu\libg_s.a(lib_a-nano-msizer.o)
 .debug_frame   0x00002210       0x2c c:/freescale/kds_v3/toolchain/bin/../lib/gcc/arm-none-eabi/4.8.4/../../../../arm-none-eabi/lib/armv7e-m/fpu\libg_s.a(lib_a-readr.o)
 .debug_frame   0x0000223c       0x48 c:/freescale/kds_v3/toolchain/bin/../lib/gcc/arm-none-eabi/4.8.4/../../../../arm-none-eabi/lib/armv7e-m/fpu\libg_s.a(lib_a-reent.o)
 .debug_frame   0x00002284       0x20 c:/freescale/kds_v3/toolchain/bin/../lib/gcc/arm-none-eabi/4.8.4/../../../../arm-none-eabi/lib/armv7e-m/fpu\libnosys.a(close.o)
 .debug_frame   0x000022a4       0x20 c:/freescale/kds_v3/toolchain/bin/../lib/gcc/arm-none-eabi/4.8.4/../../../../arm-none-eabi/lib/armv7e-m/fpu\libnosys.a(fstat.o)
 .debug_frame   0x000022c4       0x20 c:/freescale/kds_v3/toolchain/bin/../lib/gcc/arm-none-eabi/4.8.4/../../../../arm-none-eabi/lib/armv7e-m/fpu\libnosys.a(isatty.o)
 .debug_frame   0x000022e4       0x20 c:/freescale/kds_v3/toolchain/bin/../lib/gcc/arm-none-eabi/4.8.4/../../../../arm-none-eabi/lib/armv7e-m/fpu\libnosys.a(lseek.o)
 .debug_frame   0x00002304       0x20 c:/freescale/kds_v3/toolchain/bin/../lib/gcc/arm-none-eabi/4.8.4/../../../../arm-none-eabi/lib/armv7e-m/fpu\libnosys.a(sbrk.o)
 .debug_frame   0x00002324       0x20 c:/freescale/kds_v3/toolchain/bin/../lib/gcc/arm-none-eabi/4.8.4/../../../../arm-none-eabi/lib/armv7e-m/fpu\libnosys.a(_exit.o)

.stab           0x00000000       0x6c
 .stab          0x00000000       0x24 c:/freescale/kds_v3/toolchain/bin/../lib/gcc/arm-none-eabi/4.8.4/../../../../arm-none-eabi/lib/armv7e-m/fpu\libnosys.a(close.o)
 .stab          0x00000024       0x18 c:/freescale/kds_v3/toolchain/bin/../lib/gcc/arm-none-eabi/4.8.4/../../../../arm-none-eabi/lib/armv7e-m/fpu\libnosys.a(fstat.o)
                                 0x24 (size before relaxing)
 .stab          0x0000003c       0x18 c:/freescale/kds_v3/toolchain/bin/../lib/gcc/arm-none-eabi/4.8.4/../../../../arm-none-eabi/lib/armv7e-m/fpu\libnosys.a(isatty.o)
                                 0x24 (size before relaxing)
 .stab          0x00000054       0x18 c:/freescale/kds_v3/toolchain/bin/../lib/gcc/arm-none-eabi/4.8.4/../../../../arm-none-eabi/lib/armv7e-m/fpu\libnosys.a(lseek.o)
                                 0x24 (size before relaxing)

.stabstr        0x00000000       0xe3
 .stabstr       0x00000000       0xe3 c:/freescale/kds_v3/toolchain/bin/../lib/gcc/arm-none-eabi/4.8.4/../../../../arm-none-eabi/lib/armv7e-m/fpu\libnosys.a(close.o)
