Archive member included because of file (symbol)

c:/freescale/kds_v3/toolchain/bin/../lib/gcc/arm-none-eabi/4.8.4/../../../../arm-none-eabi/lib/armv7e-m/fpu\libg_s.a(lib_a-exit.o)
                              c:/freescale/kds_v3/toolchain/bin/../lib/gcc/arm-none-eabi/4.8.4/../../../../arm-none-eabi/lib/armv7e-m/fpu/crt0.o (exit)
c:/freescale/kds_v3/toolchain/bin/../lib/gcc/arm-none-eabi/4.8.4/../../../../arm-none-eabi/lib/armv7e-m/fpu\libg_s.a(lib_a-impure.o)
                              c:/freescale/kds_v3/toolchain/bin/../lib/gcc/arm-none-eabi/4.8.4/../../../../arm-none-eabi/lib/armv7e-m/fpu\libg_s.a(lib_a-exit.o) (_global_impure_ptr)
c:/freescale/kds_v3/toolchain/bin/../lib/gcc/arm-none-eabi/4.8.4/../../../../arm-none-eabi/lib/armv7e-m/fpu\libg_s.a(lib_a-init.o)
                              c:/freescale/kds_v3/toolchain/bin/../lib/gcc/arm-none-eabi/4.8.4/../../../../arm-none-eabi/lib/armv7e-m/fpu/crt0.o (__libc_init_array)
c:/freescale/kds_v3/toolchain/bin/../lib/gcc/arm-none-eabi/4.8.4/../../../../arm-none-eabi/lib/armv7e-m/fpu\libg_s.a(lib_a-memset.o)
                              c:/freescale/kds_v3/toolchain/bin/../lib/gcc/arm-none-eabi/4.8.4/../../../../arm-none-eabi/lib/armv7e-m/fpu/crt0.o (memset)
c:/freescale/kds_v3/toolchain/bin/../lib/gcc/arm-none-eabi/4.8.4/../../../../arm-none-eabi/lib/armv7e-m/fpu\libg_s.a(lib_a-printf.o)
                              ./Sources/main.o (printf)
c:/freescale/kds_v3/toolchain/bin/../lib/gcc/arm-none-eabi/4.8.4/../../../../arm-none-eabi/lib/armv7e-m/fpu\libg_s.a(lib_a-puts.o)
                              ./Sources/main.o (puts)
c:/freescale/kds_v3/toolchain/bin/../lib/gcc/arm-none-eabi/4.8.4/../../../../arm-none-eabi/lib/armv7e-m/fpu\libg_s.a(lib_a-sprintf.o)
                              ./Sources/main.o (sprintf)
c:/freescale/kds_v3/toolchain/bin/../lib/gcc/arm-none-eabi/4.8.4/../../../../arm-none-eabi/lib/armv7e-m/fpu\libg_s.a(lib_a-svfprintf.o)
                              c:/freescale/kds_v3/toolchain/bin/../lib/gcc/arm-none-eabi/4.8.4/../../../../arm-none-eabi/lib/armv7e-m/fpu\libg_s.a(lib_a-sprintf.o) (_svfprintf_r)
c:/freescale/kds_v3/toolchain/bin/../lib/gcc/arm-none-eabi/4.8.4/../../../../arm-none-eabi/lib/armv7e-m/fpu\libg_s.a(lib_a-vfprintf.o)
                              c:/freescale/kds_v3/toolchain/bin/../lib/gcc/arm-none-eabi/4.8.4/../../../../arm-none-eabi/lib/armv7e-m/fpu\libg_s.a(lib_a-printf.o) (_vfprintf_r)
c:/freescale/kds_v3/toolchain/bin/../lib/gcc/arm-none-eabi/4.8.4/../../../../arm-none-eabi/lib/armv7e-m/fpu\libg_s.a(lib_a-vfprintf_i.o)
                              c:/freescale/kds_v3/toolchain/bin/../lib/gcc/arm-none-eabi/4.8.4/../../../../arm-none-eabi/lib/armv7e-m/fpu\libg_s.a(lib_a-svfprintf.o) (_printf_i)
c:/freescale/kds_v3/toolchain/bin/../lib/gcc/arm-none-eabi/4.8.4/../../../../arm-none-eabi/lib/armv7e-m/fpu\libg_s.a(lib_a-wbuf.o)
                              c:/freescale/kds_v3/toolchain/bin/../lib/gcc/arm-none-eabi/4.8.4/../../../../arm-none-eabi/lib/armv7e-m/fpu\libg_s.a(lib_a-puts.o) (__swbuf_r)
c:/freescale/kds_v3/toolchain/bin/../lib/gcc/arm-none-eabi/4.8.4/../../../../arm-none-eabi/lib/armv7e-m/fpu\libg_s.a(lib_a-wsetup.o)
                              c:/freescale/kds_v3/toolchain/bin/../lib/gcc/arm-none-eabi/4.8.4/../../../../arm-none-eabi/lib/armv7e-m/fpu\libg_s.a(lib_a-puts.o) (__swsetup_r)
c:/freescale/kds_v3/toolchain/bin/../lib/gcc/arm-none-eabi/4.8.4/../../../../arm-none-eabi/lib/armv7e-m/fpu\libg_s.a(lib_a-fflush.o)
                              c:/freescale/kds_v3/toolchain/bin/../lib/gcc/arm-none-eabi/4.8.4/../../../../arm-none-eabi/lib/armv7e-m/fpu\libg_s.a(lib_a-wbuf.o) (_fflush_r)
c:/freescale/kds_v3/toolchain/bin/../lib/gcc/arm-none-eabi/4.8.4/../../../../arm-none-eabi/lib/armv7e-m/fpu\libg_s.a(lib_a-findfp.o)
                              c:/freescale/kds_v3/toolchain/bin/../lib/gcc/arm-none-eabi/4.8.4/../../../../arm-none-eabi/lib/armv7e-m/fpu\libg_s.a(lib_a-printf.o) (__sinit)
c:/freescale/kds_v3/toolchain/bin/../lib/gcc/arm-none-eabi/4.8.4/../../../../arm-none-eabi/lib/armv7e-m/fpu\libg_s.a(lib_a-fvwrite.o)
                              c:/freescale/kds_v3/toolchain/bin/../lib/gcc/arm-none-eabi/4.8.4/../../../../arm-none-eabi/lib/armv7e-m/fpu\libg_s.a(lib_a-vfprintf.o) (__sfvwrite_r)
c:/freescale/kds_v3/toolchain/bin/../lib/gcc/arm-none-eabi/4.8.4/../../../../arm-none-eabi/lib/armv7e-m/fpu\libg_s.a(lib_a-fwalk.o)
                              c:/freescale/kds_v3/toolchain/bin/../lib/gcc/arm-none-eabi/4.8.4/../../../../arm-none-eabi/lib/armv7e-m/fpu\libg_s.a(lib_a-findfp.o) (_fwalk)
c:/freescale/kds_v3/toolchain/bin/../lib/gcc/arm-none-eabi/4.8.4/../../../../arm-none-eabi/lib/armv7e-m/fpu\libg_s.a(lib_a-makebuf.o)
                              c:/freescale/kds_v3/toolchain/bin/../lib/gcc/arm-none-eabi/4.8.4/../../../../arm-none-eabi/lib/armv7e-m/fpu\libg_s.a(lib_a-wsetup.o) (__smakebuf_r)
[...]
Memory Configuration

Name             Origin             Length             Attributes
m_interrupts     0x00000000         0x00000198         xr
m_text           0x00000410         0x000ffbf0         xr
m_data_1FFF0000  0x1fff0000         0x00010000         rw
m_data           0x20000000         0x00030000         rw
m_cfmprotrom     0x00000400         0x00000010         xr
*default*        0x00000000         0xffffffff

Linker script and memory map

LOAD c:/freescale/kds_v3/toolchain/bin/../lib/gcc/arm-none-eabi/4.8.4/armv7e-m/fpu/crti.o
LOAD c:/freescale/kds_v3/toolchain/bin/../lib/gcc/arm-none-eabi/4.8.4/armv7e-m/fpu/crtbegin.o
LOAD c:/freescale/kds_v3/toolchain/bin/../lib/gcc/arm-none-eabi/4.8.4/../../../../arm-none-eabi/lib/armv7e-m/fpu/crt0.o
LOAD ./Static_Code/System/CPU_Init.o
LOAD ./Static_Code/System/Peripherals_Init.o
LOAD ./Static_Code/System/Vectors.o
LOAD ./Sources/Events.o
LOAD ./Sources/main.o
LOAD ./Project_Settings/Startup_Code/startup.o
LOAD ./Generated_Code/Cpu.o
LOAD ./Generated_Code/CsIO1.o
LOAD ./Generated_Code/IO1.o
LOAD ./Generated_Code/PE_LDD.o
LOAD ./Generated_Code/Pins1.o
LOAD c:/freescale/kds_v3/toolchain/bin/../lib/gcc/arm-none-eabi/4.8.4/../../../../arm-none-eabi/lib/armv7e-m/fpu\libstdc++_s.a
LOAD c:/freescale/kds_v3/toolchain/bin/../lib/gcc/arm-none-eabi/4.8.4/../../../../arm-none-eabi/lib/armv7e-m/fpu\libm.a
START GROUP
LOAD c:/freescale/kds_v3/toolchain/bin/../lib/gcc/arm-none-eabi/4.8.4/armv7e-m/fpu\libgcc.a
LOAD c:/freescale/kds_v3/toolchain/bin/../lib/gcc/arm-none-eabi/4.8.4/../../../../arm-none-eabi/lib/armv7e-m/fpu\libg_s.a
LOAD c:/freescale/kds_v3/toolchain/bin/../lib/gcc/arm-none-eabi/4.8.4/../../../../arm-none-eabi/lib/armv7e-m/fpu\libc_s.a
END GROUP
START GROUP
LOAD c:/freescale/kds_v3/toolchain/bin/../lib/gcc/arm-none-eabi/4.8.4/armv7e-m/fpu\libgcc.a
LOAD c:/freescale/kds_v3/toolchain/bin/../lib/gcc/arm-none-eabi/4.8.4/../../../../arm-none-eabi/lib/armv7e-m/fpu\libc_s.a
LOAD c:/freescale/kds_v3/toolchain/bin/../lib/gcc/arm-none-eabi/4.8.4/../../../../arm-none-eabi/lib/armv7e-m/fpu\libnosys.a
END GROUP
START GROUP
LOAD c:/freescale/kds_v3/toolchain/bin/../lib/gcc/arm-none-eabi/4.8.4/armv7e-m/fpu\libgcc.a
LOAD c:/freescale/kds_v3/toolchain/bin/../lib/gcc/arm-none-eabi/4.8.4/../../../../arm-none-eabi/lib/armv7e-m/fpu\libc_s.a
LOAD c:/freescale/kds_v3/toolchain/bin/../lib/gcc/arm-none-eabi/4.8.4/../../../../arm-none-eabi/lib/armv7e-m/fpu\libnosys.a
END GROUP
LOAD c:/freescale/kds_v3/toolchain/bin/../lib/gcc/arm-none-eabi/4.8.4/armv7e-m/fpu/crtend.o
LOAD c:/freescale/kds_v3/toolchain/bin/../lib/gcc/arm-none-eabi/4.8.4/armv7e-m/fpu/crtn.o
                0x20030000                _estack = 0x20030000
                0x20030000                __SP_INIT = _estack
                0x20030000                __stack = _estack
                0x00000000                __heap_size = 0x0
                0x00000400                __stack_size = 0x400

.interrupts     0x00000000      0x198
                0x00000000                __vector_table = .
                0x00000000                . = ALIGN (0x4)
 *(.vectortable)
 .vectortable   0x00000000      0x198 ./Static_Code/System/Vectors.o
                0x00000000                __vect_table
                0x00000198                . = ALIGN (0x4)

.cfmprotect     0x00000400        0x0
                0x00000400                . = ALIGN (0x4)
 *(.cfmconfig)
                0x00000400                . = ALIGN (0x4)

.text           0x00000410     0x26e8
                0x00000410                . = ALIGN (0x4)
 *(.text)
 .text          0x00000410       0x54 c:/freescale/kds_v3/toolchain/bin/../lib/gcc/arm-none-eabi/4.8.4/armv7e-m/fpu/crtbegin.o
 .text          0x00000464       0x74 c:/freescale/kds_v3/toolchain/bin/../lib/gcc/arm-none-eabi/4.8.4/../../../../arm-none-eabi/lib/armv7e-m/fpu/crt0.o
                0x00000464                _start
                0x00000464                _mainCRTStartup
 *(.text*)
 .text.CPU_SetBASEPRI
                0x000004d8       0x18 ./Static_Code/System/CPU_Init.o
                0x000004d8                CPU_SetBASEPRI
 .text.__init_hardware
                0x000004f0       0xdc ./Static_Code/System/CPU_Init.o
                0x000004f0                __init_hardware
 .text.PE_low_level_init
                0x000005cc       0x14 ./Static_Code/System/CPU_Init.o
                0x000005cc                PE_low_level_init
 .text.CPU_GetClockGenMode
                0x000005e0       0x90 ./Static_Code/System/CPU_Init.o
                0x000005e0                CPU_GetClockGenMode
 .text.CPU_SetClockConfigGenMode
                0x00000670      0x54c ./Static_Code/System/CPU_Init.o
                0x00000670                CPU_SetClockConfigGenMode
 .text.CPU_GetClockConfiguration
                0x00000bbc       0x18 ./Static_Code/System/CPU_Init.o
                0x00000bbc                CPU_GetClockConfiguration
 .text.UnhandledInterrupt
                0x00000bd4       0x18 ./Static_Code/System/Vectors.o
                0x00000bd4                UnhandledInterrupt
 .text.Cpu_OnNMI
                0x00000bec        0xc ./Sources/Events.o
                0x00000bec                Cpu_OnNMI
 .text.main     0x00000bf8      0x368 ./Sources/main.o
                0x00000bf8                main
 .text.ADC0_read16b
                0x00000f60       0x3c ./Sources/main.o
                0x00000f60                ADC0_read16b
 .text.ADC1_read16b
                0x00000f9c       0x3c ./Sources/main.o
                0x00000f9c                ADC1_read16b
 .text.__copy_rom_section
                0x00000fd8       0xe4 ./Project_Settings/Startup_Code/startup.o
                0x00000fd8                __copy_rom_section
 .text.__copy_rom_sections_to_ram
                0x000010bc       0x9c ./Project_Settings/Startup_Code/startup.o
                0x000010bc                __copy_rom_sections_to_ram
 .text.__init_registers
                0x00001158       0x20 ./Project_Settings/Startup_Code/startup.o
                0x00001158                __init_registers
 .text.__init_user
                0x00001178        0xc ./Project_Settings/Startup_Code/startup.o
                0x00001178                __init_user
 .text.__thumb_startup
                0x00001184       0x34 ./Project_Settings/Startup_Code/startup.o
                0x00001184                __thumb_startup
 .text.Common_Init
                0x000011b8       0xb4 ./Generated_Code/Cpu.o
                0x000011b8                Common_Init
 .text.Components_Init
                0x0000126c        0xc ./Generated_Code/Cpu.o
                0x0000126c                Components_Init
 .text.Cpu_INT_NMIInterrupt
                0x00001278       0x1c ./Generated_Code/Cpu.o
                0x00001278                Cpu_INT_NMIInterrupt
 .text._read    0x00001294       0x7c ./Generated_Code/CsIO1.o
                0x00001294                _read
 .text._write   0x00001310       0x74 ./Generated_Code/CsIO1.o
                0x00001310                _write
 .text.IO1_Init
                0x00001384      0x104 ./Generated_Code/IO1.o
                0x00001384                IO1_Init
 .text.HWEnDi   0x00001488       0x64 ./Generated_Code/IO1.o
 .text.IO1_SetClockConfiguration
                0x000014ec       0xd0 ./Generated_Code/IO1.o
                0x000014ec                IO1_SetClockConfiguration
 .text.exit     0x000015bc       0x28 c:/freescale/kds_v3/toolchain/bin/../lib/gcc/arm-none-eabi/4.8.4/../../../../arm-none-eabi/lib/armv7e-m/fpu\libg_s.a(lib_a-exit.o)
                0x000015bc                exit
 .text.__libc_init_array
                0x000015e4       0x4c c:/freescale/kds_v3/toolchain/bin/../lib/gcc/arm-none-eabi/4.8.4/../../../../arm-none-eabi/lib/armv7e-m/fpu\libg_s.a(lib_a-init.o)
                0x000015e4                __libc_init_array
 .text.memset   0x00001630       0x10 c:/freescale/kds_v3/toolchain/bin/../lib/gcc/arm-none-eabi/4.8.4/../../../../arm-none-eabi/lib/armv7e-m/fpu\libg_s.a(lib_a-memset.o)
                0x00001630                memset
 .text.printf   0x00001640       0x30 c:/freescale/kds_v3/toolchain/bin/../lib/gcc/arm-none-eabi/4.8.4/../../../../arm-none-eabi/lib/armv7e-m/fpu\libg_s.a(lib_a-printf.o)
                0x00001640                iprintf
                0x00001640                printf
 .text._puts_r  0x00001670       0xc0 c:/freescale/kds_v3/toolchain/bin/../lib/gcc/arm-none-eabi/4.8.4/../../../../arm-none-eabi/lib/armv7e-m/fpu\libg_s.a(lib_a-puts.o)
                0x00001670                _puts_r
 .text.puts     0x00001730       0x10 c:/freescale/kds_v3/toolchain/bin/../lib/gcc/arm-none-eabi/4.8.4/../../../../arm-none-eabi/lib/armv7e-m/fpu\libg_s.a(lib_a-puts.o)
                0x00001730                puts
 .text.sprintf  0x00001740       0x48 c:/freescale/kds_v3/toolchain/bin/../lib/gcc/arm-none-eabi/4.8.4/../../../../arm-none-eabi/lib/armv7e-m/fpu\libg_s.a(lib_a-sprintf.o)
                0x00001740                siprintf
                0x00001740                sprintf
 .text.__ssputs_r
                0x00001788       0xb8 c:/freescale/kds_v3/toolchain/bin/../lib/gcc/arm-none-eabi/4.8.4/../../../../arm-none-eabi/lib/armv7e-m/fpu\libg_s.a(lib_a-svfprintf.o)
                0x00001788                __ssputs_r
 .text._svfprintf_r
                0x00001840      0x1dc c:/freescale/kds_v3/toolchain/bin/../lib/gcc/arm-none-eabi/4.8.4/../../../../arm-none-eabi/lib/armv7e-m/fpu\libg_s.a(lib_a-svfprintf.o)
                0x00001840                _svfiprintf_r
                0x00001840                _svfprintf_r
 .text.__sfputc_r
                0x00001a1c       0x2c c:/freescale/kds_v3/toolchain/bin/../lib/gcc/arm-none-eabi/4.8.4/../../../../arm-none-eabi/lib/armv7e-m/fpu\libg_s.a(lib_a-vfprintf.o)
 .text.__sfputs_r
                0x00001a48       0x24 c:/freescale/kds_v3/toolchain/bin/../lib/gcc/arm-none-eabi/4.8.4/../../../../arm-none-eabi/lib/armv7e-m/fpu\libg_s.a(lib_a-vfprintf.o)
                0x00001a48                __sfputs_r
 .text._vfprintf_r
                0x00001a6c      0x208 c:/freescale/kds_v3/toolchain/bin/../lib/gcc/arm-none-eabi/4.8.4/../../../../arm-none-eabi/lib/armv7e-m/fpu\libg_s.a(lib_a-vfprintf.o)
                0x00001a6c                _vfprintf_r
                0x00001a6c                _vfiprintf_r
 .text._printf_common
                0x00001c74       0xe4 c:/freescale/kds_v3/toolchain/bin/../lib/gcc/arm-none-eabi/4.8.4/../../../../arm-none-eabi/lib/armv7e-m/fpu\libg_s.a(lib_a-vfprintf_i.o)
                0x00001c74                _printf_common
 .text._printf_i
                0x00001d58      0x228 c:/freescale/kds_v3/toolchain/bin/../lib/gcc/arm-none-eabi/4.8.4/../../../../arm-none-eabi/lib/armv7e-m/fpu\libg_s.a(lib_a-vfprintf_i.o)
                0x00001d58                _printf_i
 .text.__swbuf_r
                0x00001f80       0xa8 c:/freescale/kds_v3/toolchain/bin/../lib/gcc/arm-none-eabi/4.8.4/../../../../arm-none-eabi/lib/armv7e-m/fpu\libg_s.a(lib_a-wbuf.o)
                0x00001f80                __swbuf_r
 .text.__swsetup_r
                0x00002028       0xdc c:/freescale/kds_v3/toolchain/bin/../lib/gcc/arm-none-eabi/4.8.4/../../../../arm-none-eabi/lib/armv7e-m/fpu\libg_s.a(lib_a-wsetup.o)
                0x00002028                __swsetup_r
 .text.__sflush_r
                0x00002104      0x106 c:/freescale/kds_v3/toolchain/bin/../lib/gcc/arm-none-eabi/4.8.4/../../../../arm-none-eabi/lib/armv7e-m/fpu\libg_s.a(lib_a-fflush.o)
                0x00002104                __sflush_r
 *fill*         0x0000220a        0x2 
 .text._fflush_r
                0x0000220c       0x54 c:/freescale/kds_v3/toolchain/bin/../lib/gcc/arm-none-eabi/4.8.4/../../../../arm-none-eabi/lib/armv7e-m/fpu\libg_s.a(lib_a-fflush.o)
                0x0000220c                _fflush_r
 .text._cleanup_r
                0x00002260       0x32 c:/freescale/kds_v3/toolchain/bin/../lib/gcc/arm-none-eabi/4.8.4/../../../../arm-none-eabi/lib/armv7e-m/fpu\libg_s.a(lib_a-findfp.o)
                0x00002260                _cleanup_r
 *fill*         0x00002292        0x2 
 .text.std.isra.0
                0x00002294       0x48 c:/freescale/kds_v3/toolchain/bin/../lib/gcc/arm-none-eabi/4.8.4/../../../../arm-none-eabi/lib/armv7e-m/fpu\libg_s.a(lib_a-findfp.o)
 .text.__sfmoreglue
                0x000022dc       0x2c c:/freescale/kds_v3/toolchain/bin/../lib/gcc/arm-none-eabi/4.8.4/../../../../arm-none-eabi/lib/armv7e-m/fpu\libg_s.a(lib_a-findfp.o)
                0x000022dc                __sfmoreglue
 .text.__sinit  0x00002308       0x60 c:/freescale/kds_v3/toolchain/bin/../lib/gcc/arm-none-eabi/4.8.4/../../../../arm-none-eabi/lib/armv7e-m/fpu\libg_s.a(lib_a-findfp.o)
                0x00002308                __sinit
 .text.__sfp    0x00002368       0x74 c:/freescale/kds_v3/toolchain/bin/../lib/gcc/arm-none-eabi/4.8.4/../../../../arm-none-eabi/lib/armv7e-m/fpu\libg_s.a(lib_a-findfp.o)
                0x00002368                __sfp
 .text.__smakebuf_r
                0x000023dc       0x9c c:/freescale/kds_v3/toolchain/bin/../lib/gcc/arm-none-eabi/4.8.4/../../../../arm-none-eabi/lib/armv7e-m/fpu\libg_s.a(lib_a-makebuf.o)
                0x000023dc                __smakebuf_r
 .text.memchr   0x00002478       0x1e c:/freescale/kds_v3/toolchain/bin/../lib/gcc/arm-none-eabi/4.8.4/../../../../arm-none-eabi/lib/armv7e-m/fpu\libg_s.a(lib_a-memchr-stub.o)
                0x00002478                memchr
 .text.memcpy   0x00002496       0x12 c:/freescale/kds_v3/toolchain/bin/../lib/gcc/arm-none-eabi/4.8.4/../../../../arm-none-eabi/lib/armv7e-m/fpu\libg_s.a(lib_a-memcpy-stub.o)
                0x00002496                memcpy
 .text.memmove  0x000024a8       0x36 c:/freescale/kds_v3/toolchain/bin/../lib/gcc/arm-none-eabi/4.8.4/../../../../arm-none-eabi/lib/armv7e-m/fpu\libg_s.a(lib_a-memmove.o)
                0x000024a8                memmove
 *fill*         0x000024de        0x2 
 .text._free_r  0x000024e0       0x88 c:/freescale/kds_v3/toolchain/bin/../lib/gcc/arm-none-eabi/4.8.4/../../../../arm-none-eabi/lib/armv7e-m/fpu\libg_s.a(lib_a-nano-freer.o)
                0x000024e0                _free_r
 .text._malloc_r
                0x00002568       0xa8 c:/freescale/kds_v3/toolchain/bin/../lib/gcc/arm-none-eabi/4.8.4/../../../../arm-none-eabi/lib/armv7e-m/fpu\libg_s.a(lib_a-nano-mallocr.o)
                0x00002568                _malloc_r
 .text._realloc_r
                0x00002610       0x4c c:/freescale/kds_v3/toolchain/bin/../lib/gcc/arm-none-eabi/4.8.4/../../../../arm-none-eabi/lib/armv7e-m/fpu\libg_s.a(lib_a-nano-reallocr.o)
                0x00002610                _realloc_r
 .text._sbrk_r  0x0000265c       0x20 c:/freescale/kds_v3/toolchain/bin/../lib/gcc/arm-none-eabi/4.8.4/../../../../arm-none-eabi/lib/armv7e-m/fpu\libg_s.a(lib_a-sbrkr.o)
                0x0000265c                _sbrk_r
 .text.__sread  0x0000267c       0x22 c:/freescale/kds_v3/toolchain/bin/../lib/gcc/arm-none-eabi/4.8.4/../../../../arm-none-eabi/lib/armv7e-m/fpu\libg_s.a(lib_a-stdio.o)
                0x0000267c                __sread
 .text.__swrite
                0x0000269e       0x38 c:/freescale/kds_v3/toolchain/bin/../lib/gcc/arm-none-eabi/4.8.4/../../../../arm-none-eabi/lib/armv7e-m/fpu\libg_s.a(lib_a-stdio.o)
                0x0000269e                __swrite
 .text.__sseek  0x000026d6       0x24 c:/freescale/kds_v3/toolchain/bin/../lib/gcc/arm-none-eabi/4.8.4/../../../../arm-none-eabi/lib/armv7e-m/fpu\libg_s.a(lib_a-stdio.o)
                0x000026d6                __sseek
 .text.__sclose
                0x000026fa        0x8 c:/freescale/kds_v3/toolchain/bin/../lib/gcc/arm-none-eabi/4.8.4/../../../../arm-none-eabi/lib/armv7e-m/fpu\libg_s.a(lib_a-stdio.o)
                0x000026fa                __sclose
 .text.strlen   0x00002702       0x10 c:/freescale/kds_v3/toolchain/bin/../lib/gcc/arm-none-eabi/4.8.4/../../../../arm-none-eabi/lib/armv7e-m/fpu\libg_s.a(lib_a-strlen.o)
                0x00002702                strlen
 *fill*         0x00002712        0x2 
 .text._write_r
                0x00002714       0x24 c:/freescale/kds_v3/toolchain/bin/../lib/gcc/arm-none-eabi/4.8.4/../../../../arm-none-eabi/lib/armv7e-m/fpu\libg_s.a(lib_a-writer.o)
                0x00002714                _write_r
 .text._close_r
                0x00002738       0x20 c:/freescale/kds_v3/toolchain/bin/../lib/gcc/arm-none-eabi/4.8.4/../../../../arm-none-eabi/lib/armv7e-m/fpu\libg_s.a(lib_a-closer.o)
                0x00002738                _close_r
 .text._fstat_r
                0x00002758       0x24 c:/freescale/kds_v3/toolchain/bin/../lib/gcc/arm-none-eabi/4.8.4/../../../../arm-none-eabi/lib/armv7e-m/fpu\libg_s.a(lib_a-fstatr.o)
                0x00002758                _fstat_r
 .text._isatty_r
                0x0000277c       0x20 c:/freescale/kds_v3/toolchain/bin/../lib/gcc/arm-none-eabi/4.8.4/../../../../arm-none-eabi/lib/armv7e-m/fpu\libg_s.a(lib_a-isattyr.o)
                0x0000277c                _isatty_r
 .text._lseek_r
                0x0000279c       0x24 c:/freescale/kds_v3/toolchain/bin/../lib/gcc/arm-none-eabi/4.8.4/../../../../arm-none-eabi/lib/armv7e-m/fpu\libg_s.a(lib_a-lseekr.o)
                0x0000279c                _lseek_r
 .text._malloc_usable_size_r
                0x000027c0       0x12 c:/freescale/kds_v3/toolchain/bin/../lib/gcc/arm-none-eabi/4.8.4/../../../../arm-none-eabi/lib/armv7e-m/fpu\libg_s.a(lib_a-nano-msizer.o)
                0x000027c0                _malloc_usable_size_r
 *fill*         0x000027d2        0x2 
 .text._read_r  0x000027d4       0x24 c:/freescale/kds_v3/toolchain/bin/../lib/gcc/arm-none-eabi/4.8.4/../../../../arm-none-eabi/lib/armv7e-m/fpu\libg_s.a(lib_a-readr.o)
                0x000027d4                _read_r
 .text._close   0x000027f8       0x10 c:/freescale/kds_v3/toolchain/bin/../lib/gcc/arm-none-eabi/4.8.4/../../../../arm-none-eabi/lib/armv7e-m/fpu\libnosys.a(close.o)
                0x000027f8                _close
 .text._fstat   0x00002808       0x10 c:/freescale/kds_v3/toolchain/bin/../lib/gcc/arm-none-eabi/4.8.4/../../../../arm-none-eabi/lib/armv7e-m/fpu\libnosys.a(fstat.o)
                0x00002808                _fstat
 .text._isatty  0x00002818       0x10 c:/freescale/kds_v3/toolchain/bin/../lib/gcc/arm-none-eabi/4.8.4/../../../../arm-none-eabi/lib/armv7e-m/fpu\libnosys.a(isatty.o)
                0x00002818                _isatty
 .text._lseek   0x00002828       0x10 c:/freescale/kds_v3/toolchain/bin/../lib/gcc/arm-none-eabi/4.8.4/../../../../arm-none-eabi/lib/armv7e-m/fpu\libnosys.a(lseek.o)
                0x00002828                _lseek
 .text._sbrk    0x00002838       0x34 c:/freescale/kds_v3/toolchain/bin/../lib/gcc/arm-none-eabi/4.8.4/../../../../arm-none-eabi/lib/armv7e-m/fpu\libnosys.a(sbrk.o)
                0x00002838                _sbrk
 .text._exit    0x0000286c        0x4 c:/freescale/kds_v3/toolchain/bin/../lib/gcc/arm-none-eabi/4.8.4/../../../../arm-none-eabi/lib/armv7e-m/fpu\libnosys.a(_exit.o)
                0x0000286c                _exit
 *(.rodata)
 .rodata        0x00002870       0xa0 ./Sources/main.o
 *(.rodata*)
 .rodata.ClockGenModeMatrix
                0x00002910       0x80 ./Static_Code/System/CPU_Init.o
 .rodata.CPU_ClockConfigDescriptors
                0x00002990       0x54 ./Static_Code/System/CPU_Init.o
 .rodata.CPU_DefaultFEI
                0x000029e4        0x8 ./Static_Code/System/CPU_Init.o
 .rodata.CPU_DefaultFBI
                0x000029ec        0x8 ./Static_Code/System/CPU_Init.o
 .rodata.CPU_DefaultBLPI
                0x000029f4        0x8 ./Static_Code/System/CPU_Init.o
 .rodata.CPU_DefaultFEE
                0x000029fc        0x8 ./Static_Code/System/CPU_Init.o
 .rodata.CPU_DefaultFBE
                0x00002a04        0x8 ./Static_Code/System/CPU_Init.o
 .rodata.CPU_DefaultBLPE
                0x00002a0c        0x8 ./Static_Code/System/CPU_Init.o
 .rodata.CPU_DefaultPBE
                0x00002a14        0x8 ./Static_Code/System/CPU_Init.o
 .rodata.CPU_DefaultPEE
                0x00002a1c        0x8 ./Static_Code/System/CPU_Init.o
 .rodata.CPU_ClockGenModeRegs
                0x00002a24       0x20 ./Static_Code/System/CPU_Init.o
 .rodata.str1.1
                0x00002a44        0x2 c:/freescale/kds_v3/toolchain/bin/../lib/gcc/arm-none-eabi/4.8.4/../../../../arm-none-eabi/lib/armv7e-m/fpu\libg_s.a(lib_a-impure.o)
 *fill*         0x00002a46        0x2 
 .rodata._global_impure_ptr
                0x00002a48        0x4 c:/freescale/kds_v3/toolchain/bin/../lib/gcc/arm-none-eabi/4.8.4/../../../../arm-none-eabi/lib/armv7e-m/fpu\libg_s.a(lib_a-impure.o)
                0x00002a48                _global_impure_ptr
 .rodata.str1.1
                0x00002a4c       0x11 c:/freescale/kds_v3/toolchain/bin/../lib/gcc/arm-none-eabi/4.8.4/../../../../arm-none-eabi/lib/armv7e-m/fpu\libg_s.a(lib_a-svfprintf.o)
 .rodata.str1.1
                0x00000000       0x11 c:/freescale/kds_v3/toolchain/bin/../lib/gcc/arm-none-eabi/4.8.4/../../../../arm-none-eabi/lib/armv7e-m/fpu\libg_s.a(lib_a-vfprintf.o)
 .rodata.str1.1
                0x00002a5d       0x22 c:/freescale/kds_v3/toolchain/bin/../lib/gcc/arm-none-eabi/4.8.4/../../../../arm-none-eabi/lib/armv7e-m/fpu\libg_s.a(lib_a-vfprintf_i.o)
 *fill*         0x00002a7f        0x1 
 .rodata.__sf_fake_stdin
                0x00002a80       0x20 c:/freescale/kds_v3/toolchain/bin/../lib/gcc/arm-none-eabi/4.8.4/../../../../arm-none-eabi/lib/armv7e-m/fpu\libg_s.a(lib_a-findfp.o)
                0x00002a80                __sf_fake_stdin
 .rodata.__sf_fake_stdout
                0x00002aa0       0x20 c:/freescale/kds_v3/toolchain/bin/../lib/gcc/arm-none-eabi/4.8.4/../../../../arm-none-eabi/lib/armv7e-m/fpu\libg_s.a(lib_a-findfp.o)
                0x00002aa0                __sf_fake_stdout
 .rodata.__sf_fake_stderr
                0x00002ac0       0x20 c:/freescale/kds_v3/toolchain/bin/../lib/gcc/arm-none-eabi/4.8.4/../../../../arm-none-eabi/lib/armv7e-m/fpu\libg_s.a(lib_a-findfp.o)
                0x00002ac0                __sf_fake_stderr
 *(.glue_7)
 .glue_7        0x00000000        0x0 linker stubs
 *(.glue_7t)
 .glue_7t       0x00000000        0x0 linker stubs
 *(.eh_frame)
 .eh_frame      0x00002ae0        0x0 c:/freescale/kds_v3/toolchain/bin/../lib/gcc/arm-none-eabi/4.8.4/armv7e-m/fpu/crtbegin.o
 *(.init)
 .init          0x00002ae0        0x4 c:/freescale/kds_v3/toolchain/bin/../lib/gcc/arm-none-eabi/4.8.4/armv7e-m/fpu/crti.o
                0x00002ae0                _init
 .init          0x00002ae4        0x8 c:/freescale/kds_v3/toolchain/bin/../lib/gcc/arm-none-eabi/4.8.4/armv7e-m/fpu/crtn.o
 *(.fini)
 .fini          0x00002aec        0x4 c:/freescale/kds_v3/toolchain/bin/../lib/gcc/arm-none-eabi/4.8.4/armv7e-m/fpu/crti.o
                0x00002aec                _fini
 .fini          0x00002af0        0x8 c:/freescale/kds_v3/toolchain/bin/../lib/gcc/arm-none-eabi/4.8.4/armv7e-m/fpu/crtn.o
                0x00002af8                . = ALIGN (0x4)
                0x00002af8                _etext = .

.vfp11_veneer   0x00002af8        0x0
 .vfp11_veneer  0x00000000        0x0 linker stubs

.v4_bx          0x00002af8        0x0
 .v4_bx         0x00000000        0x0 linker stubs

.iplt           0x00002af8        0x0
 .iplt          0x00000000        0x0 c:/freescale/kds_v3/toolchain/bin/../lib/gcc/arm-none-eabi/4.8.4/armv7e-m/fpu/crtbegin.o

.ARM.extab
 *(.ARM.extab* .gnu.linkonce.armextab.*)

.ARM            0x00002af8        0x8
                0x00002af8                __exidx_start = .
 *(.ARM.exidx*)
 .ARM.exidx     0x00002af8        0x8 c:/freescale/kds_v3/toolchain/bin/../lib/gcc/arm-none-eabi/4.8.4/../../../../arm-none-eabi/lib/armv7e-m/fpu/crt0.o
                0x00002b00                __exidx_end = .

.rel.dyn        0x00002b00        0x0
 .rel.iplt      0x00000000        0x0 c:/freescale/kds_v3/toolchain/bin/../lib/gcc/arm-none-eabi/4.8.4/armv7e-m/fpu/crtbegin.o

.ctors          0x00002b00        0x0
                0x00002b00                __CTOR_LIST__ = .
 *crtbegin.o(.ctors)
 *(EXCLUDE_FILE(*crtend.o) .ctors)
 *(SORT(.ctors.*))
 *(.ctors)
                0x00002b00                __CTOR_END__ = .

.dtors          0x00002b00        0x0
                0x00002b00                __DTOR_LIST__ = .
 *crtbegin.o(.dtors)
 *(EXCLUDE_FILE(*crtend.o) .dtors)
 *(SORT(.dtors.*))
 *(.dtors)
                0x00002b00                __DTOR_END__ = .

.preinit_array  0x00002b00        0x0
                0x00002b00                PROVIDE (__preinit_array_start, .)
 *(.preinit_array*)
                0x00002b00                PROVIDE (__preinit_array_end, .)

.init_array     0x00002b00        0x4
                0x00002b00                PROVIDE (__init_array_start, .)
 *(SORT(.init_array.*))
 *(.init_array*)
 .init_array    0x00002b00        0x4 c:/freescale/kds_v3/toolchain/bin/../lib/gcc/arm-none-eabi/4.8.4/armv7e-m/fpu/crtbegin.o
                0x00002b04                PROVIDE (__init_array_end, .)

.fini_array     0x00002b04        0x4
                0x00002b04                PROVIDE (__fini_array_start, .)
 *(SORT(.fini_array.*))
 *(.fini_array*)
 .fini_array    0x00002b04        0x4 c:/freescale/kds_v3/toolchain/bin/../lib/gcc/arm-none-eabi/4.8.4/armv7e-m/fpu/crtbegin.o
                0x00002b08                PROVIDE (__fini_array_end, .)
                0x00002b08                ___ROM_AT = .

.data           0x20000000       0x64 load address 0x00002b08
                0x20000000                . = ALIGN (0x4)
                0x20000000                _sdata = .
 *(.data)
 *(.data*)
 .data.impure_data
                0x20000000       0x60 c:/freescale/kds_v3/toolchain/bin/../lib/gcc/arm-none-eabi/4.8.4/../../../../arm-none-eabi/lib/armv7e-m/fpu\libg_s.a(lib_a-impure.o)
 .data._impure_ptr
                0x20000060        0x4 c:/freescale/kds_v3/toolchain/bin/../lib/gcc/arm-none-eabi/4.8.4/../../../../arm-none-eabi/lib/armv7e-m/fpu\libg_s.a(lib_a-impure.o)
                0x20000060                _impure_ptr
                0x20000064                . = ALIGN (0x4)
                0x20000064                _edata = .
                0x00000064                ___data_size = (_edata - _sdata)
                0x00002b6c                ___m_data_1FFF0000_ROMStart = (___ROM_AT + SIZEOF (.data))

.jcr            0x20000064        0x0 load address 0x00002b6c
 .jcr           0x20000064        0x0 c:/freescale/kds_v3/toolchain/bin/../lib/gcc/arm-none-eabi/4.8.4/armv7e-m/fpu/crtbegin.o

.igot.plt       0x20000064        0x0 load address 0x00002b6c
 .igot.plt      0x00000000        0x0 c:/freescale/kds_v3/toolchain/bin/../lib/gcc/arm-none-eabi/4.8.4/armv7e-m/fpu/crtbegin.o

.m_data_1FFF0000
                0x1fff0000        0x0 load address 0x00002b6c
                0x1fff0000                . = ALIGN (0x4)
                0x1fff0000                ___m_data_1FFF0000_RAMStart = .
 *(.m_data_1FFF0000)
                0x1fff0000                ___m_data_1FFF0000_RAMEnd = .
                0x1fff0000                . = ALIGN (0x4)
                0x00000000                ___m_data_1FFF0000_ROMSize = (___m_data_1FFF0000_RAMEnd - ___m_data_1FFF0000_RAMStart)
                0x1fff0000                . = ALIGN (0x4)

.bss            0x20000064      0x254 load address 0x00002b6c
                0x20000064                __START_BSS = .
                0x20000064                PROVIDE (__bss_start__, __START_BSS)
 *(.bss)
 .bss           0x20000064       0x1c c:/freescale/kds_v3/toolchain/bin/../lib/gcc/arm-none-eabi/4.8.4/armv7e-m/fpu/crtbegin.o
 *(.bss*)
 .bss.ClockConfigurationID
                0x20000080        0x1 ./Static_Code/System/CPU_Init.o
                0x20000080                ClockConfigurationID
 *fill*         0x20000081        0x3 
 .bss.photo1    0x20000084        0x4 ./Sources/main.o
                0x20000084                photo1
 .bss.photo2    0x20000088        0x4 ./Sources/main.o
                0x20000088                photo2
 .bss.DeviceDataPrv__DEFAULT_RTOS_ALLOC
                0x2000008c       0x18 ./Generated_Code/IO1.o
 .bss.PE_LDD_DeviceDataList
                0x200000a4        0x4 ./Generated_Code/PE_LDD.o
                0x200000a4                PE_LDD_DeviceDataList
 .bss.__malloc_sbrk_start
                0x200000a8        0x4 c:/freescale/kds_v3/toolchain/bin/../lib/gcc/arm-none-eabi/4.8.4/../../../../arm-none-eabi/lib/armv7e-m/fpu\libg_s.a(lib_a-nano-mallocr.o)
                0x200000a8                __malloc_sbrk_start
 .bss.__malloc_free_list
                0x200000ac        0x4 c:/freescale/kds_v3/toolchain/bin/../lib/gcc/arm-none-eabi/4.8.4/../../../../arm-none-eabi/lib/armv7e-m/fpu\libg_s.a(lib_a-nano-mallocr.o)
                0x200000ac                __malloc_free_list
 .bss.heap_end.4246
                0x200000b0        0x4 c:/freescale/kds_v3/toolchain/bin/../lib/gcc/arm-none-eabi/4.8.4/../../../../arm-none-eabi/lib/armv7e-m/fpu\libnosys.a(sbrk.o)
 *(COMMON)
 COMMON         0x200000b4      0x200 ./Sources/main.o
                0x200000b4                write
 COMMON         0x200002b4        0x4 c:/freescale/kds_v3/toolchain/bin/../lib/gcc/arm-none-eabi/4.8.4/../../../../arm-none-eabi/lib/armv7e-m/fpu\libg_s.a(lib_a-reent.o)
                0x200002b4                errno
                0x200002b8                . = ALIGN (0x4)
                0x200002b8                __END_BSS = .
                0x200002b8                PROVIDE (__bss_end__, __END_BSS)
                0x00002b6c                _romp_at = ((___ROM_AT + SIZEOF (.data)) + SIZEOF (.m_data_1FFF0000))

.romp           0x200002b8       0x24 load address 0x00002b6c
                0x00002b6c                __S_romp = _romp_at
                0x200002b8        0x4 LONG 0x2b08 ___ROM_AT
                0x200002bc        0x4 LONG 0x20000000 _sdata
                0x200002c0        0x4 LONG 0x64 ___data_size
                0x200002c4        0x4 LONG 0x2b6c ___m_data_1FFF0000_ROMStart
                0x200002c8        0x4 LONG 0x1fff0000 ___m_data_1FFF0000_RAMStart
                0x200002cc        0x4 LONG 0x0 ___m_data_1FFF0000_ROMSize
                0x200002d0        0x4 LONG 0x0
                0x200002d4        0x4 LONG 0x0
                0x200002d8        0x4 LONG 0x0
                0x00100000                text_end = (ORIGIN (m_text) + 0xffbf0)
                0x00002b90                data_init_end = ((___m_data_1FFF0000_ROMStart + SIZEOF (.m_data_1FFF0000)) + SIZEOF (.romp))
                0x00000001                ASSERT ((data_init_end <= text_end), region m_text overflowed with text and data)

._user_heap_stack
                0x200002dc      0x400 load address 0x00002b90
                0x200002dc                . = ALIGN (0x4)
                0x200002dc                PROVIDE (end, .)
                0x200002dc                PROVIDE (_end, .)
                0x200002dc                PROVIDE (__end__, .)
                0x200002dc                __heap_addr = .
                0x200002dc                __HeapBase = .
                0x200002dc                . = (. + __heap_size)
                0x200002dc                __HeapLimit = .
                0x200006dc                . = (. + __stack_size)
 *fill*         0x200002dc      0x400 
                0x200006dc                . = ALIGN (0x4)

.ARM.attributes
                0x00000000       0x30
 *(.ARM.attributes)
 .ARM.attributes
                0x00000000       0x22 c:/freescale/kds_v3/toolchain/bin/../lib/gcc/arm-none-eabi/4.8.4/armv7e-m/fpu/crti.o
 .ARM.attributes
                0x00000022       0x34 c:/freescale/kds_v3/toolchain/bin/../lib/gcc/arm-none-eabi/4.8.4/armv7e-m/fpu/crtbegin.o
 .ARM.attributes
                0x00000056       0x20 c:/freescale/kds_v3/toolchain/bin/../lib/gcc/arm-none-eabi/4.8.4/../../../../arm-none-eabi/lib/armv7e-m/fpu/crt0.o
 .ARM.attributes
                0x00000076       0x39 ./Static_Code/System/CPU_Init.o
 .ARM.attributes
                0x000000af       0x39 ./Static_Code/System/Vectors.o
 .ARM.attributes
                0x000000e8       0x39 ./Sources/Events.o
 .ARM.attributes
                0x00000121       0x39 ./Sources/main.o
 .ARM.attributes
                0x0000015a       0x39 ./Project_Settings/Startup_Code/startup.o
 .ARM.attributes
                0x00000193       0x39 ./Generated_Code/Cpu.o
 .ARM.attributes
                0x000001cc       0x39 ./Generated_Code/CsIO1.o
 .ARM.attributes
                0x00000205       0x39 ./Generated_Code/IO1.o
 .ARM.attributes
                0x0000023e       0x39 ./Generated_Code/PE_LDD.o
 .ARM.attributes
                0x00000277       0x34 c:/freescale/kds_v3/toolchain/bin/../lib/gcc/arm-none-eabi/4.8.4/../../../../arm-none-eabi/lib/armv7e-m/fpu\libg_s.a(lib_a-exit.o)
 .ARM.attributes
                0x000002ab       0x34 c:/freescale/kds_v3/toolchain/bin/../lib/gcc/arm-none-eabi/4.8.4/../../../../arm-none-eabi/lib/armv7e-m/fpu\libg_s.a(lib_a-impure.o)
 .ARM.attributes
                0x000002df       0x34 c:/freescale/kds_v3/toolchain/bin/../lib/gcc/arm-none-eabi/4.8.4/../../../../arm-none-eabi/lib/armv7e-m/fpu\libg_s.a(lib_a-init.o)
 .ARM.attributes
                0x00000313       0x34 c:/freescale/kds_v3/toolchain/bin/../lib/gcc/arm-none-eabi/4.8.4/../../../../arm-none-eabi/lib/armv7e-m/fpu\libg_s.a(lib_a-memset.o)
 .ARM.attributes
                0x00000347       0x34 c:/freescale/kds_v3/toolchain/bin/../lib/gcc/arm-none-eabi/4.8.4/../../../../arm-none-eabi/lib/armv7e-m/fpu\libg_s.a(lib_a-printf.o)
 .ARM.attributes
                0x0000037b       0x34 c:/freescale/kds_v3/toolchain/bin/../lib/gcc/arm-none-eabi/4.8.4/../../../../arm-none-eabi/lib/armv7e-m/fpu\libg_s.a(lib_a-puts.o)
 .ARM.attributes
                0x000003af       0x34 c:/freescale/kds_v3/toolchain/bin/../lib/gcc/arm-none-eabi/4.8.4/../../../../arm-none-eabi/lib/armv7e-m/fpu\libg_s.a(lib_a-sprintf.o)
 .ARM.attributes
                0x000003e3       0x34 c:/freescale/kds_v3/toolchain/bin/../lib/gcc/arm-none-eabi/4.8.4/../../../../arm-none-eabi/lib/armv7e-m/fpu\libg_s.a(lib_a-svfprintf.o)
 .ARM.attributes
                0x00000417       0x34 c:/freescale/kds_v3/toolchain/bin/../lib/gcc/arm-none-eabi/4.8.4/../../../../arm-none-eabi/lib/armv7e-m/fpu\libg_s.a(lib_a-vfprintf.o)
 .ARM.attributes
                0x0000044b       0x34 c:/freescale/kds_v3/toolchain/bin/../lib/gcc/arm-none-eabi/4.8.4/../../../../arm-none-eabi/lib/armv7e-m/fpu\libg_s.a(lib_a-vfprintf_i.o)
 .ARM.attributes
                0x0000047f       0x34 c:/freescale/kds_v3/toolchain/bin/../lib/gcc/arm-none-eabi/4.8.4/../../../../arm-none-eabi/lib/armv7e-m/fpu\libg_s.a(lib_a-wbuf.o)
 .ARM.attributes
                0x000004b3       0x34 c:/freescale/kds_v3/toolchain/bin/../lib/gcc/arm-none-eabi/4.8.4/../../../../arm-none-eabi/lib/armv7e-m/fpu\libg_s.a(lib_a-wsetup.o)
 .ARM.attributes
                0x000004e7       0x34 c:/freescale/kds_v3/toolchain/bin/../lib/gcc/arm-none-eabi/4.8.4/../../../../arm-none-eabi/lib/armv7e-m/fpu\libg_s.a(lib_a-fflush.o)
 .ARM.attributes
                0x0000051b       0x34 c:/freescale/kds_v3/toolchain/bin/../lib/gcc/arm-none-eabi/4.8.4/../../../../arm-none-eabi/lib/armv7e-m/fpu\libg_s.a(lib_a-findfp.o)
 .ARM.attributes
                0x0000054f       0x34 c:/freescale/kds_v3/toolchain/bin/../lib/gcc/arm-none-eabi/4.8.4/../../../../arm-none-eabi/lib/armv7e-m/fpu\libg_s.a(lib_a-makebuf.o)
 .ARM.attributes
                0x00000583       0x34 c:/freescale/kds_v3/toolchain/bin/../lib/gcc/arm-none-eabi/4.8.4/../../../../arm-none-eabi/lib/armv7e-m/fpu\libg_s.a(lib_a-memchr-stub.o)
 .ARM.attributes
                0x000005b7       0x34 c:/freescale/kds_v3/toolchain/bin/../lib/gcc/arm-none-eabi/4.8.4/../../../../arm-none-eabi/lib/armv7e-m/fpu\libg_s.a(lib_a-memcpy-stub.o)
 .ARM.attributes
                0x000005eb       0x34 c:/freescale/kds_v3/toolchain/bin/../lib/gcc/arm-none-eabi/4.8.4/../../../../arm-none-eabi/lib/armv7e-m/fpu\libg_s.a(lib_a-memmove.o)
 .ARM.attributes
                0x0000061f       0x34 c:/freescale/kds_v3/toolchain/bin/../lib/gcc/arm-none-eabi/4.8.4/../../../../arm-none-eabi/lib/armv7e-m/fpu\libg_s.a(lib_a-nano-freer.o)
 .ARM.attributes
                0x00000653       0x34 c:/freescale/kds_v3/toolchain/bin/../lib/gcc/arm-none-eabi/4.8.4/../../../../arm-none-eabi/lib/armv7e-m/fpu\libg_s.a(lib_a-nano-mallocr.o)
 .ARM.attributes
                0x00000687       0x34 c:/freescale/kds_v3/toolchain/bin/../lib/gcc/arm-none-eabi/4.8.4/../../../../arm-none-eabi/lib/armv7e-m/fpu\libg_s.a(lib_a-nano-reallocr.o)
 .ARM.attributes
                0x000006bb       0x34 c:/freescale/kds_v3/toolchain/bin/../lib/gcc/arm-none-eabi/4.8.4/../../../../arm-none-eabi/lib/armv7e-m/fpu\libg_s.a(lib_a-sbrkr.o)
 .ARM.attributes
                0x000006ef       0x34 c:/freescale/kds_v3/toolchain/bin/../lib/gcc/arm-none-eabi/4.8.4/../../../../arm-none-eabi/lib/armv7e-m/fpu\libg_s.a(lib_a-stdio.o)
 .ARM.attributes
                0x00000723       0x34 c:/freescale/kds_v3/toolchain/bin/../lib/gcc/arm-none-eabi/4.8.4/../../../../arm-none-eabi/lib/armv7e-m/fpu\libg_s.a(lib_a-strlen.o)
 .ARM.attributes
                0x00000757       0x34 c:/freescale/kds_v3/toolchain/bin/../lib/gcc/arm-none-eabi/4.8.4/../../../../arm-none-eabi/lib/armv7e-m/fpu\libg_s.a(lib_a-writer.o)
 .ARM.attributes
                0x0000078b       0x34 c:/freescale/kds_v3/toolchain/bin/../lib/gcc/arm-none-eabi/4.8.4/../../../../arm-none-eabi/lib/armv7e-m/fpu\libg_s.a(lib_a-closer.o)
 .ARM.attributes
                0x000007bf       0x34 c:/freescale/kds_v3/toolchain/bin/../lib/gcc/arm-none-eabi/4.8.4/../../../../arm-none-eabi/lib/armv7e-m/fpu\libg_s.a(lib_a-fstatr.o)
 .ARM.attributes
                0x000007f3       0x34 c:/freescale/kds_v3/toolchain/bin/../lib/gcc/arm-none-eabi/4.8.4/../../../../arm-none-eabi/lib/armv7e-m/fpu\libg_s.a(lib_a-isattyr.o)
 .ARM.attributes
                0x00000827       0x34 c:/freescale/kds_v3/toolchain/bin/../lib/gcc/arm-none-eabi/4.8.4/../../../../arm-none-eabi/lib/armv7e-m/fpu\libg_s.a(lib_a-lseekr.o)
 .ARM.attributes
                0x0000085b       0x34 c:/freescale/kds_v3/toolchain/bin/../lib/gcc/arm-none-eabi/4.8.4/../../../../arm-none-eabi/lib/armv7e-m/fpu\libg_s.a(lib_a-nano-msizer.o)
 .ARM.attributes
                0x0000088f       0x34 c:/freescale/kds_v3/toolchain/bin/../lib/gcc/arm-none-eabi/4.8.4/../../../../arm-none-eabi/lib/armv7e-m/fpu\libg_s.a(lib_a-readr.o)
 .ARM.attributes
                0x000008c3       0x34 c:/freescale/kds_v3/toolchain/bin/../lib/gcc/arm-none-eabi/4.8.4/../../../../arm-none-eabi/lib/armv7e-m/fpu\libg_s.a(lib_a-reent.o)
 .ARM.attributes
                0x000008f7       0x34 c:/freescale/kds_v3/toolchain/bin/../lib/gcc/arm-none-eabi/4.8.4/../../../../arm-none-eabi/lib/armv7e-m/fpu\libnosys.a(close.o)
 .ARM.attributes
                0x0000092b       0x34 c:/freescale/kds_v3/toolchain/bin/../lib/gcc/arm-none-eabi/4.8.4/../../../../arm-none-eabi/lib/armv7e-m/fpu\libnosys.a(fstat.o)
 .ARM.attributes
                0x0000095f       0x34 c:/freescale/kds_v3/toolchain/bin/../lib/gcc/arm-none-eabi/4.8.4/../../../../arm-none-eabi/lib/armv7e-m/fpu\libnosys.a(isatty.o)
 .ARM.attributes
                0x00000993       0x34 c:/freescale/kds_v3/toolchain/bin/../lib/gcc/arm-none-eabi/4.8.4/../../../../arm-none-eabi/lib/armv7e-m/fpu\libnosys.a(lseek.o)
 .ARM.attributes
                0x000009c7       0x34 c:/freescale/kds_v3/toolchain/bin/../lib/gcc/arm-none-eabi/4.8.4/../../../../arm-none-eabi/lib/armv7e-m/fpu\libnosys.a(sbrk.o)
 .ARM.attributes
                0x000009fb       0x34 c:/freescale/kds_v3/toolchain/bin/../lib/gcc/arm-none-eabi/4.8.4/../../../../arm-none-eabi/lib/armv7e-m/fpu\libnosys.a(_exit.o)
 .ARM.attributes
                0x00000a2f       0x22 c:/freescale/kds_v3/toolchain/bin/../lib/gcc/arm-none-eabi/4.8.4/armv7e-m/fpu/crtn.o
OUTPUT(Mini_Project_PWM_LCD.elf elf32-littlearm)

.debug_info     0x00000000     0x3099
 .debug_info    0x00000000      0xbe5 ./Static_Code/System/CPU_Init.o
 .debug_info    0x00000be5      0x826 ./Static_Code/System/Vectors.o
 .debug_info    0x0000140b       0x96 ./Sources/Events.o
 .debug_info    0x000014a1      0x80d ./Sources/main.o
 .debug_info    0x00001cae      0x3b0 ./Project_Settings/Startup_Code/startup.o
 .debug_info    0x0000205e      0x36e ./Generated_Code/Cpu.o
 .debug_info    0x000023cc      0x329 ./Generated_Code/CsIO1.o
 .debug_info    0x000026f5      0x753 ./Generated_Code/IO1.o
 .debug_info    0x00002e48      0x251 ./Generated_Code/PE_LDD.o

.debug_abbrev   0x00000000      0xb06
 .debug_abbrev  0x00000000      0x1db ./Static_Code/System/CPU_Init.o
 .debug_abbrev  0x000001db       0xd8 ./Static_Code/System/Vectors.o
 .debug_abbrev  0x000002b3       0x45 ./Sources/Events.o
 .debug_abbrev  0x000002f8      0x191 ./Sources/main.o
 .debug_abbrev  0x00000489      0x189 ./Project_Settings/Startup_Code/startup.o
 .debug_abbrev  0x00000612       0xed ./Generated_Code/Cpu.o
 .debug_abbrev  0x000006ff      0x121 ./Generated_Code/CsIO1.o
 .debug_abbrev  0x00000820      0x1bf ./Generated_Code/IO1.o
 .debug_abbrev  0x000009df      0x127 ./Generated_Code/PE_LDD.o

.debug_aranges  0x00000000      0x500
 .debug_aranges
                0x00000000       0x50 ./Static_Code/System/CPU_Init.o
 .debug_aranges
                0x00000050      0x340 ./Static_Code/System/Vectors.o
 .debug_aranges
                0x00000390       0x20 ./Sources/Events.o
 .debug_aranges
                0x000003b0       0x30 ./Sources/main.o
 .debug_aranges
                0x000003e0       0x50 ./Project_Settings/Startup_Code/startup.o
 .debug_aranges
                0x00000430       0x30 ./Generated_Code/Cpu.o
 .debug_aranges
                0x00000460       0x28 ./Generated_Code/CsIO1.o
 .debug_aranges
                0x00000488       0x48 ./Generated_Code/IO1.o
 .debug_aranges
                0x000004d0       0x30 ./Generated_Code/PE_LDD.o

.debug_ranges   0x00000000      0x470
 .debug_ranges  0x00000000       0x40 ./Static_Code/System/CPU_Init.o
 .debug_ranges  0x00000040      0x330 ./Static_Code/System/Vectors.o
 .debug_ranges  0x00000370       0x10 ./Sources/Events.o
 .debug_ranges  0x00000380       0x20 ./Sources/main.o
 .debug_ranges  0x000003a0       0x40 ./Project_Settings/Startup_Code/startup.o
 .debug_ranges  0x000003e0       0x20 ./Generated_Code/Cpu.o
 .debug_ranges  0x00000400       0x18 ./Generated_Code/CsIO1.o
 .debug_ranges  0x00000418       0x38 ./Generated_Code/IO1.o
 .debug_ranges  0x00000450       0x20 ./Generated_Code/PE_LDD.o

.debug_macro    0x00000000    0x2fafa
 .debug_macro   0x00000000      0x1df ./Static_Code/System/CPU_Init.o
 .debug_macro   0x000001df      0x850 ./Static_Code/System/CPU_Init.o
 .debug_macro   0x00000a2f       0x16 ./Static_Code/System/CPU_Init.o
 .debug_macro   0x00000a45       0x44 ./Static_Code/System/CPU_Init.o
 .debug_macro   0x00000a89      0x209 ./Static_Code/System/CPU_Init.o
 .debug_macro   0x00000c92     0x1775 ./Static_Code/System/CPU_Init.o
 .debug_macro   0x00002407    0x110ae ./Static_Code/System/CPU_Init.o
 .debug_macro   0x000134b5      0x622 ./Static_Code/System/CPU_Init.o
 .debug_macro   0x00013ad7      0x14e ./Static_Code/System/CPU_Init.o
 .debug_macro   0x00013c25       0x6a ./Static_Code/System/CPU_Init.o
 .debug_macro   0x00013c8f       0x58 ./Static_Code/System/CPU_Init.o
 .debug_macro   0x00013ce7       0x35 ./Static_Code/System/CPU_Init.o
 .debug_macro   0x00013d1c       0xa3 ./Static_Code/System/CPU_Init.o
 .debug_macro   0x00013dbf       0x16 ./Static_Code/System/CPU_Init.o
 .debug_macro   0x00013dd5       0x10 ./Static_Code/System/CPU_Init.o
 .debug_macro   0x00013de5       0x1c ./Static_Code/System/CPU_Init.o
 .debug_macro   0x00013e01       0x97 ./Static_Code/System/CPU_Init.o
 .debug_macro   0x00013e98       0x10 ./Static_Code/System/CPU_Init.o
 .debug_macro   0x00013ea8       0xef ./Static_Code/System/CPU_Init.o
 .debug_macro   0x00013f97       0x52 ./Static_Code/System/CPU_Init.o
 .debug_macro   0x00013fe9       0x16 ./Static_Code/System/CPU_Init.o
 .debug_macro   0x00013fff       0x43 ./Static_Code/System/CPU_Init.o
 .debug_macro   0x00014042      0x180 ./Static_Code/System/CPU_Init.o
 .debug_macro   0x000141c2       0x10 ./Static_Code/System/CPU_Init.o
 .debug_macro   0x000141d2       0x22 ./Static_Code/System/CPU_Init.o
 .debug_macro   0x000141f4       0xbd ./Static_Code/System/CPU_Init.o
 .debug_macro   0x000142b1       0x16 ./Static_Code/System/CPU_Init.o
 .debug_macro   0x000142c7      0x14a ./Static_Code/System/CPU_Init.o
 .debug_macro   0x00014411       0x40 ./Static_Code/System/CPU_Init.o
 .debug_macro   0x00014451      0x294 ./Static_Code/System/CPU_Init.o
 .debug_macro   0x000146e5      0x1cd ./Static_Code/System/Vectors.o
 .debug_macro   0x000148b2      0x337 ./Sources/Events.o
 .debug_macro   0x00014be9       0x3a ./Sources/Events.o
 .debug_macro   0x00014c23       0x94 ./Sources/Events.o
 .debug_macro   0x00014cb7      0x616 ./Sources/Events.o
 .debug_macro   0x000152cd      0x625 ./Sources/Events.o
 .debug_macro   0x000158f2      0x328 ./Sources/Events.o
 .debug_macro   0x00015c1a      0x1e9 ./Sources/Events.o
 .debug_macro   0x00015e03      0x109 ./Sources/Events.o
 .debug_macro   0x00015f0c      0x17f ./Sources/Events.o
 .debug_macro   0x0001608b      0x202 ./Sources/Events.o
 .debug_macro   0x0001628d      0x91e ./Sources/Events.o
 .debug_macro   0x00016bab      0x585 ./Sources/Events.o
 .debug_macro   0x00017130       0x9e ./Sources/Events.o
 .debug_macro   0x000171ce      0x1f9 ./Sources/Events.o
 .debug_macro   0x000173c7      0x50f ./Sources/Events.o
 .debug_macro   0x000178d6      0x6a6 ./Sources/Events.o
 .debug_macro   0x00017f7c      0x132 ./Sources/Events.o
 .debug_macro   0x000180ae      0x29c ./Sources/Events.o
 .debug_macro   0x0001834a      0x264 ./Sources/Events.o
 .debug_macro   0x000185ae      0x25b ./Sources/Events.o
 .debug_macro   0x00018809      0x4f1 ./Sources/Events.o
 .debug_macro   0x00018cfa      0x13f ./Sources/Events.o
 .debug_macro   0x00018e39       0x6c ./Sources/Events.o
 .debug_macro   0x00018ea5      0x30d ./Sources/Events.o
 .debug_macro   0x000191b2       0xbb ./Sources/Events.o
 .debug_macro   0x0001926d       0xe9 ./Sources/Events.o
 .debug_macro   0x00019356      0x4ea ./Sources/Events.o
 .debug_macro   0x00019840      0x18f ./Sources/Events.o
 .debug_macro   0x000199cf       0xea ./Sources/Events.o
 .debug_macro   0x00019ab9      0x344 ./Sources/Events.o
 .debug_macro   0x00019dfd      0x824 ./Sources/Events.o
 .debug_macro   0x0001a621      0x179 ./Sources/Events.o
 .debug_macro   0x0001a79a      0x644 ./Sources/Events.o
 .debug_macro   0x0001adde      0xa28 ./Sources/Events.o
 .debug_macro   0x0001b806      0x124 ./Sources/Events.o
 .debug_macro   0x0001b92a      0x648 ./Sources/Events.o
 .debug_macro   0x0001bf72       0x81 ./Sources/Events.o
 .debug_macro   0x0001bff3      0x7bf ./Sources/Events.o
 .debug_macro   0x0001c7b2      0x10f ./Sources/Events.o
 .debug_macro   0x0001c8c1      0x66f ./Sources/Events.o
 .debug_macro   0x0001cf30       0x7b ./Sources/Events.o
 .debug_macro   0x0001cfab      0x182 ./Sources/Events.o
 .debug_macro   0x0001d12d      0x33b ./Sources/main.o
 .debug_macro   0x0001d468      0x121 ./Project_Settings/Startup_Code/startup.o
 .debug_macro   0x0001d589      0x166 ./Project_Settings/Startup_Code/startup.o
 .debug_macro   0x0001d6ef       0x4a ./Project_Settings/Startup_Code/startup.o
 .debug_macro   0x0001d739      0x2a6 ./Project_Settings/Startup_Code/startup.o
 .debug_macro   0x0001d9df       0x10 ./Project_Settings/Startup_Code/startup.o
 .debug_macro   0x0001d9ef       0x35 ./Project_Settings/Startup_Code/startup.o
 .debug_macro   0x0001da24       0x16 ./Project_Settings/Startup_Code/startup.o
 .debug_macro   0x0001da3a       0x22 ./Project_Settings/Startup_Code/startup.o
 .debug_macro   0x0001da5c       0x10 ./Project_Settings/Startup_Code/startup.o
 .debug_macro   0x0001da6c      0x20f ./Project_Settings/Startup_Code/startup.o
 .debug_macro   0x0001dc7b    0x110a2 ./Project_Settings/Startup_Code/startup.o
 .debug_macro   0x0002ed1d      0x1c4 ./Generated_Code/Cpu.o
 .debug_macro   0x0002eee1      0x143 ./Generated_Code/CsIO1.o
 .debug_macro   0x0002f024       0x16 ./Generated_Code/CsIO1.o
 .debug_macro   0x0002f03a       0x52 ./Generated_Code/CsIO1.o
 .debug_macro   0x0002f08c      0x7b9 ./Generated_Code/CsIO1.o
 .debug_macro   0x0002f845      0x108 ./Generated_Code/IO1.o
 .debug_macro   0x0002f94d      0x1ad ./Generated_Code/PE_LDD.o

.debug_line     0x00000000     0x3401
 .debug_line    0x00000000      0x61a ./Static_Code/System/CPU_Init.o
 .debug_line    0x0000061a      0xb65 ./Static_Code/System/Vectors.o
 .debug_line    0x0000117f      0x675 ./Sources/Events.o
 .debug_line    0x000017f4      0x749 ./Sources/main.o
 .debug_line    0x00001f3d      0x413 ./Project_Settings/Startup_Code/startup.o
 .debug_line    0x00002350      0x4bf ./Generated_Code/Cpu.o
 .debug_line    0x0000280f      0x35f ./Generated_Code/CsIO1.o
 .debug_line    0x00002b6e      0x466 ./Generated_Code/IO1.o
 .debug_line    0x00002fd4      0x42d ./Generated_Code/PE_LDD.o

.debug_str      0x00000000    0xeb347
 .debug_str     0x00000000    0x6d45a ./Static_Code/System/CPU_Init.o
                              0x6d673 (size before relaxing)
 .debug_str     0x0006d45a      0x98a ./Static_Code/System/Vectors.o
                              0x6da16 (size before relaxing)
 .debug_str     0x0006dde4    0x7be73 ./Sources/Events.o
                              0xe7e9a (size before relaxing)
 .debug_str     0x000e9c57      0x1b6 ./Sources/main.o
                              0xe8175 (size before relaxing)
 .debug_str     0x000e9e0d     0x1099 ./Project_Settings/Startup_Code/startup.o
                              0x636c4 (size before relaxing)
 .debug_str     0x000eaea6       0x34 ./Generated_Code/Cpu.o
                              0x6c19e (size before relaxing)
 .debug_str     0x000eaeda      0x1a0 ./Generated_Code/CsIO1.o
                              0x6a8af (size before relaxing)
 .debug_str     0x000eb07a      0x162 ./Generated_Code/IO1.o
                              0x79822 (size before relaxing)
 .debug_str     0x000eb1dc      0x16b ./Generated_Code/PE_LDD.o
                              0x6c1fd (size before relaxing)

.comment        0x00000000       0x70
 .comment       0x00000000       0x70 ./Static_Code/System/CPU_Init.o
                                 0x71 (size before relaxing)
 .comment       0x00000000       0x71 ./Static_Code/System/Vectors.o
 .comment       0x00000000       0x71 ./Sources/Events.o
 .comment       0x00000000       0x71 ./Sources/main.o
 .comment       0x00000000       0x71 ./Project_Settings/Startup_Code/startup.o
 .comment       0x00000000       0x71 ./Generated_Code/Cpu.o
 .comment       0x00000000       0x71 ./Generated_Code/CsIO1.o
 .comment       0x00000000       0x71 ./Generated_Code/IO1.o
 .comment       0x00000000       0x71 ./Generated_Code/PE_LDD.o

.debug_frame    0x00000000     0x19c4
 .debug_frame   0x00000000       0xd4 ./Static_Code/System/CPU_Init.o
 .debug_frame   0x000000d4      0xcb0 ./Static_Code/System/Vectors.o
 .debug_frame   0x00000d84       0x28 ./Sources/Events.o
 .debug_frame   0x00000dac       0x60 ./Sources/main.o
 .debug_frame   0x00000e0c       0xc0 ./Project_Settings/Startup_Code/startup.o
 .debug_frame   0x00000ecc       0x68 ./Generated_Code/Cpu.o
 .debug_frame   0x00000f34       0x48 ./Generated_Code/CsIO1.o
 .debug_frame   0x00000f7c       0xc8 ./Generated_Code/IO1.o
 .debug_frame   0x00001044       0x68 ./Generated_Code/PE_LDD.o
 .debug_frame   0x000010ac       0x28 c:/freescale/kds_v3/toolchain/bin/../lib/gcc/arm-none-eabi/4.8.4/../../../../arm-none-eabi/lib/armv7e-m/fpu\libg_s.a(lib_a-exit.o)
 .debug_frame   0x000010d4       0x2c c:/freescale/kds_v3/toolchain/bin/../lib/gcc/arm-none-eabi/4.8.4/../../../../arm-none-eabi/lib/armv7e-m/fpu\libg_s.a(lib_a-init.o)
 .debug_frame   0x00001100       0x20 c:/freescale/kds_v3/toolchain/bin/../lib/gcc/arm-none-eabi/4.8.4/../../../../arm-none-eabi/lib/armv7e-m/fpu\libg_s.a(lib_a-memset.o)
 .debug_frame   0x00001120       0x60 c:/freescale/kds_v3/toolchain/bin/../lib/gcc/arm-none-eabi/4.8.4/../../../../arm-none-eabi/lib/armv7e-m/fpu\libg_s.a(lib_a-printf.o)
 .debug_frame   0x00001180       0x3c c:/freescale/kds_v3/toolchain/bin/../lib/gcc/arm-none-eabi/4.8.4/../../../../arm-none-eabi/lib/armv7e-m/fpu\libg_s.a(lib_a-puts.o)
 .debug_frame   0x000011bc       0x58 c:/freescale/kds_v3/toolchain/bin/../lib/gcc/arm-none-eabi/4.8.4/../../../../arm-none-eabi/lib/armv7e-m/fpu\libg_s.a(lib_a-sprintf.o)
 .debug_frame   0x00001214       0x88 c:/freescale/kds_v3/toolchain/bin/../lib/gcc/arm-none-eabi/4.8.4/../../../../arm-none-eabi/lib/armv7e-m/fpu\libg_s.a(lib_a-svfprintf.o)
 .debug_frame   0x0000129c       0xa8 c:/freescale/kds_v3/toolchain/bin/../lib/gcc/arm-none-eabi/4.8.4/../../../../arm-none-eabi/lib/armv7e-m/fpu\libg_s.a(lib_a-vfprintf.o)
 .debug_frame   0x00001344       0x60 c:/freescale/kds_v3/toolchain/bin/../lib/gcc/arm-none-eabi/4.8.4/../../../../arm-none-eabi/lib/armv7e-m/fpu\libg_s.a(lib_a-vfprintf_i.o)
 .debug_frame   0x000013a4       0x3c c:/freescale/kds_v3/toolchain/bin/../lib/gcc/arm-none-eabi/4.8.4/../../../../arm-none-eabi/lib/armv7e-m/fpu\libg_s.a(lib_a-wbuf.o)
 .debug_frame   0x000013e0       0x2c c:/freescale/kds_v3/toolchain/bin/../lib/gcc/arm-none-eabi/4.8.4/../../../../arm-none-eabi/lib/armv7e-m/fpu\libg_s.a(lib_a-wsetup.o)
 .debug_frame   0x0000140c       0x5c c:/freescale/kds_v3/toolchain/bin/../lib/gcc/arm-none-eabi/4.8.4/../../../../arm-none-eabi/lib/armv7e-m/fpu\libg_s.a(lib_a-fflush.o)
 .debug_frame   0x00001468      0x12c c:/freescale/kds_v3/toolchain/bin/../lib/gcc/arm-none-eabi/4.8.4/../../../../arm-none-eabi/lib/armv7e-m/fpu\libg_s.a(lib_a-findfp.o)
 .debug_frame   0x00001594       0x30 c:/freescale/kds_v3/toolchain/bin/../lib/gcc/arm-none-eabi/4.8.4/../../../../arm-none-eabi/lib/armv7e-m/fpu\libg_s.a(lib_a-makebuf.o)
 .debug_frame   0x000015c4       0x28 c:/freescale/kds_v3/toolchain/bin/../lib/gcc/arm-none-eabi/4.8.4/../../../../arm-none-eabi/lib/armv7e-m/fpu\libg_s.a(lib_a-memchr-stub.o)
 .debug_frame   0x000015ec       0x28 c:/freescale/kds_v3/toolchain/bin/../lib/gcc/arm-none-eabi/4.8.4/../../../../arm-none-eabi/lib/armv7e-m/fpu\libg_s.a(lib_a-memcpy-stub.o)
 .debug_frame   0x00001614       0x2c c:/freescale/kds_v3/toolchain/bin/../lib/gcc/arm-none-eabi/4.8.4/../../../../arm-none-eabi/lib/armv7e-m/fpu\libg_s.a(lib_a-memmove.o)
 .debug_frame   0x00001640       0x2c c:/freescale/kds_v3/toolchain/bin/../lib/gcc/arm-none-eabi/4.8.4/../../../../arm-none-eabi/lib/armv7e-m/fpu\libg_s.a(lib_a-nano-freer.o)
 .debug_frame   0x0000166c       0x2c c:/freescale/kds_v3/toolchain/bin/../lib/gcc/arm-none-eabi/4.8.4/../../../../arm-none-eabi/lib/armv7e-m/fpu\libg_s.a(lib_a-nano-mallocr.o)
 .debug_frame   0x00001698       0x30 c:/freescale/kds_v3/toolchain/bin/../lib/gcc/arm-none-eabi/4.8.4/../../../../arm-none-eabi/lib/armv7e-m/fpu\libg_s.a(lib_a-nano-reallocr.o)
 .debug_frame   0x000016c8       0x2c c:/freescale/kds_v3/toolchain/bin/../lib/gcc/arm-none-eabi/4.8.4/../../../../arm-none-eabi/lib/armv7e-m/fpu\libg_s.a(lib_a-sbrkr.o)
 .debug_frame   0x000016f4       0x80 c:/freescale/kds_v3/toolchain/bin/../lib/gcc/arm-none-eabi/4.8.4/../../../../arm-none-eabi/lib/armv7e-m/fpu\libg_s.a(lib_a-stdio.o)
 .debug_frame   0x00001774       0x20 c:/freescale/kds_v3/toolchain/bin/../lib/gcc/arm-none-eabi/4.8.4/../../../../arm-none-eabi/lib/armv7e-m/fpu\libg_s.a(lib_a-strlen.o)
 .debug_frame   0x00001794       0x2c c:/freescale/kds_v3/toolchain/bin/../lib/gcc/arm-none-eabi/4.8.4/../../../../arm-none-eabi/lib/armv7e-m/fpu\libg_s.a(lib_a-writer.o)
 .debug_frame   0x000017c0       0x2c c:/freescale/kds_v3/toolchain/bin/../lib/gcc/arm-none-eabi/4.8.4/../../../../arm-none-eabi/lib/armv7e-m/fpu\libg_s.a(lib_a-closer.o)
 .debug_frame   0x000017ec       0x2c c:/freescale/kds_v3/toolchain/bin/../lib/gcc/arm-none-eabi/4.8.4/../../../../arm-none-eabi/lib/armv7e-m/fpu\libg_s.a(lib_a-fstatr.o)
 .debug_frame   0x00001818       0x2c c:/freescale/kds_v3/toolchain/bin/../lib/gcc/arm-none-eabi/4.8.4/../../../../arm-none-eabi/lib/armv7e-m/fpu\libg_s.a(lib_a-isattyr.o)
 .debug_frame   0x00001844       0x2c c:/freescale/kds_v3/toolchain/bin/../lib/gcc/arm-none-eabi/4.8.4/../../../../arm-none-eabi/lib/armv7e-m/fpu\libg_s.a(lib_a-lseekr.o)
 .debug_frame   0x00001870       0x20 c:/freescale/kds_v3/toolchain/bin/../lib/gcc/arm-none-eabi/4.8.4/../../../../arm-none-eabi/lib/armv7e-m/fpu\libg_s.a(lib_a-nano-msizer.o)
 .debug_frame   0x00001890       0x2c c:/freescale/kds_v3/toolchain/bin/../lib/gcc/arm-none-eabi/4.8.4/../../../../arm-none-eabi/lib/armv7e-m/fpu\libg_s.a(lib_a-readr.o)
 .debug_frame   0x000018bc       0x48 c:/freescale/kds_v3/toolchain/bin/../lib/gcc/arm-none-eabi/4.8.4/../../../../arm-none-eabi/lib/armv7e-m/fpu\libg_s.a(lib_a-reent.o)
 .debug_frame   0x00001904       0x20 c:/freescale/kds_v3/toolchain/bin/../lib/gcc/arm-none-eabi/4.8.4/../../../../arm-none-eabi/lib/armv7e-m/fpu\libnosys.a(close.o)
 .debug_frame   0x00001924       0x20 c:/freescale/kds_v3/toolchain/bin/../lib/gcc/arm-none-eabi/4.8.4/../../../../arm-none-eabi/lib/armv7e-m/fpu\libnosys.a(fstat.o)
 .debug_frame   0x00001944       0x20 c:/freescale/kds_v3/toolchain/bin/../lib/gcc/arm-none-eabi/4.8.4/../../../../arm-none-eabi/lib/armv7e-m/fpu\libnosys.a(isatty.o)
 .debug_frame   0x00001964       0x20 c:/freescale/kds_v3/toolchain/bin/../lib/gcc/arm-none-eabi/4.8.4/../../../../arm-none-eabi/lib/armv7e-m/fpu\libnosys.a(lseek.o)
 .debug_frame   0x00001984       0x20 c:/freescale/kds_v3/toolchain/bin/../lib/gcc/arm-none-eabi/4.8.4/../../../../arm-none-eabi/lib/armv7e-m/fpu\libnosys.a(sbrk.o)
 .debug_frame   0x000019a4       0x20 c:/freescale/kds_v3/toolchain/bin/../lib/gcc/arm-none-eabi/4.8.4/../../../../arm-none-eabi/lib/armv7e-m/fpu\libnosys.a(_exit.o)

.stab           0x00000000       0x6c
 .stab          0x00000000       0x24 c:/freescale/kds_v3/toolchain/bin/../lib/gcc/arm-none-eabi/4.8.4/../../../../arm-none-eabi/lib/armv7e-m/fpu\libnosys.a(close.o)
 .stab          0x00000024       0x18 c:/freescale/kds_v3/toolchain/bin/../lib/gcc/arm-none-eabi/4.8.4/../../../../arm-none-eabi/lib/armv7e-m/fpu\libnosys.a(fstat.o)
                                 0x24 (size before relaxing)
 .stab          0x0000003c       0x18 c:/freescale/kds_v3/toolchain/bin/../lib/gcc/arm-none-eabi/4.8.4/../../../../arm-none-eabi/lib/armv7e-m/fpu\libnosys.a(isatty.o)
                                 0x24 (size before relaxing)
 .stab          0x00000054       0x18 c:/freescale/kds_v3/toolchain/bin/../lib/gcc/arm-none-eabi/4.8.4/../../../../arm-none-eabi/lib/armv7e-m/fpu\libnosys.a(lseek.o)
                                 0x24 (size before relaxing)

.stabstr        0x00000000       0xe3
 .stabstr       0x00000000       0xe3 c:/freescale/kds_v3/toolchain/bin/../lib/gcc/arm-none-eabi/4.8.4/../../../../arm-none-eabi/lib/armv7e-m/fpu\libnosys.a(close.o)
