Archive member included because of file (symbol)

c:/freescale/kds_v3/toolchain/bin/../lib/gcc/arm-none-eabi/4.8.4/../../../../arm-none-eabi/lib/armv7e-m/fpu\libg_s.a(lib_a-exit.o)
                              c:/freescale/kds_v3/toolchain/bin/../lib/gcc/arm-none-eabi/4.8.4/../../../../arm-none-eabi/lib/armv7e-m/fpu/crt0.o (exit)
c:/freescale/kds_v3/toolchain/bin/../lib/gcc/arm-none-eabi/4.8.4/../../../../arm-none-eabi/lib/armv7e-m/fpu\libg_s.a(lib_a-impure.o)
                              c:/freescale/kds_v3/toolchain/bin/../lib/gcc/arm-none-eabi/4.8.4/../../../../arm-none-eabi/lib/armv7e-m/fpu\libg_s.a(lib_a-exit.o) (_global_impure_ptr)
c:/freescale/kds_v3/toolchain/bin/../lib/gcc/arm-none-eabi/4.8.4/../../../../arm-none-eabi/lib/armv7e-m/fpu\libg_s.a(lib_a-init.o)
                              c:/freescale/kds_v3/toolchain/bin/../lib/gcc/arm-none-eabi/4.8.4/../../../../arm-none-eabi/lib/armv7e-m/fpu/crt0.o (__libc_init_array)
c:/freescale/kds_v3/toolchain/bin/../lib/gcc/arm-none-eabi/4.8.4/../../../../arm-none-eabi/lib/armv7e-m/fpu\libg_s.a(lib_a-memset.o)
                              c:/freescale/kds_v3/toolchain/bin/../lib/gcc/arm-none-eabi/4.8.4/../../../../arm-none-eabi/lib/armv7e-m/fpu/crt0.o (memset)
c:/freescale/kds_v3/toolchain/bin/../lib/gcc/arm-none-eabi/4.8.4/../../../../arm-none-eabi/lib/armv7e-m/fpu\libg_s.a(lib_a-printf.o)
                              ./Sources/main.o (printf)
c:/freescale/kds_v3/toolchain/bin/../lib/gcc/arm-none-eabi/4.8.4/../../../../arm-none-eabi/lib/armv7e-m/fpu\libg_s.a(lib_a-puts.o)
                              ./Sources/main.o (puts)
c:/freescale/kds_v3/toolchain/bin/../lib/gcc/arm-none-eabi/4.8.4/../../../../arm-none-eabi/lib/armv7e-m/fpu\libg_s.a(lib_a-sprintf.o)
                              ./Sources/main.o (sprintf)
c:/freescale/kds_v3/toolchain/bin/../lib/gcc/arm-none-eabi/4.8.4/../../../../arm-none-eabi/lib/armv7e-m/fpu\libg_s.a(lib_a-svfprintf.o)
                              c:/freescale/kds_v3/toolchain/bin/../lib/gcc/arm-none-eabi/4.8.4/../../../../arm-none-eabi/lib/armv7e-m/fpu\libg_s.a(lib_a-sprintf.o) (_svfprintf_r)
c:/freescale/kds_v3/toolchain/bin/../lib/gcc/arm-none-eabi/4.8.4/../../../../arm-none-eabi/lib/armv7e-m/fpu\libg_s.a(lib_a-vfprintf.o)
                              c:/freescale/kds_v3/toolchain/bin/../lib/gcc/arm-none-eabi/4.8.4/../../../../arm-none-eabi/lib/armv7e-m/fpu\libg_s.a(lib_a-printf.o) (_vfprintf_r)
c:/freescale/kds_v3/toolchain/bin/../lib/gcc/arm-none-eabi/4.8.4/../../../../arm-none-eabi/lib/armv7e-m/fpu\libg_s.a(lib_a-vfprintf_i.o)
                              c:/freescale/kds_v3/toolchain/bin/../lib/gcc/arm-none-eabi/4.8.4/../../../../arm-none-eabi/lib/armv7e-m/fpu\libg_s.a(lib_a-svfprintf.o) (_printf_i)
c:/freescale/kds_v3/toolchain/bin/../lib/gcc/arm-none-eabi/4.8.4/../../../../arm-none-eabi/lib/armv7e-m/fpu\libg_s.a(lib_a-wbuf.o)
                              c:/freescale/kds_v3/toolchain/bin/../lib/gcc/arm-none-eabi/4.8.4/../../../../arm-none-eabi/lib/armv7e-m/fpu\libg_s.a(lib_a-puts.o) (__swbuf_r)
c:/freescale/kds_v3/toolchain/bin/../lib/gcc/arm-none-eabi/4.8.4/../../../../arm-none-eabi/lib/armv7e-m/fpu\libg_s.a(lib_a-wsetup.o)
                              c:/freescale/kds_v3/toolchain/bin/../lib/gcc/arm-none-eabi/4.8.4/../../../../arm-none-eabi/lib/armv7e-m/fpu\libg_s.a(lib_a-puts.o) (__swsetup_r)
c:/freescale/kds_v3/toolchain/bin/../lib/gcc/arm-none-eabi/4.8.4/../../../../arm-none-eabi/lib/armv7e-m/fpu\libg_s.a(lib_a-fflush.o)
                              c:/freescale/kds_v3/toolchain/bin/../lib/gcc/arm-none-eabi/4.8.4/../../../../arm-none-eabi/lib/armv7e-m/fpu\libg_s.a(lib_a-wbuf.o) (_fflush_r)
c:/freescale/kds_v3/toolchain/bin/../lib/gcc/arm-none-eabi/4.8.4/../../../../arm-none-eabi/lib/armv7e-m/fpu\libg_s.a(lib_a-findfp.o)
                              c:/freescale/kds_v3/toolchain/bin/../lib/gcc/arm-none-eabi/4.8.4/../../../../arm-none-eabi/lib/armv7e-m/fpu\libg_s.a(lib_a-printf.o) (__sinit)
c:/freescale/kds_v3/toolchain/bin/../lib/gcc/arm-none-eabi/4.8.4/../../../../arm-none-eabi/lib/armv7e-m/fpu\libg_s.a(lib_a-fvwrite.o)
                              c:/freescale/kds_v3/toolchain/bin/../lib/gcc/arm-none-eabi/4.8.4/../../../../arm-none-eabi/lib/armv7e-m/fpu\libg_s.a(lib_a-vfprintf.o) (__sfvwrite_r)
c:/freescale/kds_v3/toolchain/bin/../lib/gcc/arm-none-eabi/4.8.4/../../../../arm-none-eabi/lib/armv7e-m/fpu\libg_s.a(lib_a-fwalk.o)
                              c:/freescale/kds_v3/toolchain/bin/../lib/gcc/arm-none-eabi/4.8.4/../../../../arm-none-eabi/lib/armv7e-m/fpu\libg_s.a(lib_a-findfp.o) (_fwalk)
c:/freescale/kds_v3/toolchain/bin/../lib/gcc/arm-none-eabi/4.8.4/../../../../arm-none-eabi/lib/armv7e-m/fpu\libg_s.a(lib_a-makebuf.o)
                              c:/freescale/kds_v3/toolchain/bin/../lib/gcc/arm-none-eabi/4.8.4/../../../../arm-none-eabi/lib/armv7e-m/fpu\libg_s.a(lib_a-wsetup.o) (__smakebuf_r)
[...]
Memory Configuration

Name             Origin             Length             Attributes
m_interrupts     0x00000000         0x00000198         xr
m_text           0x00000410         0x000ffbf0         xr
m_data_1FFF0000  0x1fff0000         0x00010000         rw
m_data           0x20000000         0x00030000         rw
m_cfmprotrom     0x00000400         0x00000010         xr
*default*        0x00000000         0xffffffff

Linker script and memory map

LOAD c:/freescale/kds_v3/toolchain/bin/../lib/gcc/arm-none-eabi/4.8.4/armv7e-m/fpu/crti.o
LOAD c:/freescale/kds_v3/toolchain/bin/../lib/gcc/arm-none-eabi/4.8.4/armv7e-m/fpu/crtbegin.o
LOAD c:/freescale/kds_v3/toolchain/bin/../lib/gcc/arm-none-eabi/4.8.4/../../../../arm-none-eabi/lib/armv7e-m/fpu/crt0.o
LOAD ./Static_Code/System/CPU_Init.o
LOAD ./Static_Code/System/Peripherals_Init.o
LOAD ./Static_Code/System/Vectors.o
LOAD ./Static_Code/Peripherals/FTM2_Init.o
LOAD ./Sources/Events.o
LOAD ./Sources/main.o
LOAD ./Project_Settings/Startup_Code/startup.o
LOAD ./Generated_Code/Cpu.o
LOAD ./Generated_Code/CsIO1.o
LOAD ./Generated_Code/IO1.o
LOAD ./Generated_Code/MCUC1.o
LOAD ./Generated_Code/PE_LDD.o
LOAD ./Generated_Code/Pins1.o
LOAD ./Generated_Code/SM1.o
LOAD ./Generated_Code/TU1.o
LOAD ./Generated_Code/TU2.o
LOAD ./Generated_Code/TU3.o
LOAD c:/freescale/kds_v3/toolchain/bin/../lib/gcc/arm-none-eabi/4.8.4/../../../../arm-none-eabi/lib/armv7e-m/fpu\libstdc++_s.a
LOAD c:/freescale/kds_v3/toolchain/bin/../lib/gcc/arm-none-eabi/4.8.4/../../../../arm-none-eabi/lib/armv7e-m/fpu\libm.a
START GROUP
LOAD c:/freescale/kds_v3/toolchain/bin/../lib/gcc/arm-none-eabi/4.8.4/armv7e-m/fpu\libgcc.a
LOAD c:/freescale/kds_v3/toolchain/bin/../lib/gcc/arm-none-eabi/4.8.4/../../../../arm-none-eabi/lib/armv7e-m/fpu\libg_s.a
LOAD c:/freescale/kds_v3/toolchain/bin/../lib/gcc/arm-none-eabi/4.8.4/../../../../arm-none-eabi/lib/armv7e-m/fpu\libc_s.a
END GROUP
START GROUP
LOAD c:/freescale/kds_v3/toolchain/bin/../lib/gcc/arm-none-eabi/4.8.4/armv7e-m/fpu\libgcc.a
LOAD c:/freescale/kds_v3/toolchain/bin/../lib/gcc/arm-none-eabi/4.8.4/../../../../arm-none-eabi/lib/armv7e-m/fpu\libc_s.a
LOAD c:/freescale/kds_v3/toolchain/bin/../lib/gcc/arm-none-eabi/4.8.4/../../../../arm-none-eabi/lib/armv7e-m/fpu\libnosys.a
END GROUP
START GROUP
LOAD c:/freescale/kds_v3/toolchain/bin/../lib/gcc/arm-none-eabi/4.8.4/armv7e-m/fpu\libgcc.a
LOAD c:/freescale/kds_v3/toolchain/bin/../lib/gcc/arm-none-eabi/4.8.4/../../../../arm-none-eabi/lib/armv7e-m/fpu\libc_s.a
LOAD c:/freescale/kds_v3/toolchain/bin/../lib/gcc/arm-none-eabi/4.8.4/../../../../arm-none-eabi/lib/armv7e-m/fpu\libnosys.a
END GROUP
LOAD c:/freescale/kds_v3/toolchain/bin/../lib/gcc/arm-none-eabi/4.8.4/armv7e-m/fpu/crtend.o
LOAD c:/freescale/kds_v3/toolchain/bin/../lib/gcc/arm-none-eabi/4.8.4/armv7e-m/fpu/crtn.o
                0x20030000                _estack = 0x20030000
                0x20030000                __SP_INIT = _estack
                0x20030000                __stack = _estack
                0x00000000                __heap_size = 0x0
                0x00000400                __stack_size = 0x400

.interrupts     0x00000000      0x198
                0x00000000                __vector_table = .
                0x00000000                . = ALIGN (0x4)
 *(.vectortable)
 .vectortable   0x00000000      0x198 ./Static_Code/System/Vectors.o
                0x00000000                __vect_table
                0x00000198                . = ALIGN (0x4)

.cfmprotect     0x00000400        0x0
                0x00000400                . = ALIGN (0x4)
 *(.cfmconfig)
                0x00000400                . = ALIGN (0x4)

.text           0x00000410     0x2ba8
                0x00000410                . = ALIGN (0x4)
 *(.text)
 .text          0x00000410       0x54 c:/freescale/kds_v3/toolchain/bin/../lib/gcc/arm-none-eabi/4.8.4/armv7e-m/fpu/crtbegin.o
 .text          0x00000464       0x74 c:/freescale/kds_v3/toolchain/bin/../lib/gcc/arm-none-eabi/4.8.4/../../../../arm-none-eabi/lib/armv7e-m/fpu/crt0.o
                0x00000464                _start
                0x00000464                _mainCRTStartup
 *(.text*)
 .text.CPU_SetBASEPRI
                0x000004d8       0x18 ./Static_Code/System/CPU_Init.o
                0x000004d8                CPU_SetBASEPRI
 .text.__init_hardware
                0x000004f0       0xdc ./Static_Code/System/CPU_Init.o
                0x000004f0                __init_hardware
 .text.PE_low_level_init
                0x000005cc       0x18 ./Static_Code/System/CPU_Init.o
                0x000005cc                PE_low_level_init
 .text.CPU_GetClockGenMode
                0x000005e4       0x90 ./Static_Code/System/CPU_Init.o
                0x000005e4                CPU_GetClockGenMode
 .text.CPU_SetClockConfigGenMode
                0x00000674      0x54c ./Static_Code/System/CPU_Init.o
                0x00000674                CPU_SetClockConfigGenMode
 .text.CPU_GetClockConfiguration
                0x00000bc0       0x18 ./Static_Code/System/CPU_Init.o
                0x00000bc0                CPU_GetClockConfiguration
 .text.Peripherals_Init
                0x00000bd8        0xc ./Static_Code/System/Peripherals_Init.o
                0x00000bd8                Peripherals_Init
 .text.UnhandledInterrupt
                0x00000be4       0x18 ./Static_Code/System/Vectors.o
                0x00000be4                UnhandledInterrupt
 .text.FTM2_Init
                0x00000bfc      0x198 ./Static_Code/Peripherals/FTM2_Init.o
                0x00000bfc                FTM2_Init
 .text.Cpu_OnNMI
                0x00000d94        0xc ./Sources/Events.o
                0x00000d94                Cpu_OnNMI
 .text.SM1_OnBlockSent
                0x00000da0       0x14 ./Sources/Events.o
                0x00000da0                SM1_OnBlockSent
 .text.SM1_OnBlockReceived
                0x00000db4       0x14 ./Sources/Events.o
                0x00000db4                SM1_OnBlockReceived
 .text.main     0x00000dc8      0x1e0 ./Sources/main.o
                0x00000dc8                main
 .text.ADC0_read16b
                0x00000fa8       0x3c ./Sources/main.o
                0x00000fa8                ADC0_read16b
 .text.ADC1_read16b
                0x00000fe4       0x3c ./Sources/main.o
                0x00000fe4                ADC1_read16b
 .text.__copy_rom_section
                0x00001020       0xe4 ./Project_Settings/Startup_Code/startup.o
                0x00001020                __copy_rom_section
 .text.__copy_rom_sections_to_ram
                0x00001104       0x9c ./Project_Settings/Startup_Code/startup.o
                0x00001104                __copy_rom_sections_to_ram
 .text.__init_registers
                0x000011a0       0x20 ./Project_Settings/Startup_Code/startup.o
                0x000011a0                __init_registers
 .text.__init_user
                0x000011c0        0xc ./Project_Settings/Startup_Code/startup.o
                0x000011c0                __init_user
 .text.__thumb_startup
                0x000011cc       0x34 ./Project_Settings/Startup_Code/startup.o
                0x000011cc                __thumb_startup
 .text.Common_Init
                0x00001200      0x140 ./Generated_Code/Cpu.o
                0x00001200                Common_Init
 .text.Components_Init
                0x00001340       0x10 ./Generated_Code/Cpu.o
                0x00001340                Components_Init
 .text.Cpu_INT_NMIInterrupt
                0x00001350       0x1c ./Generated_Code/Cpu.o
                0x00001350                Cpu_INT_NMIInterrupt
 .text._read    0x0000136c       0x7c ./Generated_Code/CsIO1.o
                0x0000136c                _read
 .text._write   0x000013e8       0x74 ./Generated_Code/CsIO1.o
                0x000013e8                _write
 .text.IO1_Init
                0x0000145c      0x104 ./Generated_Code/IO1.o
                0x0000145c                IO1_Init
 .text.HWEnDi   0x00001560       0x64 ./Generated_Code/IO1.o
 .text.IO1_SetClockConfiguration
                0x000015c4       0xd0 ./Generated_Code/IO1.o
                0x000015c4                IO1_SetClockConfiguration
 .text.MCUC1_Init
                0x00001694        0xc ./Generated_Code/MCUC1.o
                0x00001694                MCUC1_Init
 .text.SM1_Init
                0x000016a0      0x150 ./Generated_Code/SM1.o
                0x000016a0                SM1_Init
 .text.SM1_SendBlock
                0x000017f0       0x9c ./Generated_Code/SM1.o
                0x000017f0                SM1_SendBlock
 .text.SM1_Interrupt
                0x0000188c      0x124 ./Generated_Code/SM1.o
                0x0000188c                SM1_Interrupt
 .text.HWEnDi   0x000019b0       0x8c ./Generated_Code/SM1.o
 .text.SM1_SetClockConfiguration
                0x00001a3c       0x40 ./Generated_Code/SM1.o
                0x00001a3c                SM1_SetClockConfiguration
 .text.exit     0x00001a7c       0x28 c:/freescale/kds_v3/toolchain/bin/../lib/gcc/arm-none-eabi/4.8.4/../../../../arm-none-eabi/lib/armv7e-m/fpu\libg_s.a(lib_a-exit.o)
                0x00001a7c                exit
 .text.__libc_init_array
                0x00001aa4       0x4c c:/freescale/kds_v3/toolchain/bin/../lib/gcc/arm-none-eabi/4.8.4/../../../../arm-none-eabi/lib/armv7e-m/fpu\libg_s.a(lib_a-init.o)
                0x00001aa4                __libc_init_array
 .text.memset   0x00001af0       0x10 c:/freescale/kds_v3/toolchain/bin/../lib/gcc/arm-none-eabi/4.8.4/../../../../arm-none-eabi/lib/armv7e-m/fpu\libg_s.a(lib_a-memset.o)
                0x00001af0                memset
 .text.printf   0x00001b00       0x30 c:/freescale/kds_v3/toolchain/bin/../lib/gcc/arm-none-eabi/4.8.4/../../../../arm-none-eabi/lib/armv7e-m/fpu\libg_s.a(lib_a-printf.o)
                0x00001b00                iprintf
                0x00001b00                printf
 .text._puts_r  0x00001b30       0xc0 c:/freescale/kds_v3/toolchain/bin/../lib/gcc/arm-none-eabi/4.8.4/../../../../arm-none-eabi/lib/armv7e-m/fpu\libg_s.a(lib_a-puts.o)
                0x00001b30                _puts_r
 .text.puts     0x00001bf0       0x10 c:/freescale/kds_v3/toolchain/bin/../lib/gcc/arm-none-eabi/4.8.4/../../../../arm-none-eabi/lib/armv7e-m/fpu\libg_s.a(lib_a-puts.o)
                0x00001bf0                puts
 .text.sprintf  0x00001c00       0x48 c:/freescale/kds_v3/toolchain/bin/../lib/gcc/arm-none-eabi/4.8.4/../../../../arm-none-eabi/lib/armv7e-m/fpu\libg_s.a(lib_a-sprintf.o)
                0x00001c00                siprintf
                0x00001c00                sprintf
 .text.__ssputs_r
                0x00001c48       0xb8 c:/freescale/kds_v3/toolchain/bin/../lib/gcc/arm-none-eabi/4.8.4/../../../../arm-none-eabi/lib/armv7e-m/fpu\libg_s.a(lib_a-svfprintf.o)
                0x00001c48                __ssputs_r
 .text._svfprintf_r
                0x00001d00      0x1dc c:/freescale/kds_v3/toolchain/bin/../lib/gcc/arm-none-eabi/4.8.4/../../../../arm-none-eabi/lib/armv7e-m/fpu\libg_s.a(lib_a-svfprintf.o)
                0x00001d00                _svfiprintf_r
                0x00001d00                _svfprintf_r
 .text.__sfputc_r
                0x00001edc       0x2c c:/freescale/kds_v3/toolchain/bin/../lib/gcc/arm-none-eabi/4.8.4/../../../../arm-none-eabi/lib/armv7e-m/fpu\libg_s.a(lib_a-vfprintf.o)
 .text.__sfputs_r
                0x00001f08       0x24 c:/freescale/kds_v3/toolchain/bin/../lib/gcc/arm-none-eabi/4.8.4/../../../../arm-none-eabi/lib/armv7e-m/fpu\libg_s.a(lib_a-vfprintf.o)
                0x00001f08                __sfputs_r
 .text._vfprintf_r
                0x00001f2c      0x208 c:/freescale/kds_v3/toolchain/bin/../lib/gcc/arm-none-eabi/4.8.4/../../../../arm-none-eabi/lib/armv7e-m/fpu\libg_s.a(lib_a-vfprintf.o)
                0x00001f2c                _vfprintf_r
                0x00001f2c                _vfiprintf_r
 .text._printf_common
                0x00002134       0xe4 c:/freescale/kds_v3/toolchain/bin/../lib/gcc/arm-none-eabi/4.8.4/../../../../arm-none-eabi/lib/armv7e-m/fpu\libg_s.a(lib_a-vfprintf_i.o)
                0x00002134                _printf_common
 .text._printf_i
                0x00002218      0x228 c:/freescale/kds_v3/toolchain/bin/../lib/gcc/arm-none-eabi/4.8.4/../../../../arm-none-eabi/lib/armv7e-m/fpu\libg_s.a(lib_a-vfprintf_i.o)
                0x00002218                _printf_i
 .text.__swbuf_r
                0x00002440       0xa8 c:/freescale/kds_v3/toolchain/bin/../lib/gcc/arm-none-eabi/4.8.4/../../../../arm-none-eabi/lib/armv7e-m/fpu\libg_s.a(lib_a-wbuf.o)
                0x00002440                __swbuf_r
 .text.__swsetup_r
                0x000024e8       0xdc c:/freescale/kds_v3/toolchain/bin/../lib/gcc/arm-none-eabi/4.8.4/../../../../arm-none-eabi/lib/armv7e-m/fpu\libg_s.a(lib_a-wsetup.o)
                0x000024e8                __swsetup_r
 .text.__sflush_r
                0x000025c4      0x106 c:/freescale/kds_v3/toolchain/bin/../lib/gcc/arm-none-eabi/4.8.4/../../../../arm-none-eabi/lib/armv7e-m/fpu\libg_s.a(lib_a-fflush.o)
                0x000025c4                __sflush_r
 *fill*         0x000026ca        0x2 
 .text._fflush_r
                0x000026cc       0x54 c:/freescale/kds_v3/toolchain/bin/../lib/gcc/arm-none-eabi/4.8.4/../../../../arm-none-eabi/lib/armv7e-m/fpu\libg_s.a(lib_a-fflush.o)
                0x000026cc                _fflush_r
 .text._cleanup_r
                0x00002720       0x32 c:/freescale/kds_v3/toolchain/bin/../lib/gcc/arm-none-eabi/4.8.4/../../../../arm-none-eabi/lib/armv7e-m/fpu\libg_s.a(lib_a-findfp.o)
                0x00002720                _cleanup_r
 *fill*         0x00002752        0x2 
 .text.std.isra.0
                0x00002754       0x48 c:/freescale/kds_v3/toolchain/bin/../lib/gcc/arm-none-eabi/4.8.4/../../../../arm-none-eabi/lib/armv7e-m/fpu\libg_s.a(lib_a-findfp.o)
 .text.__sfmoreglue
                0x0000279c       0x2c c:/freescale/kds_v3/toolchain/bin/../lib/gcc/arm-none-eabi/4.8.4/../../../../arm-none-eabi/lib/armv7e-m/fpu\libg_s.a(lib_a-findfp.o)
                0x0000279c                __sfmoreglue
 .text.__sinit  0x000027c8       0x60 c:/freescale/kds_v3/toolchain/bin/../lib/gcc/arm-none-eabi/4.8.4/../../../../arm-none-eabi/lib/armv7e-m/fpu\libg_s.a(lib_a-findfp.o)
                0x000027c8                __sinit
 .text.__sfp    0x00002828       0x74 c:/freescale/kds_v3/toolchain/bin/../lib/gcc/arm-none-eabi/4.8.4/../../../../arm-none-eabi/lib/armv7e-m/fpu\libg_s.a(lib_a-findfp.o)
                0x00002828                __sfp
 .text.__smakebuf_r
                0x0000289c       0x9c c:/freescale/kds_v3/toolchain/bin/../lib/gcc/arm-none-eabi/4.8.4/../../../../arm-none-eabi/lib/armv7e-m/fpu\libg_s.a(lib_a-makebuf.o)
                0x0000289c                __smakebuf_r
 .text.memchr   0x00002938       0x1e c:/freescale/kds_v3/toolchain/bin/../lib/gcc/arm-none-eabi/4.8.4/../../../../arm-none-eabi/lib/armv7e-m/fpu\libg_s.a(lib_a-memchr-stub.o)
                0x00002938                memchr
 .text.memcpy   0x00002956       0x12 c:/freescale/kds_v3/toolchain/bin/../lib/gcc/arm-none-eabi/4.8.4/../../../../arm-none-eabi/lib/armv7e-m/fpu\libg_s.a(lib_a-memcpy-stub.o)
                0x00002956                memcpy
 .text.memmove  0x00002968       0x36 c:/freescale/kds_v3/toolchain/bin/../lib/gcc/arm-none-eabi/4.8.4/../../../../arm-none-eabi/lib/armv7e-m/fpu\libg_s.a(lib_a-memmove.o)
                0x00002968                memmove
 *fill*         0x0000299e        0x2 
 .text._free_r  0x000029a0       0x88 c:/freescale/kds_v3/toolchain/bin/../lib/gcc/arm-none-eabi/4.8.4/../../../../arm-none-eabi/lib/armv7e-m/fpu\libg_s.a(lib_a-nano-freer.o)
                0x000029a0                _free_r
 .text._malloc_r
                0x00002a28       0xa8 c:/freescale/kds_v3/toolchain/bin/../lib/gcc/arm-none-eabi/4.8.4/../../../../arm-none-eabi/lib/armv7e-m/fpu\libg_s.a(lib_a-nano-mallocr.o)
                0x00002a28                _malloc_r
 .text._realloc_r
                0x00002ad0       0x4c c:/freescale/kds_v3/toolchain/bin/../lib/gcc/arm-none-eabi/4.8.4/../../../../arm-none-eabi/lib/armv7e-m/fpu\libg_s.a(lib_a-nano-reallocr.o)
                0x00002ad0                _realloc_r
 .text._sbrk_r  0x00002b1c       0x20 c:/freescale/kds_v3/toolchain/bin/../lib/gcc/arm-none-eabi/4.8.4/../../../../arm-none-eabi/lib/armv7e-m/fpu\libg_s.a(lib_a-sbrkr.o)
                0x00002b1c                _sbrk_r
 .text.__sread  0x00002b3c       0x22 c:/freescale/kds_v3/toolchain/bin/../lib/gcc/arm-none-eabi/4.8.4/../../../../arm-none-eabi/lib/armv7e-m/fpu\libg_s.a(lib_a-stdio.o)
                0x00002b3c                __sread
 .text.__swrite
                0x00002b5e       0x38 c:/freescale/kds_v3/toolchain/bin/../lib/gcc/arm-none-eabi/4.8.4/../../../../arm-none-eabi/lib/armv7e-m/fpu\libg_s.a(lib_a-stdio.o)
                0x00002b5e                __swrite
 .text.__sseek  0x00002b96       0x24 c:/freescale/kds_v3/toolchain/bin/../lib/gcc/arm-none-eabi/4.8.4/../../../../arm-none-eabi/lib/armv7e-m/fpu\libg_s.a(lib_a-stdio.o)
                0x00002b96                __sseek
 .text.__sclose
                0x00002bba        0x8 c:/freescale/kds_v3/toolchain/bin/../lib/gcc/arm-none-eabi/4.8.4/../../../../arm-none-eabi/lib/armv7e-m/fpu\libg_s.a(lib_a-stdio.o)
                0x00002bba                __sclose
 .text.strlen   0x00002bc2       0x10 c:/freescale/kds_v3/toolchain/bin/../lib/gcc/arm-none-eabi/4.8.4/../../../../arm-none-eabi/lib/armv7e-m/fpu\libg_s.a(lib_a-strlen.o)
                0x00002bc2                strlen
 *fill*         0x00002bd2        0x2 
 .text._write_r
                0x00002bd4       0x24 c:/freescale/kds_v3/toolchain/bin/../lib/gcc/arm-none-eabi/4.8.4/../../../../arm-none-eabi/lib/armv7e-m/fpu\libg_s.a(lib_a-writer.o)
                0x00002bd4                _write_r
 .text._close_r
                0x00002bf8       0x20 c:/freescale/kds_v3/toolchain/bin/../lib/gcc/arm-none-eabi/4.8.4/../../../../arm-none-eabi/lib/armv7e-m/fpu\libg_s.a(lib_a-closer.o)
                0x00002bf8                _close_r
 .text._fstat_r
                0x00002c18       0x24 c:/freescale/kds_v3/toolchain/bin/../lib/gcc/arm-none-eabi/4.8.4/../../../../arm-none-eabi/lib/armv7e-m/fpu\libg_s.a(lib_a-fstatr.o)
                0x00002c18                _fstat_r
 .text._isatty_r
                0x00002c3c       0x20 c:/freescale/kds_v3/toolchain/bin/../lib/gcc/arm-none-eabi/4.8.4/../../../../arm-none-eabi/lib/armv7e-m/fpu\libg_s.a(lib_a-isattyr.o)
                0x00002c3c                _isatty_r
 .text._lseek_r
                0x00002c5c       0x24 c:/freescale/kds_v3/toolchain/bin/../lib/gcc/arm-none-eabi/4.8.4/../../../../arm-none-eabi/lib/armv7e-m/fpu\libg_s.a(lib_a-lseekr.o)
                0x00002c5c                _lseek_r
 .text._malloc_usable_size_r
                0x00002c80       0x12 c:/freescale/kds_v3/toolchain/bin/../lib/gcc/arm-none-eabi/4.8.4/../../../../arm-none-eabi/lib/armv7e-m/fpu\libg_s.a(lib_a-nano-msizer.o)
                0x00002c80                _malloc_usable_size_r
 *fill*         0x00002c92        0x2 
 .text._read_r  0x00002c94       0x24 c:/freescale/kds_v3/toolchain/bin/../lib/gcc/arm-none-eabi/4.8.4/../../../../arm-none-eabi/lib/armv7e-m/fpu\libg_s.a(lib_a-readr.o)
                0x00002c94                _read_r
 .text._close   0x00002cb8       0x10 c:/freescale/kds_v3/toolchain/bin/../lib/gcc/arm-none-eabi/4.8.4/../../../../arm-none-eabi/lib/armv7e-m/fpu\libnosys.a(close.o)
                0x00002cb8                _close
 .text._fstat   0x00002cc8       0x10 c:/freescale/kds_v3/toolchain/bin/../lib/gcc/arm-none-eabi/4.8.4/../../../../arm-none-eabi/lib/armv7e-m/fpu\libnosys.a(fstat.o)
                0x00002cc8                _fstat
 .text._isatty  0x00002cd8       0x10 c:/freescale/kds_v3/toolchain/bin/../lib/gcc/arm-none-eabi/4.8.4/../../../../arm-none-eabi/lib/armv7e-m/fpu\libnosys.a(isatty.o)
                0x00002cd8                _isatty
 .text._lseek   0x00002ce8       0x10 c:/freescale/kds_v3/toolchain/bin/../lib/gcc/arm-none-eabi/4.8.4/../../../../arm-none-eabi/lib/armv7e-m/fpu\libnosys.a(lseek.o)
                0x00002ce8                _lseek
 .text._sbrk    0x00002cf8       0x34 c:/freescale/kds_v3/toolchain/bin/../lib/gcc/arm-none-eabi/4.8.4/../../../../arm-none-eabi/lib/armv7e-m/fpu\libnosys.a(sbrk.o)
                0x00002cf8                _sbrk
 .text._exit    0x00002d2c        0x4 c:/freescale/kds_v3/toolchain/bin/../lib/gcc/arm-none-eabi/4.8.4/../../../../arm-none-eabi/lib/armv7e-m/fpu\libnosys.a(_exit.o)
                0x00002d2c                _exit
 *(.rodata)
 .rodata        0x00002d30       0xa0 ./Sources/main.o
 *(.rodata*)
 .rodata.ClockGenModeMatrix
                0x00002dd0       0x80 ./Static_Code/System/CPU_Init.o
 .rodata.CPU_ClockConfigDescriptors
                0x00002e50       0x54 ./Static_Code/System/CPU_Init.o
 .rodata.CPU_DefaultFEI
                0x00002ea4        0x8 ./Static_Code/System/CPU_Init.o
 .rodata.CPU_DefaultFBI
                0x00002eac        0x8 ./Static_Code/System/CPU_Init.o
 .rodata.CPU_DefaultBLPI
                0x00002eb4        0x8 ./Static_Code/System/CPU_Init.o
 .rodata.CPU_DefaultFEE
                0x00002ebc        0x8 ./Static_Code/System/CPU_Init.o
 .rodata.CPU_DefaultFBE
                0x00002ec4        0x8 ./Static_Code/System/CPU_Init.o
 .rodata.CPU_DefaultBLPE
                0x00002ecc        0x8 ./Static_Code/System/CPU_Init.o
 .rodata.CPU_DefaultPBE
                0x00002ed4        0x8 ./Static_Code/System/CPU_Init.o
 .rodata.CPU_DefaultPEE
                0x00002edc        0x8 ./Static_Code/System/CPU_Init.o
 .rodata.CPU_ClockGenModeRegs
                0x00002ee4       0x20 ./Static_Code/System/CPU_Init.o
 .rodata.str1.1
                0x00002f04        0x2 c:/freescale/kds_v3/toolchain/bin/../lib/gcc/arm-none-eabi/4.8.4/../../../../arm-none-eabi/lib/armv7e-m/fpu\libg_s.a(lib_a-impure.o)
 *fill*         0x00002f06        0x2 
 .rodata._global_impure_ptr
                0x00002f08        0x4 c:/freescale/kds_v3/toolchain/bin/../lib/gcc/arm-none-eabi/4.8.4/../../../../arm-none-eabi/lib/armv7e-m/fpu\libg_s.a(lib_a-impure.o)
                0x00002f08                _global_impure_ptr
 .rodata.str1.1
                0x00002f0c       0x11 c:/freescale/kds_v3/toolchain/bin/../lib/gcc/arm-none-eabi/4.8.4/../../../../arm-none-eabi/lib/armv7e-m/fpu\libg_s.a(lib_a-svfprintf.o)
 .rodata.str1.1
                0x00000000       0x11 c:/freescale/kds_v3/toolchain/bin/../lib/gcc/arm-none-eabi/4.8.4/../../../../arm-none-eabi/lib/armv7e-m/fpu\libg_s.a(lib_a-vfprintf.o)
 .rodata.str1.1
                0x00002f1d       0x22 c:/freescale/kds_v3/toolchain/bin/../lib/gcc/arm-none-eabi/4.8.4/../../../../arm-none-eabi/lib/armv7e-m/fpu\libg_s.a(lib_a-vfprintf_i.o)
 *fill*         0x00002f3f        0x1 
 .rodata.__sf_fake_stdin
                0x00002f40       0x20 c:/freescale/kds_v3/toolchain/bin/../lib/gcc/arm-none-eabi/4.8.4/../../../../arm-none-eabi/lib/armv7e-m/fpu\libg_s.a(lib_a-findfp.o)
                0x00002f40                __sf_fake_stdin
 .rodata.__sf_fake_stdout
                0x00002f60       0x20 c:/freescale/kds_v3/toolchain/bin/../lib/gcc/arm-none-eabi/4.8.4/../../../../arm-none-eabi/lib/armv7e-m/fpu\libg_s.a(lib_a-findfp.o)
                0x00002f60                __sf_fake_stdout
 .rodata.__sf_fake_stderr
                0x00002f80       0x20 c:/freescale/kds_v3/toolchain/bin/../lib/gcc/arm-none-eabi/4.8.4/../../../../arm-none-eabi/lib/armv7e-m/fpu\libg_s.a(lib_a-findfp.o)
                0x00002f80                __sf_fake_stderr
 *(.glue_7)
 .glue_7        0x00000000        0x0 linker stubs
 *(.glue_7t)
 .glue_7t       0x00000000        0x0 linker stubs
 *(.eh_frame)
 .eh_frame      0x00002fa0        0x0 c:/freescale/kds_v3/toolchain/bin/../lib/gcc/arm-none-eabi/4.8.4/armv7e-m/fpu/crtbegin.o
 *(.init)
 .init          0x00002fa0        0x4 c:/freescale/kds_v3/toolchain/bin/../lib/gcc/arm-none-eabi/4.8.4/armv7e-m/fpu/crti.o
                0x00002fa0                _init
 .init          0x00002fa4        0x8 c:/freescale/kds_v3/toolchain/bin/../lib/gcc/arm-none-eabi/4.8.4/armv7e-m/fpu/crtn.o
 *(.fini)
 .fini          0x00002fac        0x4 c:/freescale/kds_v3/toolchain/bin/../lib/gcc/arm-none-eabi/4.8.4/armv7e-m/fpu/crti.o
                0x00002fac                _fini
 .fini          0x00002fb0        0x8 c:/freescale/kds_v3/toolchain/bin/../lib/gcc/arm-none-eabi/4.8.4/armv7e-m/fpu/crtn.o
                0x00002fb8                . = ALIGN (0x4)
                0x00002fb8                _etext = .

.vfp11_veneer   0x00002fb8        0x0
 .vfp11_veneer  0x00000000        0x0 linker stubs

.v4_bx          0x00002fb8        0x0
 .v4_bx         0x00000000        0x0 linker stubs

.iplt           0x00002fb8        0x0
 .iplt          0x00000000        0x0 c:/freescale/kds_v3/toolchain/bin/../lib/gcc/arm-none-eabi/4.8.4/armv7e-m/fpu/crtbegin.o

.ARM.extab
 *(.ARM.extab* .gnu.linkonce.armextab.*)

.ARM            0x00002fb8        0x8
                0x00002fb8                __exidx_start = .
 *(.ARM.exidx*)
 .ARM.exidx     0x00002fb8        0x8 c:/freescale/kds_v3/toolchain/bin/../lib/gcc/arm-none-eabi/4.8.4/../../../../arm-none-eabi/lib/armv7e-m/fpu/crt0.o
                0x00002fc0                __exidx_end = .

.rel.dyn        0x00002fc0        0x0
 .rel.iplt      0x00000000        0x0 c:/freescale/kds_v3/toolchain/bin/../lib/gcc/arm-none-eabi/4.8.4/armv7e-m/fpu/crtbegin.o

.ctors          0x00002fc0        0x0
                0x00002fc0                __CTOR_LIST__ = .
 *crtbegin.o(.ctors)
 *(EXCLUDE_FILE(*crtend.o) .ctors)
 *(SORT(.ctors.*))
 *(.ctors)
                0x00002fc0                __CTOR_END__ = .

.dtors          0x00002fc0        0x0
                0x00002fc0                __DTOR_LIST__ = .
 *crtbegin.o(.dtors)
 *(EXCLUDE_FILE(*crtend.o) .dtors)
 *(SORT(.dtors.*))
 *(.dtors)
                0x00002fc0                __DTOR_END__ = .

.preinit_array  0x00002fc0        0x0
                0x00002fc0                PROVIDE (__preinit_array_start, .)
 *(.preinit_array*)
                0x00002fc0                PROVIDE (__preinit_array_end, .)

.init_array     0x00002fc0        0x4
                0x00002fc0                PROVIDE (__init_array_start, .)
 *(SORT(.init_array.*))
 *(.init_array*)
 .init_array    0x00002fc0        0x4 c:/freescale/kds_v3/toolchain/bin/../lib/gcc/arm-none-eabi/4.8.4/armv7e-m/fpu/crtbegin.o
                0x00002fc4                PROVIDE (__init_array_end, .)

.fini_array     0x00002fc4        0x4
                0x00002fc4                PROVIDE (__fini_array_start, .)
 *(SORT(.fini_array.*))
 *(.fini_array*)
 .fini_array    0x00002fc4        0x4 c:/freescale/kds_v3/toolchain/bin/../lib/gcc/arm-none-eabi/4.8.4/armv7e-m/fpu/crtbegin.o
                0x00002fc8                PROVIDE (__fini_array_end, .)
                0x00002fc8                ___ROM_AT = .

.data           0x20000000       0x64 load address 0x00002fc8
                0x20000000                . = ALIGN (0x4)
                0x20000000                _sdata = .
 *(.data)
 *(.data*)
 .data.impure_data
                0x20000000       0x60 c:/freescale/kds_v3/toolchain/bin/../lib/gcc/arm-none-eabi/4.8.4/../../../../arm-none-eabi/lib/armv7e-m/fpu\libg_s.a(lib_a-impure.o)
 .data._impure_ptr
                0x20000060        0x4 c:/freescale/kds_v3/toolchain/bin/../lib/gcc/arm-none-eabi/4.8.4/../../../../arm-none-eabi/lib/armv7e-m/fpu\libg_s.a(lib_a-impure.o)
                0x20000060                _impure_ptr
                0x20000064                . = ALIGN (0x4)
                0x20000064                _edata = .
                0x00000064                ___data_size = (_edata - _sdata)
                0x0000302c                ___m_data_1FFF0000_ROMStart = (___ROM_AT + SIZEOF (.data))

.jcr            0x20000064        0x0 load address 0x0000302c
 .jcr           0x20000064        0x0 c:/freescale/kds_v3/toolchain/bin/../lib/gcc/arm-none-eabi/4.8.4/armv7e-m/fpu/crtbegin.o

.igot.plt       0x20000064        0x0 load address 0x0000302c
 .igot.plt      0x00000000        0x0 c:/freescale/kds_v3/toolchain/bin/../lib/gcc/arm-none-eabi/4.8.4/armv7e-m/fpu/crtbegin.o

.m_data_1FFF0000
                0x1fff0000        0x0 load address 0x0000302c
                0x1fff0000                . = ALIGN (0x4)
                0x1fff0000                ___m_data_1FFF0000_RAMStart = .
 *(.m_data_1FFF0000)
                0x1fff0000                ___m_data_1FFF0000_RAMEnd = .
                0x1fff0000                . = ALIGN (0x4)
                0x00000000                ___m_data_1FFF0000_ROMSize = (___m_data_1FFF0000_RAMEnd - ___m_data_1FFF0000_RAMStart)
                0x1fff0000                . = ALIGN (0x4)

.bss            0x20000064      0x290 load address 0x0000302c
                0x20000064                __START_BSS = .
                0x20000064                PROVIDE (__bss_start__, __START_BSS)
 *(.bss)
 .bss           0x20000064       0x1c c:/freescale/kds_v3/toolchain/bin/../lib/gcc/arm-none-eabi/4.8.4/armv7e-m/fpu/crtbegin.o
 *(.bss*)
 .bss.SR_lock   0x20000080        0x1 ./Static_Code/System/CPU_Init.o
                0x20000080                SR_lock
 .bss.ClockConfigurationID
                0x20000081        0x1 ./Static_Code/System/CPU_Init.o
                0x20000081                ClockConfigurationID
 *fill*         0x20000082        0x2 
 .bss.photo1    0x20000084        0x4 ./Sources/main.o
                0x20000084                photo1
 .bss.photo2    0x20000088        0x4 ./Sources/main.o
                0x20000088                photo2
 .bss.DeviceDataPrv__DEFAULT_RTOS_ALLOC
                0x2000008c       0x18 ./Generated_Code/IO1.o
 .bss.PE_LDD_DeviceDataList
                0x200000a4       0x14 ./Generated_Code/PE_LDD.o
                0x200000a4                PE_LDD_DeviceDataList
 .bss.DeviceDataPrv__DEFAULT_RTOS_ALLOC
                0x200000b8       0x24 ./Generated_Code/SM1.o
 .bss.INT_SPI0__DEFAULT_RTOS_ISRPARAM
                0x200000dc        0x4 ./Generated_Code/SM1.o
 .bss.__malloc_sbrk_start
                0x200000e0        0x4 c:/freescale/kds_v3/toolchain/bin/../lib/gcc/arm-none-eabi/4.8.4/../../../../arm-none-eabi/lib/armv7e-m/fpu\libg_s.a(lib_a-nano-mallocr.o)
                0x200000e0                __malloc_sbrk_start
 .bss.__malloc_free_list
                0x200000e4        0x4 c:/freescale/kds_v3/toolchain/bin/../lib/gcc/arm-none-eabi/4.8.4/../../../../arm-none-eabi/lib/armv7e-m/fpu\libg_s.a(lib_a-nano-mallocr.o)
                0x200000e4                __malloc_free_list
 .bss.heap_end.4246
                0x200000e8        0x4 c:/freescale/kds_v3/toolchain/bin/../lib/gcc/arm-none-eabi/4.8.4/../../../../arm-none-eabi/lib/armv7e-m/fpu\libnosys.a(sbrk.o)
 *(COMMON)
 COMMON         0x200000ec        0x1 ./Static_Code/System/CPU_Init.o
                0x200000ec                SR_reg
 *fill*         0x200000ed        0x3 
 COMMON         0x200000f0      0x200 ./Sources/main.o
                0x200000f0                write
 COMMON         0x200002f0        0x4 c:/freescale/kds_v3/toolchain/bin/../lib/gcc/arm-none-eabi/4.8.4/../../../../arm-none-eabi/lib/armv7e-m/fpu\libg_s.a(lib_a-reent.o)
                0x200002f0                errno
                0x200002f4                . = ALIGN (0x4)
                0x200002f4                __END_BSS = .
                0x200002f4                PROVIDE (__bss_end__, __END_BSS)
                0x0000302c                _romp_at = ((___ROM_AT + SIZEOF (.data)) + SIZEOF (.m_data_1FFF0000))

.romp           0x200002f4       0x24 load address 0x0000302c
                0x0000302c                __S_romp = _romp_at
                0x200002f4        0x4 LONG 0x2fc8 ___ROM_AT
                0x200002f8        0x4 LONG 0x20000000 _sdata
                0x200002fc        0x4 LONG 0x64 ___data_size
                0x20000300        0x4 LONG 0x302c ___m_data_1FFF0000_ROMStart
                0x20000304        0x4 LONG 0x1fff0000 ___m_data_1FFF0000_RAMStart
                0x20000308        0x4 LONG 0x0 ___m_data_1FFF0000_ROMSize
                0x2000030c        0x4 LONG 0x0
                0x20000310        0x4 LONG 0x0
                0x20000314        0x4 LONG 0x0
                0x00100000                text_end = (ORIGIN (m_text) + 0xffbf0)
                0x00003050                data_init_end = ((___m_data_1FFF0000_ROMStart + SIZEOF (.m_data_1FFF0000)) + SIZEOF (.romp))
                0x00000001                ASSERT ((data_init_end <= text_end), region m_text overflowed with text and data)

._user_heap_stack
                0x20000318      0x400 load address 0x00003050
                0x20000318                . = ALIGN (0x4)
                0x20000318                PROVIDE (end, .)
                0x20000318                PROVIDE (_end, .)
                0x20000318                PROVIDE (__end__, .)
                0x20000318                __heap_addr = .
                0x20000318                __HeapBase = .
                0x20000318                . = (. + __heap_size)
                0x20000318                __HeapLimit = .
                0x20000718                . = (. + __stack_size)
 *fill*         0x20000318      0x400 
                0x20000718                . = ALIGN (0x4)

.ARM.attributes
                0x00000000       0x30
 *(.ARM.attributes)
 .ARM.attributes
                0x00000000       0x22 c:/freescale/kds_v3/toolchain/bin/../lib/gcc/arm-none-eabi/4.8.4/armv7e-m/fpu/crti.o
 .ARM.attributes
                0x00000022       0x34 c:/freescale/kds_v3/toolchain/bin/../lib/gcc/arm-none-eabi/4.8.4/armv7e-m/fpu/crtbegin.o
 .ARM.attributes
                0x00000056       0x20 c:/freescale/kds_v3/toolchain/bin/../lib/gcc/arm-none-eabi/4.8.4/../../../../arm-none-eabi/lib/armv7e-m/fpu/crt0.o
 .ARM.attributes
                0x00000076       0x39 ./Static_Code/System/CPU_Init.o
 .ARM.attributes
                0x000000af       0x39 ./Static_Code/System/Peripherals_Init.o
 .ARM.attributes
                0x000000e8       0x39 ./Static_Code/System/Vectors.o
 .ARM.attributes
                0x00000121       0x39 ./Static_Code/Peripherals/FTM2_Init.o
 .ARM.attributes
                0x0000015a       0x39 ./Sources/Events.o
 .ARM.attributes
                0x00000193       0x39 ./Sources/main.o
 .ARM.attributes
                0x000001cc       0x39 ./Project_Settings/Startup_Code/startup.o
 .ARM.attributes
                0x00000205       0x39 ./Generated_Code/Cpu.o
 .ARM.attributes
                0x0000023e       0x39 ./Generated_Code/CsIO1.o
 .ARM.attributes
                0x00000277       0x39 ./Generated_Code/IO1.o
 .ARM.attributes
                0x000002b0       0x39 ./Generated_Code/MCUC1.o
 .ARM.attributes
                0x000002e9       0x39 ./Generated_Code/PE_LDD.o
 .ARM.attributes
                0x00000322       0x39 ./Generated_Code/SM1.o
 .ARM.attributes
                0x0000035b       0x34 c:/freescale/kds_v3/toolchain/bin/../lib/gcc/arm-none-eabi/4.8.4/../../../../arm-none-eabi/lib/armv7e-m/fpu\libg_s.a(lib_a-exit.o)
 .ARM.attributes
                0x0000038f       0x34 c:/freescale/kds_v3/toolchain/bin/../lib/gcc/arm-none-eabi/4.8.4/../../../../arm-none-eabi/lib/armv7e-m/fpu\libg_s.a(lib_a-impure.o)
 .ARM.attributes
                0x000003c3       0x34 c:/freescale/kds_v3/toolchain/bin/../lib/gcc/arm-none-eabi/4.8.4/../../../../arm-none-eabi/lib/armv7e-m/fpu\libg_s.a(lib_a-init.o)
 .ARM.attributes
                0x000003f7       0x34 c:/freescale/kds_v3/toolchain/bin/../lib/gcc/arm-none-eabi/4.8.4/../../../../arm-none-eabi/lib/armv7e-m/fpu\libg_s.a(lib_a-memset.o)
 .ARM.attributes
                0x0000042b       0x34 c:/freescale/kds_v3/toolchain/bin/../lib/gcc/arm-none-eabi/4.8.4/../../../../arm-none-eabi/lib/armv7e-m/fpu\libg_s.a(lib_a-printf.o)
 .ARM.attributes
                0x0000045f       0x34 c:/freescale/kds_v3/toolchain/bin/../lib/gcc/arm-none-eabi/4.8.4/../../../../arm-none-eabi/lib/armv7e-m/fpu\libg_s.a(lib_a-puts.o)
 .ARM.attributes
                0x00000493       0x34 c:/freescale/kds_v3/toolchain/bin/../lib/gcc/arm-none-eabi/4.8.4/../../../../arm-none-eabi/lib/armv7e-m/fpu\libg_s.a(lib_a-sprintf.o)
 .ARM.attributes
                0x000004c7       0x34 c:/freescale/kds_v3/toolchain/bin/../lib/gcc/arm-none-eabi/4.8.4/../../../../arm-none-eabi/lib/armv7e-m/fpu\libg_s.a(lib_a-svfprintf.o)
 .ARM.attributes
                0x000004fb       0x34 c:/freescale/kds_v3/toolchain/bin/../lib/gcc/arm-none-eabi/4.8.4/../../../../arm-none-eabi/lib/armv7e-m/fpu\libg_s.a(lib_a-vfprintf.o)
 .ARM.attributes
                0x0000052f       0x34 c:/freescale/kds_v3/toolchain/bin/../lib/gcc/arm-none-eabi/4.8.4/../../../../arm-none-eabi/lib/armv7e-m/fpu\libg_s.a(lib_a-vfprintf_i.o)
 .ARM.attributes
                0x00000563       0x34 c:/freescale/kds_v3/toolchain/bin/../lib/gcc/arm-none-eabi/4.8.4/../../../../arm-none-eabi/lib/armv7e-m/fpu\libg_s.a(lib_a-wbuf.o)
 .ARM.attributes
                0x00000597       0x34 c:/freescale/kds_v3/toolchain/bin/../lib/gcc/arm-none-eabi/4.8.4/../../../../arm-none-eabi/lib/armv7e-m/fpu\libg_s.a(lib_a-wsetup.o)
 .ARM.attributes
                0x000005cb       0x34 c:/freescale/kds_v3/toolchain/bin/../lib/gcc/arm-none-eabi/4.8.4/../../../../arm-none-eabi/lib/armv7e-m/fpu\libg_s.a(lib_a-fflush.o)
 .ARM.attributes
                0x000005ff       0x34 c:/freescale/kds_v3/toolchain/bin/../lib/gcc/arm-none-eabi/4.8.4/../../../../arm-none-eabi/lib/armv7e-m/fpu\libg_s.a(lib_a-findfp.o)
 .ARM.attributes
                0x00000633       0x34 c:/freescale/kds_v3/toolchain/bin/../lib/gcc/arm-none-eabi/4.8.4/../../../../arm-none-eabi/lib/armv7e-m/fpu\libg_s.a(lib_a-makebuf.o)
 .ARM.attributes
                0x00000667       0x34 c:/freescale/kds_v3/toolchain/bin/../lib/gcc/arm-none-eabi/4.8.4/../../../../arm-none-eabi/lib/armv7e-m/fpu\libg_s.a(lib_a-memchr-stub.o)
 .ARM.attributes
                0x0000069b       0x34 c:/freescale/kds_v3/toolchain/bin/../lib/gcc/arm-none-eabi/4.8.4/../../../../arm-none-eabi/lib/armv7e-m/fpu\libg_s.a(lib_a-memcpy-stub.o)
 .ARM.attributes
                0x000006cf       0x34 c:/freescale/kds_v3/toolchain/bin/../lib/gcc/arm-none-eabi/4.8.4/../../../../arm-none-eabi/lib/armv7e-m/fpu\libg_s.a(lib_a-memmove.o)
 .ARM.attributes
                0x00000703       0x34 c:/freescale/kds_v3/toolchain/bin/../lib/gcc/arm-none-eabi/4.8.4/../../../../arm-none-eabi/lib/armv7e-m/fpu\libg_s.a(lib_a-nano-freer.o)
 .ARM.attributes
                0x00000737       0x34 c:/freescale/kds_v3/toolchain/bin/../lib/gcc/arm-none-eabi/4.8.4/../../../../arm-none-eabi/lib/armv7e-m/fpu\libg_s.a(lib_a-nano-mallocr.o)
 .ARM.attributes
                0x0000076b       0x34 c:/freescale/kds_v3/toolchain/bin/../lib/gcc/arm-none-eabi/4.8.4/../../../../arm-none-eabi/lib/armv7e-m/fpu\libg_s.a(lib_a-nano-reallocr.o)
 .ARM.attributes
                0x0000079f       0x34 c:/freescale/kds_v3/toolchain/bin/../lib/gcc/arm-none-eabi/4.8.4/../../../../arm-none-eabi/lib/armv7e-m/fpu\libg_s.a(lib_a-sbrkr.o)
 .ARM.attributes
                0x000007d3       0x34 c:/freescale/kds_v3/toolchain/bin/../lib/gcc/arm-none-eabi/4.8.4/../../../../arm-none-eabi/lib/armv7e-m/fpu\libg_s.a(lib_a-stdio.o)
 .ARM.attributes
                0x00000807       0x34 c:/freescale/kds_v3/toolchain/bin/../lib/gcc/arm-none-eabi/4.8.4/../../../../arm-none-eabi/lib/armv7e-m/fpu\libg_s.a(lib_a-strlen.o)
 .ARM.attributes
                0x0000083b       0x34 c:/freescale/kds_v3/toolchain/bin/../lib/gcc/arm-none-eabi/4.8.4/../../../../arm-none-eabi/lib/armv7e-m/fpu\libg_s.a(lib_a-writer.o)
 .ARM.attributes
                0x0000086f       0x34 c:/freescale/kds_v3/toolchain/bin/../lib/gcc/arm-none-eabi/4.8.4/../../../../arm-none-eabi/lib/armv7e-m/fpu\libg_s.a(lib_a-closer.o)
 .ARM.attributes
                0x000008a3       0x34 c:/freescale/kds_v3/toolchain/bin/../lib/gcc/arm-none-eabi/4.8.4/../../../../arm-none-eabi/lib/armv7e-m/fpu\libg_s.a(lib_a-fstatr.o)
 .ARM.attributes
                0x000008d7       0x34 c:/freescale/kds_v3/toolchain/bin/../lib/gcc/arm-none-eabi/4.8.4/../../../../arm-none-eabi/lib/armv7e-m/fpu\libg_s.a(lib_a-isattyr.o)
 .ARM.attributes
                0x0000090b       0x34 c:/freescale/kds_v3/toolchain/bin/../lib/gcc/arm-none-eabi/4.8.4/../../../../arm-none-eabi/lib/armv7e-m/fpu\libg_s.a(lib_a-lseekr.o)
 .ARM.attributes
                0x0000093f       0x34 c:/freescale/kds_v3/toolchain/bin/../lib/gcc/arm-none-eabi/4.8.4/../../../../arm-none-eabi/lib/armv7e-m/fpu\libg_s.a(lib_a-nano-msizer.o)
 .ARM.attributes
                0x00000973       0x34 c:/freescale/kds_v3/toolchain/bin/../lib/gcc/arm-none-eabi/4.8.4/../../../../arm-none-eabi/lib/armv7e-m/fpu\libg_s.a(lib_a-readr.o)
 .ARM.attributes
                0x000009a7       0x34 c:/freescale/kds_v3/toolchain/bin/../lib/gcc/arm-none-eabi/4.8.4/../../../../arm-none-eabi/lib/armv7e-m/fpu\libg_s.a(lib_a-reent.o)
 .ARM.attributes
                0x000009db       0x34 c:/freescale/kds_v3/toolchain/bin/../lib/gcc/arm-none-eabi/4.8.4/../../../../arm-none-eabi/lib/armv7e-m/fpu\libnosys.a(close.o)
 .ARM.attributes
                0x00000a0f       0x34 c:/freescale/kds_v3/toolchain/bin/../lib/gcc/arm-none-eabi/4.8.4/../../../../arm-none-eabi/lib/armv7e-m/fpu\libnosys.a(fstat.o)
 .ARM.attributes
                0x00000a43       0x34 c:/freescale/kds_v3/toolchain/bin/../lib/gcc/arm-none-eabi/4.8.4/../../../../arm-none-eabi/lib/armv7e-m/fpu\libnosys.a(isatty.o)
 .ARM.attributes
                0x00000a77       0x34 c:/freescale/kds_v3/toolchain/bin/../lib/gcc/arm-none-eabi/4.8.4/../../../../arm-none-eabi/lib/armv7e-m/fpu\libnosys.a(lseek.o)
 .ARM.attributes
                0x00000aab       0x34 c:/freescale/kds_v3/toolchain/bin/../lib/gcc/arm-none-eabi/4.8.4/../../../../arm-none-eabi/lib/armv7e-m/fpu\libnosys.a(sbrk.o)
 .ARM.attributes
                0x00000adf       0x34 c:/freescale/kds_v3/toolchain/bin/../lib/gcc/arm-none-eabi/4.8.4/../../../../arm-none-eabi/lib/armv7e-m/fpu\libnosys.a(_exit.o)
 .ARM.attributes
                0x00000b13       0x22 c:/freescale/kds_v3/toolchain/bin/../lib/gcc/arm-none-eabi/4.8.4/armv7e-m/fpu/crtn.o
OUTPUT(Mini_project_LCD.elf elf32-littlearm)

.debug_info     0x00000000     0x3e11
 .debug_info    0x00000000      0xbe5 ./Static_Code/System/CPU_Init.o
 .debug_info    0x00000be5       0x96 ./Static_Code/System/Peripherals_Init.o
 .debug_info    0x00000c7b      0x826 ./Static_Code/System/Vectors.o
 .debug_info    0x000014a1      0x23c ./Static_Code/Peripherals/FTM2_Init.o
 .debug_info    0x000016dd       0xe7 ./Sources/Events.o
 .debug_info    0x000017c4      0x797 ./Sources/main.o
 .debug_info    0x00001f5b      0x3b0 ./Project_Settings/Startup_Code/startup.o
 .debug_info    0x0000230b      0x4a6 ./Generated_Code/Cpu.o
 .debug_info    0x000027b1      0x329 ./Generated_Code/CsIO1.o
 .debug_info    0x00002ada      0x753 ./Generated_Code/IO1.o
 .debug_info    0x0000322d       0xa7 ./Generated_Code/MCUC1.o
 .debug_info    0x000032d4      0x251 ./Generated_Code/PE_LDD.o
 .debug_info    0x00003525      0x8ec ./Generated_Code/SM1.o

.debug_abbrev   0x00000000      0xe5e
 .debug_abbrev  0x00000000      0x1db ./Static_Code/System/CPU_Init.o
 .debug_abbrev  0x000001db       0x45 ./Static_Code/System/Peripherals_Init.o
 .debug_abbrev  0x00000220       0xd8 ./Static_Code/System/Vectors.o
 .debug_abbrev  0x000002f8       0xbb ./Static_Code/Peripherals/FTM2_Init.o
 .debug_abbrev  0x000003b3       0x9a ./Sources/Events.o
 .debug_abbrev  0x0000044d      0x165 ./Sources/main.o
 .debug_abbrev  0x000005b2      0x189 ./Project_Settings/Startup_Code/startup.o
 .debug_abbrev  0x0000073b       0xfc ./Generated_Code/Cpu.o
 .debug_abbrev  0x00000837      0x121 ./Generated_Code/CsIO1.o
 .debug_abbrev  0x00000958      0x1bf ./Generated_Code/IO1.o
 .debug_abbrev  0x00000b17       0x45 ./Generated_Code/MCUC1.o
 .debug_abbrev  0x00000b5c      0x127 ./Generated_Code/PE_LDD.o
 .debug_abbrev  0x00000c83      0x1db ./Generated_Code/SM1.o

.debug_aranges  0x00000000      0x5c0
 .debug_aranges
                0x00000000       0x50 ./Static_Code/System/CPU_Init.o
 .debug_aranges
                0x00000050       0x20 ./Static_Code/System/Peripherals_Init.o
 .debug_aranges
                0x00000070      0x340 ./Static_Code/System/Vectors.o
 .debug_aranges
                0x000003b0       0x20 ./Static_Code/Peripherals/FTM2_Init.o
 .debug_aranges
                0x000003d0       0x30 ./Sources/Events.o
 .debug_aranges
                0x00000400       0x30 ./Sources/main.o
 .debug_aranges
                0x00000430       0x50 ./Project_Settings/Startup_Code/startup.o
 .debug_aranges
                0x00000480       0x30 ./Generated_Code/Cpu.o
 .debug_aranges
                0x000004b0       0x28 ./Generated_Code/CsIO1.o
 .debug_aranges
                0x000004d8       0x48 ./Generated_Code/IO1.o
 .debug_aranges
                0x00000520       0x28 ./Generated_Code/MCUC1.o
 .debug_aranges
                0x00000548       0x30 ./Generated_Code/PE_LDD.o
 .debug_aranges
                0x00000578       0x48 ./Generated_Code/SM1.o

.debug_ranges   0x00000000      0x4f0
 .debug_ranges  0x00000000       0x40 ./Static_Code/System/CPU_Init.o
 .debug_ranges  0x00000040       0x10 ./Static_Code/System/Peripherals_Init.o
 .debug_ranges  0x00000050      0x330 ./Static_Code/System/Vectors.o
 .debug_ranges  0x00000380       0x10 ./Static_Code/Peripherals/FTM2_Init.o
 .debug_ranges  0x00000390       0x20 ./Sources/Events.o
 .debug_ranges  0x000003b0       0x20 ./Sources/main.o
 .debug_ranges  0x000003d0       0x40 ./Project_Settings/Startup_Code/startup.o
 .debug_ranges  0x00000410       0x20 ./Generated_Code/Cpu.o
 .debug_ranges  0x00000430       0x18 ./Generated_Code/CsIO1.o
 .debug_ranges  0x00000448       0x38 ./Generated_Code/IO1.o
 .debug_ranges  0x00000480       0x18 ./Generated_Code/MCUC1.o
 .debug_ranges  0x00000498       0x20 ./Generated_Code/PE_LDD.o
 .debug_ranges  0x000004b8       0x38 ./Generated_Code/SM1.o

.debug_macro    0x00000000    0x31dd9
 .debug_macro   0x00000000      0x27d ./Static_Code/System/CPU_Init.o
 .debug_macro   0x0000027d      0x850 ./Static_Code/System/CPU_Init.o
 .debug_macro   0x00000acd       0x16 ./Static_Code/System/CPU_Init.o
 .debug_macro   0x00000ae3       0x44 ./Static_Code/System/CPU_Init.o
 .debug_macro   0x00000b27      0x209 ./Static_Code/System/CPU_Init.o
 .debug_macro   0x00000d30     0x1791 ./Static_Code/System/CPU_Init.o
 .debug_macro   0x000024c1    0x110ae ./Static_Code/System/CPU_Init.o
 .debug_macro   0x0001356f      0x622 ./Static_Code/System/CPU_Init.o
 .debug_macro   0x00013b91      0x17e ./Static_Code/System/CPU_Init.o
 .debug_macro   0x00013d0f       0x12 ./Static_Code/System/CPU_Init.o
 .debug_macro   0x00013d21      0x14e ./Static_Code/System/CPU_Init.o
 .debug_macro   0x00013e6f       0x6a ./Static_Code/System/CPU_Init.o
 .debug_macro   0x00013ed9       0x58 ./Static_Code/System/CPU_Init.o
 .debug_macro   0x00013f31       0x35 ./Static_Code/System/CPU_Init.o
 .debug_macro   0x00013f66       0xa3 ./Static_Code/System/CPU_Init.o
 .debug_macro   0x00014009       0x16 ./Static_Code/System/CPU_Init.o
 .debug_macro   0x0001401f       0x10 ./Static_Code/System/CPU_Init.o
 .debug_macro   0x0001402f       0x94 ./Static_Code/System/CPU_Init.o
 .debug_macro   0x000140c3      0x642 ./Static_Code/System/CPU_Init.o
 .debug_macro   0x00014705       0x3c ./Static_Code/System/CPU_Init.o
 .debug_macro   0x00014741       0x1c ./Static_Code/System/CPU_Init.o
 .debug_macro   0x0001475d       0x97 ./Static_Code/System/CPU_Init.o
 .debug_macro   0x000147f4       0x10 ./Static_Code/System/CPU_Init.o
 .debug_macro   0x00014804       0xef ./Static_Code/System/CPU_Init.o
 .debug_macro   0x000148f3       0x52 ./Static_Code/System/CPU_Init.o
 .debug_macro   0x00014945       0x16 ./Static_Code/System/CPU_Init.o
 .debug_macro   0x0001495b       0x43 ./Static_Code/System/CPU_Init.o
 .debug_macro   0x0001499e      0x180 ./Static_Code/System/CPU_Init.o
 .debug_macro   0x00014b1e       0x10 ./Static_Code/System/CPU_Init.o
 .debug_macro   0x00014b2e       0x22 ./Static_Code/System/CPU_Init.o
 .debug_macro   0x00014b50       0xbd ./Static_Code/System/CPU_Init.o
 .debug_macro   0x00014c0d       0x16 ./Static_Code/System/CPU_Init.o
 .debug_macro   0x00014c23      0x14a ./Static_Code/System/CPU_Init.o
 .debug_macro   0x00014d6d       0x40 ./Static_Code/System/CPU_Init.o
 .debug_macro   0x00014dad      0x6a6 ./Static_Code/System/CPU_Init.o
 .debug_macro   0x00015453       0x4e ./Static_Code/System/CPU_Init.o
 .debug_macro   0x000154a1       0xc8 ./Static_Code/System/CPU_Init.o
 .debug_macro   0x00015569       0x54 ./Static_Code/System/CPU_Init.o
 .debug_macro   0x000155bd       0x54 ./Static_Code/System/CPU_Init.o
 .debug_macro   0x00015611      0x299 ./Static_Code/System/CPU_Init.o
 .debug_macro   0x000158aa       0xa7 ./Static_Code/System/Peripherals_Init.o
 .debug_macro   0x00015951      0x26b ./Static_Code/System/Vectors.o
 .debug_macro   0x00015bbc       0xa9 ./Static_Code/Peripherals/FTM2_Init.o
 .debug_macro   0x00015c65       0x10 ./Static_Code/Peripherals/FTM2_Init.o
 .debug_macro   0x00015c75    0x110a2 ./Static_Code/Peripherals/FTM2_Init.o
 .debug_macro   0x00026d17     0x1797 ./Static_Code/Peripherals/FTM2_Init.o
 .debug_macro   0x000284ae      0x39b ./Sources/Events.o
 .debug_macro   0x00028849      0x61c ./Sources/Events.o
 .debug_macro   0x00028e65      0x625 ./Sources/Events.o
 .debug_macro   0x0002948a      0x328 ./Sources/Events.o
 .debug_macro   0x000297b2      0x1e9 ./Sources/Events.o
 .debug_macro   0x0002999b      0x109 ./Sources/Events.o
 .debug_macro   0x00029aa4      0x17f ./Sources/Events.o
 .debug_macro   0x00029c23      0x202 ./Sources/Events.o
 .debug_macro   0x00029e25      0x91e ./Sources/Events.o
 .debug_macro   0x0002a743      0x585 ./Sources/Events.o
 .debug_macro   0x0002acc8       0x9e ./Sources/Events.o
 .debug_macro   0x0002ad66      0x1f9 ./Sources/Events.o
 .debug_macro   0x0002af5f      0x50f ./Sources/Events.o
 .debug_macro   0x0002b46e      0x132 ./Sources/Events.o
 .debug_macro   0x0002b5a0      0x29c ./Sources/Events.o
 .debug_macro   0x0002b83c      0x264 ./Sources/Events.o
 .debug_macro   0x0002baa0      0x25b ./Sources/Events.o
 .debug_macro   0x0002bcfb      0x4f1 ./Sources/Events.o
 .debug_macro   0x0002c1ec      0x13f ./Sources/Events.o
 .debug_macro   0x0002c32b       0x6c ./Sources/Events.o
 .debug_macro   0x0002c397      0x30d ./Sources/Events.o
 .debug_macro   0x0002c6a4       0xbb ./Sources/Events.o
 .debug_macro   0x0002c75f       0xe9 ./Sources/Events.o
 .debug_macro   0x0002c848      0x4ea ./Sources/Events.o
 .debug_macro   0x0002cd32      0x18f ./Sources/Events.o
 .debug_macro   0x0002cec1       0xea ./Sources/Events.o
 .debug_macro   0x0002cfab      0x344 ./Sources/Events.o
 .debug_macro   0x0002d2ef      0x824 ./Sources/Events.o
 .debug_macro   0x0002db13      0x179 ./Sources/Events.o
 .debug_macro   0x0002dc8c      0x644 ./Sources/Events.o
 .debug_macro   0x0002e2d0      0xa28 ./Sources/Events.o
 .debug_macro   0x0002ecf8      0x124 ./Sources/Events.o
 .debug_macro   0x0002ee1c       0x81 ./Sources/Events.o
 .debug_macro   0x0002ee9d      0x7bf ./Sources/Events.o
 .debug_macro   0x0002f65c      0x10f ./Sources/Events.o
 .debug_macro   0x0002f76b      0x66f ./Sources/Events.o
 .debug_macro   0x0002fdda       0x7b ./Sources/Events.o
 .debug_macro   0x0002fe55      0x182 ./Sources/Events.o
 .debug_macro   0x0002ffd7      0x39f ./Sources/main.o
 .debug_macro   0x00030376      0x121 ./Project_Settings/Startup_Code/startup.o
 .debug_macro   0x00030497      0x166 ./Project_Settings/Startup_Code/startup.o
 .debug_macro   0x000305fd       0x4a ./Project_Settings/Startup_Code/startup.o
 .debug_macro   0x00030647      0x2a6 ./Project_Settings/Startup_Code/startup.o
 .debug_macro   0x000308ed       0x10 ./Project_Settings/Startup_Code/startup.o
 .debug_macro   0x000308fd       0x35 ./Project_Settings/Startup_Code/startup.o
 .debug_macro   0x00030932       0x16 ./Project_Settings/Startup_Code/startup.o
 .debug_macro   0x00030948       0x22 ./Project_Settings/Startup_Code/startup.o
 .debug_macro   0x0003096a      0x20f ./Project_Settings/Startup_Code/startup.o
 .debug_macro   0x00030b79      0x257 ./Generated_Code/Cpu.o
 .debug_macro   0x00030dd0      0x143 ./Generated_Code/CsIO1.o
 .debug_macro   0x00030f13       0x16 ./Generated_Code/CsIO1.o
 .debug_macro   0x00030f29       0x52 ./Generated_Code/CsIO1.o
 .debug_macro   0x00030f7b      0x7b9 ./Generated_Code/CsIO1.o
 .debug_macro   0x00031734      0x108 ./Generated_Code/IO1.o
 .debug_macro   0x0003183c       0x3a ./Generated_Code/IO1.o
 .debug_macro   0x00031876       0xe5 ./Generated_Code/MCUC1.o
 .debug_macro   0x0003195b      0x22d ./Generated_Code/PE_LDD.o
 .debug_macro   0x00031b88      0x251 ./Generated_Code/SM1.o

.debug_line     0x00000000     0x4a3f
 .debug_line    0x00000000      0x760 ./Static_Code/System/CPU_Init.o
 .debug_line    0x00000760      0x2bf ./Static_Code/System/Peripherals_Init.o
 .debug_line    0x00000a1f      0xcaa ./Static_Code/System/Vectors.o
 .debug_line    0x000016c9      0x374 ./Static_Code/Peripherals/FTM2_Init.o
 .debug_line    0x00001a3d      0x756 ./Sources/Events.o
 .debug_line    0x00002193      0x7a4 ./Sources/main.o
 .debug_line    0x00002937      0x40b ./Project_Settings/Startup_Code/startup.o
 .debug_line    0x00002d42      0x60c ./Generated_Code/Cpu.o
 .debug_line    0x0000334e      0x357 ./Generated_Code/CsIO1.o
 .debug_line    0x000036a5      0x456 ./Generated_Code/IO1.o
 .debug_line    0x00003afb      0x35d ./Generated_Code/MCUC1.o
 .debug_line    0x00003e58      0x585 ./Generated_Code/PE_LDD.o
 .debug_line    0x000043dd      0x662 ./Generated_Code/SM1.o

.debug_str      0x00000000    0xec995
 .debug_str     0x00000000    0x7cf36 ./Static_Code/System/CPU_Init.o
                              0x7d14f (size before relaxing)
 .debug_str     0x0007cf36       0x3a ./Static_Code/System/Peripherals_Init.o
                               0xbe60 (size before relaxing)
 .debug_str     0x0007cf70      0x98a ./Static_Code/System/Vectors.o
                              0x7d4f2 (size before relaxing)
 .debug_str     0x0007d8fa       0xcb ./Static_Code/Peripherals/FTM2_Init.o
                              0x69f5c (size before relaxing)
 .debug_str     0x0007d9c5    0x6d700 ./Sources/Events.o
                              0xe9208 (size before relaxing)
 .debug_str     0x000eb0c5       0xfb ./Sources/main.o
                              0xe948e (size before relaxing)
 .debug_str     0x000eb1c0     0x1099 ./Project_Settings/Startup_Code/startup.o
                              0x636c0 (size before relaxing)
 .debug_str     0x000ec259       0x83 ./Generated_Code/Cpu.o
                              0x7bcce (size before relaxing)
 .debug_str     0x000ec2dc      0x1a0 ./Generated_Code/CsIO1.o
                              0x6a8ab (size before relaxing)
 .debug_str     0x000ec47c      0x148 ./Generated_Code/IO1.o
                              0x79896 (size before relaxing)
 .debug_str     0x000ec5c4       0x32 ./Generated_Code/MCUC1.o
                              0x6ac18 (size before relaxing)
 .debug_str     0x000ec5f6      0x16b ./Generated_Code/PE_LDD.o
                              0x7bcde (size before relaxing)
 .debug_str     0x000ec761      0x234 ./Generated_Code/SM1.o
                              0x7c015 (size before relaxing)

.comment        0x00000000       0x70
 .comment       0x00000000       0x70 ./Static_Code/System/CPU_Init.o
                                 0x71 (size before relaxing)
 .comment       0x00000000       0x71 ./Static_Code/System/Peripherals_Init.o
 .comment       0x00000000       0x71 ./Static_Code/System/Vectors.o
 .comment       0x00000000       0x71 ./Static_Code/Peripherals/FTM2_Init.o
 .comment       0x00000000       0x71 ./Sources/Events.o
 .comment       0x00000000       0x71 ./Sources/main.o
 .comment       0x00000000       0x71 ./Project_Settings/Startup_Code/startup.o
 .comment       0x00000000       0x71 ./Generated_Code/Cpu.o
 .comment       0x00000000       0x71 ./Generated_Code/CsIO1.o
 .comment       0x00000000       0x71 ./Generated_Code/IO1.o
 .comment       0x00000000       0x71 ./Generated_Code/MCUC1.o
 .comment       0x00000000       0x71 ./Generated_Code/PE_LDD.o
 .comment       0x00000000       0x71 ./Generated_Code/SM1.o

.debug_frame    0x00000000     0x1b58
 .debug_frame   0x00000000       0xd4 ./Static_Code/System/CPU_Init.o
 .debug_frame   0x000000d4       0x2c ./Static_Code/System/Peripherals_Init.o
 .debug_frame   0x00000100      0xcb0 ./Static_Code/System/Vectors.o
 .debug_frame   0x00000db0       0x28 ./Static_Code/Peripherals/FTM2_Init.o
 .debug_frame   0x00000dd8       0x60 ./Sources/Events.o
 .debug_frame   0x00000e38       0x60 ./Sources/main.o
 .debug_frame   0x00000e98       0xc0 ./Project_Settings/Startup_Code/startup.o
 .debug_frame   0x00000f58       0x68 ./Generated_Code/Cpu.o
 .debug_frame   0x00000fc0       0x48 ./Generated_Code/CsIO1.o
 .debug_frame   0x00001008       0xc8 ./Generated_Code/IO1.o
 .debug_frame   0x000010d0       0x40 ./Generated_Code/MCUC1.o
 .debug_frame   0x00001110       0x68 ./Generated_Code/PE_LDD.o
 .debug_frame   0x00001178       0xc8 ./Generated_Code/SM1.o
 .debug_frame   0x00001240       0x28 c:/freescale/kds_v3/toolchain/bin/../lib/gcc/arm-none-eabi/4.8.4/../../../../arm-none-eabi/lib/armv7e-m/fpu\libg_s.a(lib_a-exit.o)
 .debug_frame   0x00001268       0x2c c:/freescale/kds_v3/toolchain/bin/../lib/gcc/arm-none-eabi/4.8.4/../../../../arm-none-eabi/lib/armv7e-m/fpu\libg_s.a(lib_a-init.o)
 .debug_frame   0x00001294       0x20 c:/freescale/kds_v3/toolchain/bin/../lib/gcc/arm-none-eabi/4.8.4/../../../../arm-none-eabi/lib/armv7e-m/fpu\libg_s.a(lib_a-memset.o)
 .debug_frame   0x000012b4       0x60 c:/freescale/kds_v3/toolchain/bin/../lib/gcc/arm-none-eabi/4.8.4/../../../../arm-none-eabi/lib/armv7e-m/fpu\libg_s.a(lib_a-printf.o)
 .debug_frame   0x00001314       0x3c c:/freescale/kds_v3/toolchain/bin/../lib/gcc/arm-none-eabi/4.8.4/../../../../arm-none-eabi/lib/armv7e-m/fpu\libg_s.a(lib_a-puts.o)
 .debug_frame   0x00001350       0x58 c:/freescale/kds_v3/toolchain/bin/../lib/gcc/arm-none-eabi/4.8.4/../../../../arm-none-eabi/lib/armv7e-m/fpu\libg_s.a(lib_a-sprintf.o)
 .debug_frame   0x000013a8       0x88 c:/freescale/kds_v3/toolchain/bin/../lib/gcc/arm-none-eabi/4.8.4/../../../../arm-none-eabi/lib/armv7e-m/fpu\libg_s.a(lib_a-svfprintf.o)
 .debug_frame   0x00001430       0xa8 c:/freescale/kds_v3/toolchain/bin/../lib/gcc/arm-none-eabi/4.8.4/../../../../arm-none-eabi/lib/armv7e-m/fpu\libg_s.a(lib_a-vfprintf.o)
 .debug_frame   0x000014d8       0x60 c:/freescale/kds_v3/toolchain/bin/../lib/gcc/arm-none-eabi/4.8.4/../../../../arm-none-eabi/lib/armv7e-m/fpu\libg_s.a(lib_a-vfprintf_i.o)
 .debug_frame   0x00001538       0x3c c:/freescale/kds_v3/toolchain/bin/../lib/gcc/arm-none-eabi/4.8.4/../../../../arm-none-eabi/lib/armv7e-m/fpu\libg_s.a(lib_a-wbuf.o)
 .debug_frame   0x00001574       0x2c c:/freescale/kds_v3/toolchain/bin/../lib/gcc/arm-none-eabi/4.8.4/../../../../arm-none-eabi/lib/armv7e-m/fpu\libg_s.a(lib_a-wsetup.o)
 .debug_frame   0x000015a0       0x5c c:/freescale/kds_v3/toolchain/bin/../lib/gcc/arm-none-eabi/4.8.4/../../../../arm-none-eabi/lib/armv7e-m/fpu\libg_s.a(lib_a-fflush.o)
 .debug_frame   0x000015fc      0x12c c:/freescale/kds_v3/toolchain/bin/../lib/gcc/arm-none-eabi/4.8.4/../../../../arm-none-eabi/lib/armv7e-m/fpu\libg_s.a(lib_a-findfp.o)
 .debug_frame   0x00001728       0x30 c:/freescale/kds_v3/toolchain/bin/../lib/gcc/arm-none-eabi/4.8.4/../../../../arm-none-eabi/lib/armv7e-m/fpu\libg_s.a(lib_a-makebuf.o)
 .debug_frame   0x00001758       0x28 c:/freescale/kds_v3/toolchain/bin/../lib/gcc/arm-none-eabi/4.8.4/../../../../arm-none-eabi/lib/armv7e-m/fpu\libg_s.a(lib_a-memchr-stub.o)
 .debug_frame   0x00001780       0x28 c:/freescale/kds_v3/toolchain/bin/../lib/gcc/arm-none-eabi/4.8.4/../../../../arm-none-eabi/lib/armv7e-m/fpu\libg_s.a(lib_a-memcpy-stub.o)
 .debug_frame   0x000017a8       0x2c c:/freescale/kds_v3/toolchain/bin/../lib/gcc/arm-none-eabi/4.8.4/../../../../arm-none-eabi/lib/armv7e-m/fpu\libg_s.a(lib_a-memmove.o)
 .debug_frame   0x000017d4       0x2c c:/freescale/kds_v3/toolchain/bin/../lib/gcc/arm-none-eabi/4.8.4/../../../../arm-none-eabi/lib/armv7e-m/fpu\libg_s.a(lib_a-nano-freer.o)
 .debug_frame   0x00001800       0x2c c:/freescale/kds_v3/toolchain/bin/../lib/gcc/arm-none-eabi/4.8.4/../../../../arm-none-eabi/lib/armv7e-m/fpu\libg_s.a(lib_a-nano-mallocr.o)
 .debug_frame   0x0000182c       0x30 c:/freescale/kds_v3/toolchain/bin/../lib/gcc/arm-none-eabi/4.8.4/../../../../arm-none-eabi/lib/armv7e-m/fpu\libg_s.a(lib_a-nano-reallocr.o)
 .debug_frame   0x0000185c       0x2c c:/freescale/kds_v3/toolchain/bin/../lib/gcc/arm-none-eabi/4.8.4/../../../../arm-none-eabi/lib/armv7e-m/fpu\libg_s.a(lib_a-sbrkr.o)
 .debug_frame   0x00001888       0x80 c:/freescale/kds_v3/toolchain/bin/../lib/gcc/arm-none-eabi/4.8.4/../../../../arm-none-eabi/lib/armv7e-m/fpu\libg_s.a(lib_a-stdio.o)
 .debug_frame   0x00001908       0x20 c:/freescale/kds_v3/toolchain/bin/../lib/gcc/arm-none-eabi/4.8.4/../../../../arm-none-eabi/lib/armv7e-m/fpu\libg_s.a(lib_a-strlen.o)
 .debug_frame   0x00001928       0x2c c:/freescale/kds_v3/toolchain/bin/../lib/gcc/arm-none-eabi/4.8.4/../../../../arm-none-eabi/lib/armv7e-m/fpu\libg_s.a(lib_a-writer.o)
 .debug_frame   0x00001954       0x2c c:/freescale/kds_v3/toolchain/bin/../lib/gcc/arm-none-eabi/4.8.4/../../../../arm-none-eabi/lib/armv7e-m/fpu\libg_s.a(lib_a-closer.o)
 .debug_frame   0x00001980       0x2c c:/freescale/kds_v3/toolchain/bin/../lib/gcc/arm-none-eabi/4.8.4/../../../../arm-none-eabi/lib/armv7e-m/fpu\libg_s.a(lib_a-fstatr.o)
 .debug_frame   0x000019ac       0x2c c:/freescale/kds_v3/toolchain/bin/../lib/gcc/arm-none-eabi/4.8.4/../../../../arm-none-eabi/lib/armv7e-m/fpu\libg_s.a(lib_a-isattyr.o)
 .debug_frame   0x000019d8       0x2c c:/freescale/kds_v3/toolchain/bin/../lib/gcc/arm-none-eabi/4.8.4/../../../../arm-none-eabi/lib/armv7e-m/fpu\libg_s.a(lib_a-lseekr.o)
 .debug_frame   0x00001a04       0x20 c:/freescale/kds_v3/toolchain/bin/../lib/gcc/arm-none-eabi/4.8.4/../../../../arm-none-eabi/lib/armv7e-m/fpu\libg_s.a(lib_a-nano-msizer.o)
 .debug_frame   0x00001a24       0x2c c:/freescale/kds_v3/toolchain/bin/../lib/gcc/arm-none-eabi/4.8.4/../../../../arm-none-eabi/lib/armv7e-m/fpu\libg_s.a(lib_a-readr.o)
 .debug_frame   0x00001a50       0x48 c:/freescale/kds_v3/toolchain/bin/../lib/gcc/arm-none-eabi/4.8.4/../../../../arm-none-eabi/lib/armv7e-m/fpu\libg_s.a(lib_a-reent.o)
 .debug_frame   0x00001a98       0x20 c:/freescale/kds_v3/toolchain/bin/../lib/gcc/arm-none-eabi/4.8.4/../../../../arm-none-eabi/lib/armv7e-m/fpu\libnosys.a(close.o)
 .debug_frame   0x00001ab8       0x20 c:/freescale/kds_v3/toolchain/bin/../lib/gcc/arm-none-eabi/4.8.4/../../../../arm-none-eabi/lib/armv7e-m/fpu\libnosys.a(fstat.o)
 .debug_frame   0x00001ad8       0x20 c:/freescale/kds_v3/toolchain/bin/../lib/gcc/arm-none-eabi/4.8.4/../../../../arm-none-eabi/lib/armv7e-m/fpu\libnosys.a(isatty.o)
 .debug_frame   0x00001af8       0x20 c:/freescale/kds_v3/toolchain/bin/../lib/gcc/arm-none-eabi/4.8.4/../../../../arm-none-eabi/lib/armv7e-m/fpu\libnosys.a(lseek.o)
 .debug_frame   0x00001b18       0x20 c:/freescale/kds_v3/toolchain/bin/../lib/gcc/arm-none-eabi/4.8.4/../../../../arm-none-eabi/lib/armv7e-m/fpu\libnosys.a(sbrk.o)
 .debug_frame   0x00001b38       0x20 c:/freescale/kds_v3/toolchain/bin/../lib/gcc/arm-none-eabi/4.8.4/../../../../arm-none-eabi/lib/armv7e-m/fpu\libnosys.a(_exit.o)

.stab           0x00000000       0x6c
 .stab          0x00000000       0x24 c:/freescale/kds_v3/toolchain/bin/../lib/gcc/arm-none-eabi/4.8.4/../../../../arm-none-eabi/lib/armv7e-m/fpu\libnosys.a(close.o)
 .stab          0x00000024       0x18 c:/freescale/kds_v3/toolchain/bin/../lib/gcc/arm-none-eabi/4.8.4/../../../../arm-none-eabi/lib/armv7e-m/fpu\libnosys.a(fstat.o)
                                 0x24 (size before relaxing)
 .stab          0x0000003c       0x18 c:/freescale/kds_v3/toolchain/bin/../lib/gcc/arm-none-eabi/4.8.4/../../../../arm-none-eabi/lib/armv7e-m/fpu\libnosys.a(isatty.o)
                                 0x24 (size before relaxing)
 .stab          0x00000054       0x18 c:/freescale/kds_v3/toolchain/bin/../lib/gcc/arm-none-eabi/4.8.4/../../../../arm-none-eabi/lib/armv7e-m/fpu\libnosys.a(lseek.o)
                                 0x24 (size before relaxing)

.stabstr        0x00000000       0xe3
 .stabstr       0x00000000       0xe3 c:/freescale/kds_v3/toolchain/bin/../lib/gcc/arm-none-eabi/4.8.4/../../../../arm-none-eabi/lib/armv7e-m/fpu\libnosys.a(close.o)
