21:40:58 **** Build of configuration Debug for project Lab_2 ****
make all 
Building file: ../Sources/main.c
Invoking: Cross ARM C Compiler
arm-none-eabi-gcc -mcpu=cortex-m4 -mthumb -mfloat-abi=hard -mfpu=fpv4-sp-d16 -O0 -fmessage-length=0 -fsigned-char -ffunction-sections -fdata-sections -Wall  -g3 -D"CPU_MK64FN1M0VMD12" -I"../Sources" -I"../Project_Settings/Startup_Code" -I"../SDK/platform/CMSIS/Include" -I"../SDK/platform/devices" -I"../SDK/platform/devices/MK64F12/include" -std=c99 -MMD -MP -MF"Sources/main.d" -MT"Sources/main.o" -c -o "Sources/main.o" "../Sources/main.c"
../Sources/main.c:36:12: warning: 'i' defined but not used [-Wunused-variable]
 static int i = 0;
            ^
Finished building: ../Sources/main.c
 
Building file: ../Project_Settings/Startup_Code/startup.c
Invoking: Cross ARM C Compiler
arm-none-eabi-gcc -mcpu=cortex-m4 -mthumb -mfloat-abi=hard -mfpu=fpv4-sp-d16 -O0 -fmessage-length=0 -fsigned-char -ffunction-sections -fdata-sections -Wall  -g3 -D"CPU_MK64FN1M0VMD12" -I"../Sources" -I"../Project_Settings/Startup_Code" -I"../SDK/platform/CMSIS/Include" -I"../SDK/platform/devices" -I"../SDK/platform/devices/MK64F12/include" -std=c99 -MMD -MP -MF"Project_Settings/Startup_Code/startup.d" -MT"Project_Settings/Startup_Code/startup.o" -c -o "Project_Settings/Startup_Code/startup.o" "../Project_Settings/Startup_Code/startup.c"
Finished building: ../Project_Settings/Startup_Code/startup.c
 
Building file: ../Project_Settings/Startup_Code/startup_MK64F12.S
Invoking: Cross ARM GNU Assembler
arm-none-eabi-gcc -mcpu=cortex-m4 -mthumb -mfloat-abi=hard -mfpu=fpv4-sp-d16 -O0 -fmessage-length=0 -fsigned-char -ffunction-sections -fdata-sections -Wall  -g3 -x assembler-with-cpp -MMD -MP -MF"Project_Settings/Startup_Code/startup_MK64F12.d" -MT"Project_Settings/Startup_Code/startup_MK64F12.o" -c -o "Project_Settings/Startup_Code/startup_MK64F12.o" "../Project_Settings/Startup_Code/startup_MK64F12.S"
Finished building: ../Project_Settings/Startup_Code/startup_MK64F12.S
 
Building file: ../Project_Settings/Startup_Code/system_MK64F12.c
Invoking: Cross ARM C Compiler
arm-none-eabi-gcc -mcpu=cortex-m4 -mthumb -mfloat-abi=hard -mfpu=fpv4-sp-d16 -O0 -fmessage-length=0 -fsigned-char -ffunction-sections -fdata-sections -Wall  -g3 -D"CPU_MK64FN1M0VMD12" -I"../Sources" -I"../Project_Settings/Startup_Code" -I"../SDK/platform/CMSIS/Include" -I"../SDK/platform/devices" -I"../SDK/platform/devices/MK64F12/include" -std=c99 -MMD -MP -MF"Project_Settings/Startup_Code/system_MK64F12.d" -MT"Project_Settings/Startup_Code/system_MK64F12.o" -c -o "Project_Settings/Startup_Code/system_MK64F12.o" "../Project_Settings/Startup_Code/system_MK64F12.c"
Finished building: ../Project_Settings/Startup_Code/system_MK64F12.c
 
Building target: Lab_2.elf
Invoking: Cross ARM C++ Linker
arm-none-eabi-g++ -mcpu=cortex-m4 -mthumb -mfloat-abi=hard -mfpu=fpv4-sp-d16 -O0 -fmessage-length=0 -fsigned-char -ffunction-sections -fdata-sections -Wall  -g3 -T "MK64FN1M0xxx12_flash.ld" -Xlinker --gc-sections -L"C:/Users/acard/OneDrive - email.ucr.edu/UCR/Fall 2021/EE128/Lab_2/Project_Settings/Linker_Files" -Wl,-Map,"Lab_2.map" -specs=nosys.specs -specs=nano.specs -Xlinker -z -Xlinker muldefs -o "Lab_2.elf"  ./Sources/main.o  ./Project_Settings/Startup_Code/startup.o ./Project_Settings/Startup_Code/startup_MK64F12.o ./Project_Settings/Startup_Code/system_MK64F12.o   
Finished building target: Lab_2.elf
 
Invoking: Cross ARM GNU Print Size
arm-none-eabi-size --format=berkeley "Lab_2.elf"
   text	   data	    bss	    dec	    hex	filename
   2092	    108	   2076	   4276	   10b4	Lab_2.elf
Finished building: Lab_2.siz
 
21:48:30 **** Incremental Build of configuration Debug for project Lab_2 ****
make all 
Invoking: Cross ARM GNU Print Size
arm-none-eabi-size --format=berkeley "Lab_2.elf"
   text	   data	    bss	    dec	    hex	filename
   2092	    108	   2076	   4276	   10b4	Lab_2.elf
Finished building: Lab_2.siz
 
21:55:03 **** Incremental Build of configuration Debug for project Lab_2 ****
make all 
Invoking: Cross ARM GNU Print Size
arm-none-eabi-size --format=berkeley "Lab_2.elf"
   text	   data	    bss	    dec	    hex	filename
   2092	    108	   2076	   4276	   10b4	Lab_2.elf
Finished building: Lab_2.siz
 
22:05:45 **** Incremental Build of configuration Debug for project Lab_2 ****
make all 
Invoking: Cross ARM GNU Print Size
arm-none-eabi-size --format=berkeley "Lab_2.elf"
   text	   data	    bss	    dec	    hex	filename
   2092	    108	   2076	   4276	   10b4	Lab_2.elf
Finished building: Lab_2.siz
 
17:44:51 **** Incremental Build of configuration Debug for project Lab_2 ****
make all 
Building file: ../Sources/main.c
Invoking: Cross ARM C Compiler
arm-none-eabi-gcc -mcpu=cortex-m4 -mthumb -mfloat-abi=hard -mfpu=fpv4-sp-d16 -O0 -fmessage-length=0 -fsigned-char -ffunction-sections -fdata-sections -Wall  -g3 -D"CPU_MK64FN1M0VMD12" -I"../Sources" -I"../Project_Settings/Startup_Code" -I"../SDK/platform/CMSIS/Include" -I"../SDK/platform/devices" -I"../SDK/platform/devices/MK64F12/include" -std=c99 -MMD -MP -MF"Sources/main.d" -MT"Sources/main.o" -c -o "Sources/main.o" "../Sources/main.c"
Finished building: ../Sources/main.c
 
Building target: Lab_2.elf
Invoking: Cross ARM C++ Linker
arm-none-eabi-g++ -mcpu=cortex-m4 -mthumb -mfloat-abi=hard -mfpu=fpv4-sp-d16 -O0 -fmessage-length=0 -fsigned-char -ffunction-sections -fdata-sections -Wall  -g3 -T "MK64FN1M0xxx12_flash.ld" -Xlinker --gc-sections -L"C:/Users/acard/OneDrive - email.ucr.edu/UCR/Fall 2021/EE128/Lab_2/Project_Settings/Linker_Files" -Wl,-Map,"Lab_2.map" -specs=nosys.specs -specs=nano.specs -Xlinker -z -Xlinker muldefs -o "Lab_2.elf"  ./Sources/main.o  ./Project_Settings/Startup_Code/startup.o ./Project_Settings/Startup_Code/startup_MK64F12.o ./Project_Settings/Startup_Code/system_MK64F12.o   
Finished building target: Lab_2.elf
 
Invoking: Cross ARM GNU Print Size
arm-none-eabi-size --format=berkeley "Lab_2.elf"
   text	   data	    bss	    dec	    hex	filename
   2088	    108	   2076	   4272	   10b0	Lab_2.elf
Finished building: Lab_2.siz
 
17:45:58 **** Incremental Build of configuration Debug for project Lab_2 ****
make all 
Invoking: Cross ARM GNU Print Size
arm-none-eabi-size --format=berkeley "Lab_2.elf"
   text	   data	    bss	    dec	    hex	filename
   2088	    108	   2076	   4272	   10b0	Lab_2.elf
Finished building: Lab_2.siz
 
17:47:51 **** Incremental Build of configuration Debug for project Lab_2 ****
make all 
Invoking: Cross ARM GNU Print Size
arm-none-eabi-size --format=berkeley "Lab_2.elf"
   text	   data	    bss	    dec	    hex	filename
   2088	    108	   2076	   4272	   10b0	Lab_2.elf
Finished building: Lab_2.siz
 
15:19:42 **** Incremental Build of configuration Debug for project Lab_2 ****
make all 
Building file: ../Sources/main.c
Invoking: Cross ARM C Compiler
arm-none-eabi-gcc -mcpu=cortex-m4 -mthumb -mfloat-abi=hard -mfpu=fpv4-sp-d16 -O0 -fmessage-length=0 -fsigned-char -ffunction-sections -fdata-sections -Wall  -g3 -D"CPU_MK64FN1M0VMD12" -I"../Sources" -I"../Project_Settings/Startup_Code" -I"../SDK/platform/CMSIS/Include" -I"../SDK/platform/devices" -I"../SDK/platform/devices/MK64F12/include" -std=c99 -MMD -MP -MF"Sources/main.d" -MT"Sources/main.o" -c -o "Sources/main.o" "../Sources/main.c"
../Sources/main.c: In function 'main':
../Sources/main.c:26:8: error: 'i' undeclared (first use in this function)
   for (i = 0; i < 1000000; i++); //delay for the effect of soft clock
        ^
../Sources/main.c:26:8: note: each undeclared identifier is reported only once for each function it appears in
../Sources/main.c:27:3: error: assignment of read-only member 'PDIR'
   GPIOA_PDIR = 0x00000000; //read Port A 
   ^
../Sources/main.c:29:7: error: 'CNT_DIR' undeclared (first use in this function)
   if (CNT_DIR == 0) {
       ^
../Sources/main.c:36:7: error: 'ROT_DIR' undeclared (first use in this function)
   if (ROT_DIR == 0) {
       ^
Sources/subdir.mk:18: recipe for target 'Sources/main.o' failed
make: *** [Sources/main.o] Error 1
15:22:51 **** Incremental Build of configuration Debug for project Lab_2 ****
make all 
Building file: ../Sources/main.c
Invoking: Cross ARM C Compiler
arm-none-eabi-gcc -mcpu=cortex-m4 -mthumb -mfloat-abi=hard -mfpu=fpv4-sp-d16 -O0 -fmessage-length=0 -fsigned-char -ffunction-sections -fdata-sections -Wall  -g3 -D"CPU_MK64FN1M0VMD12" -I"../Sources" -I"../Project_Settings/Startup_Code" -I"../SDK/platform/CMSIS/Include" -I"../SDK/platform/devices" -I"../SDK/platform/devices/MK64F12/include" -std=c99 -MMD -MP -MF"Sources/main.d" -MT"Sources/main.o" -c -o "Sources/main.o" "../Sources/main.c"
../Sources/main.c: In function 'main':
../Sources/main.c:28:3: error: assignment of read-only member 'PDIR'
   GPIOA_PDIR = 0x00000000; //read Port A 
   ^
../Sources/main.c:30:7: error: 'CNT_DIR' undeclared (first use in this function)
   if (CNT_DIR == 0x00000000) {
       ^
../Sources/main.c:30:7: note: each undeclared identifier is reported only once for each function it appears in
../Sources/main.c:37:7: error: 'ROT_DIR' undeclared (first use in this function)
   if (ROT_DIR == 0x00000000) {
       ^
Sources/subdir.mk:18: recipe for target 'Sources/main.o' failed
make: *** [Sources/main.o] Error 1
15:23:53 **** Incremental Build of configuration Debug for project Lab_2 ****
make all 
Building file: ../Sources/main.c
Invoking: Cross ARM C Compiler
arm-none-eabi-gcc -mcpu=cortex-m4 -mthumb -mfloat-abi=hard -mfpu=fpv4-sp-d16 -O0 -fmessage-length=0 -fsigned-char -ffunction-sections -fdata-sections -Wall  -g3 -D"CPU_MK64FN1M0VMD12" -I"../Sources" -I"../Project_Settings/Startup_Code" -I"../SDK/platform/CMSIS/Include" -I"../SDK/platform/devices" -I"../SDK/platform/devices/MK64F12/include" -std=c99 -MMD -MP -MF"Sources/main.d" -MT"Sources/main.o" -c -o "Sources/main.o" "../Sources/main.c"
../Sources/main.c: In function 'main':
../Sources/main.c:30:7: error: 'CNT_DIR' undeclared (first use in this function)
   if (CNT_DIR == 0x00000000) {
       ^
../Sources/main.c:30:7: note: each undeclared identifier is reported only once for each function it appears in
../Sources/main.c:37:7: error: 'ROT_DIR' undeclared (first use in this function)
   if (ROT_DIR == 0x00000000) {
       ^
Sources/subdir.mk:18: recipe for target 'Sources/main.o' failed
make: *** [Sources/main.o] Error 1
15:27:25 **** Incremental Build of configuration Debug for project Lab_2 ****
make all 
Building file: ../Sources/main.c
Invoking: Cross ARM C Compiler
arm-none-eabi-gcc -mcpu=cortex-m4 -mthumb -mfloat-abi=hard -mfpu=fpv4-sp-d16 -O0 -fmessage-length=0 -fsigned-char -ffunction-sections -fdata-sections -Wall  -g3 -D"CPU_MK64FN1M0VMD12" -I"../Sources" -I"../Project_Settings/Startup_Code" -I"../SDK/platform/CMSIS/Include" -I"../SDK/platform/devices" -I"../SDK/platform/devices/MK64F12/include" -std=c99 -MMD -MP -MF"Sources/main.d" -MT"Sources/main.o" -c -o "Sources/main.o" "../Sources/main.c"
../Sources/main.c: In function 'main':
../Sources/main.c:25:2: error: 'CNT_DIR' undeclared (first use in this function)
  CNT_DIR = GPIOC_PDOR; //Set cnt_dir to Port C
  ^
../Sources/main.c:25:2: note: each undeclared identifier is reported only once for each function it appears in
../Sources/main.c:26:2: error: 'ROT_DIR' undeclared (first use in this function)
  ROT_DIR = GPIOD_PDOR; //Set rot_dir to Port D
  ^
Sources/subdir.mk:18: recipe for target 'Sources/main.o' failed
make: *** [Sources/main.o] Error 1
15:27:57 **** Incremental Build of configuration Debug for project Lab_2 ****
make all 
Building file: ../Sources/main.c
Invoking: Cross ARM C Compiler
arm-none-eabi-gcc -mcpu=cortex-m4 -mthumb -mfloat-abi=hard -mfpu=fpv4-sp-d16 -O0 -fmessage-length=0 -fsigned-char -ffunction-sections -fdata-sections -Wall  -g3 -D"CPU_MK64FN1M0VMD12" -I"../Sources" -I"../Project_Settings/Startup_Code" -I"../SDK/platform/CMSIS/Include" -I"../SDK/platform/devices" -I"../SDK/platform/devices/MK64F12/include" -std=c99 -MMD -MP -MF"Sources/main.d" -MT"Sources/main.o" -c -o "Sources/main.o" "../Sources/main.c"
Finished building: ../Sources/main.c
 
Building target: Lab_2.elf
Invoking: Cross ARM C++ Linker
arm-none-eabi-g++ -mcpu=cortex-m4 -mthumb -mfloat-abi=hard -mfpu=fpv4-sp-d16 -O0 -fmessage-length=0 -fsigned-char -ffunction-sections -fdata-sections -Wall  -g3 -T "MK64FN1M0xxx12_flash.ld" -Xlinker --gc-sections -L"C:/Users/acard/OneDrive - email.ucr.edu/UCR/Fall 2021/EE128/Lab_2/Project_Settings/Linker_Files" -Wl,-Map,"Lab_2.map" -specs=nosys.specs -specs=nano.specs -Xlinker -z -Xlinker muldefs -o "Lab_2.elf"  ./Sources/main.o  ./Project_Settings/Startup_Code/startup.o ./Project_Settings/Startup_Code/startup_MK64F12.o ./Project_Settings/Startup_Code/system_MK64F12.o   
Finished building target: Lab_2.elf
 
Invoking: Cross ARM GNU Print Size
arm-none-eabi-size --format=berkeley "Lab_2.elf"
   text	   data	    bss	    dec	    hex	filename
   1976	    108	   2076	   4160	   1040	Lab_2.elf
Finished building: Lab_2.siz
 
15:30:12 **** Incremental Build of configuration Debug for project Lab_2 ****
make all 
Invoking: Cross ARM GNU Print Size
arm-none-eabi-size --format=berkeley "Lab_2.elf"
   text	   data	    bss	    dec	    hex	filename
   1976	    108	   2076	   4160	   1040	Lab_2.elf
Finished building: Lab_2.siz
 
17:51:32 **** Incremental Build of configuration Debug for project Lab_2 ****
make all 
Building file: ../Sources/main.c
Invoking: Cross ARM C Compiler
arm-none-eabi-gcc -mcpu=cortex-m4 -mthumb -mfloat-abi=hard -mfpu=fpv4-sp-d16 -O0 -fmessage-length=0 -fsigned-char -ffunction-sections -fdata-sections -Wall  -g3 -D"CPU_MK64FN1M0VMD12" -I"../Sources" -I"../Project_Settings/Startup_Code" -I"../SDK/platform/CMSIS/Include" -I"../SDK/platform/devices" -I"../SDK/platform/devices/MK64F12/include" -std=c99 -MMD -MP -MF"Sources/main.d" -MT"Sources/main.o" -c -o "Sources/main.o" "../Sources/main.c"
Finished building: ../Sources/main.c
 
Building target: Lab_2.elf
Invoking: Cross ARM C++ Linker
arm-none-eabi-g++ -mcpu=cortex-m4 -mthumb -mfloat-abi=hard -mfpu=fpv4-sp-d16 -O0 -fmessage-length=0 -fsigned-char -ffunction-sections -fdata-sections -Wall  -g3 -T "MK64FN1M0xxx12_flash.ld" -Xlinker --gc-sections -L"C:/Users/acard/OneDrive - email.ucr.edu/UCR/Fall 2021/EE128/Lab_2/Project_Settings/Linker_Files" -Wl,-Map,"Lab_2.map" -specs=nosys.specs -specs=nano.specs -Xlinker -z -Xlinker muldefs -o "Lab_2.elf"  ./Sources/main.o  ./Project_Settings/Startup_Code/startup.o ./Project_Settings/Startup_Code/startup_MK64F12.o ./Project_Settings/Startup_Code/system_MK64F12.o   
Finished building target: Lab_2.elf
 
Invoking: Cross ARM GNU Print Size
arm-none-eabi-size --format=berkeley "Lab_2.elf"
   text	   data	    bss	    dec	    hex	filename
   1976	    108	   2076	   4160	   1040	Lab_2.elf
Finished building: Lab_2.siz
 
18:09:10 **** Incremental Build of configuration Debug for project Lab_2 ****
make all 
Building file: ../Sources/main.c
Invoking: Cross ARM C Compiler
arm-none-eabi-gcc -mcpu=cortex-m4 -mthumb -mfloat-abi=hard -mfpu=fpv4-sp-d16 -O0 -fmessage-length=0 -fsigned-char -ffunction-sections -fdata-sections -Wall  -g3 -D"CPU_MK64FN1M0VMD12" -I"../Sources" -I"../Project_Settings/Startup_Code" -I"../SDK/platform/CMSIS/Include" -I"../SDK/platform/devices" -I"../SDK/platform/devices/MK64F12/include" -std=c99 -MMD -MP -MF"Sources/main.d" -MT"Sources/main.o" -c -o "Sources/main.o" "../Sources/main.c"
../Sources/main.c: In function 'main':
../Sources/main.c:32:18: error: 'Delay' undeclared (first use in this function)
   software_delay(Delay);
                  ^
../Sources/main.c:32:18: note: each undeclared identifier is reported only once for each function it appears in
Sources/subdir.mk:18: recipe for target 'Sources/main.o' failed
make: *** [Sources/main.o] Error 1
18:10:52 **** Incremental Build of configuration Debug for project Lab_2 ****
make all 
Building file: ../Sources/main.c
Invoking: Cross ARM C Compiler
arm-none-eabi-gcc -mcpu=cortex-m4 -mthumb -mfloat-abi=hard -mfpu=fpv4-sp-d16 -O0 -fmessage-length=0 -fsigned-char -ffunction-sections -fdata-sections -Wall  -g3 -D"CPU_MK64FN1M0VMD12" -I"../Sources" -I"../Project_Settings/Startup_Code" -I"../SDK/platform/CMSIS/Include" -I"../SDK/platform/devices" -I"../SDK/platform/devices/MK64F12/include" -std=c99 -MMD -MP -MF"Sources/main.d" -MT"Sources/main.o" -c -o "Sources/main.o" "../Sources/main.c"
Finished building: ../Sources/main.c
 
Building target: Lab_2.elf
Invoking: Cross ARM C++ Linker
arm-none-eabi-g++ -mcpu=cortex-m4 -mthumb -mfloat-abi=hard -mfpu=fpv4-sp-d16 -O0 -fmessage-length=0 -fsigned-char -ffunction-sections -fdata-sections -Wall  -g3 -T "MK64FN1M0xxx12_flash.ld" -Xlinker --gc-sections -L"C:/Users/acard/OneDrive - email.ucr.edu/UCR/Fall 2021/EE128/Lab_2/Project_Settings/Linker_Files" -Wl,-Map,"Lab_2.map" -specs=nosys.specs -specs=nano.specs -Xlinker -z -Xlinker muldefs -o "Lab_2.elf"  ./Sources/main.o  ./Project_Settings/Startup_Code/startup.o ./Project_Settings/Startup_Code/startup_MK64F12.o ./Project_Settings/Startup_Code/system_MK64F12.o   
Finished building target: Lab_2.elf
 
Invoking: Cross ARM GNU Print Size
arm-none-eabi-size --format=berkeley "Lab_2.elf"
   text	   data	    bss	    dec	    hex	filename
   2020	    108	   2076	   4204	   106c	Lab_2.elf
Finished building: Lab_2.siz
 
18:18:42 **** Incremental Build of configuration Debug for project Lab_2 ****
make all 
Building file: ../Sources/main.c
Invoking: Cross ARM C Compiler
arm-none-eabi-gcc -mcpu=cortex-m4 -mthumb -mfloat-abi=hard -mfpu=fpv4-sp-d16 -O0 -fmessage-length=0 -fsigned-char -ffunction-sections -fdata-sections -Wall  -g3 -D"CPU_MK64FN1M0VMD12" -I"../Sources" -I"../Project_Settings/Startup_Code" -I"../SDK/platform/CMSIS/Include" -I"../SDK/platform/devices" -I"../SDK/platform/devices/MK64F12/include" -std=c99 -MMD -MP -MF"Sources/main.d" -MT"Sources/main.o" -c -o "Sources/main.o" "../Sources/main.c"
Finished building: ../Sources/main.c
 
Building target: Lab_2.elf
Invoking: Cross ARM C++ Linker
arm-none-eabi-g++ -mcpu=cortex-m4 -mthumb -mfloat-abi=hard -mfpu=fpv4-sp-d16 -O0 -fmessage-length=0 -fsigned-char -ffunction-sections -fdata-sections -Wall  -g3 -T "MK64FN1M0xxx12_flash.ld" -Xlinker --gc-sections -L"C:/Users/acard/OneDrive - email.ucr.edu/UCR/Fall 2021/EE128/Lab_2/Project_Settings/Linker_Files" -Wl,-Map,"Lab_2.map" -specs=nosys.specs -specs=nano.specs -Xlinker -z -Xlinker muldefs -o "Lab_2.elf"  ./Sources/main.o  ./Project_Settings/Startup_Code/startup.o ./Project_Settings/Startup_Code/startup_MK64F12.o ./Project_Settings/Startup_Code/system_MK64F12.o   
Finished building target: Lab_2.elf
 
Invoking: Cross ARM GNU Print Size
arm-none-eabi-size --format=berkeley "Lab_2.elf"
   text	   data	    bss	    dec	    hex	filename
   2020	    108	   2076	   4204	   106c	Lab_2.elf
Finished building: Lab_2.siz
 
18:24:44 **** Incremental Build of configuration Debug for project Lab_2 ****
make all 
Building file: ../Sources/main.c
Invoking: Cross ARM C Compiler
arm-none-eabi-gcc -mcpu=cortex-m4 -mthumb -mfloat-abi=hard -mfpu=fpv4-sp-d16 -O0 -fmessage-length=0 -fsigned-char -ffunction-sections -fdata-sections -Wall  -g3 -D"CPU_MK64FN1M0VMD12" -I"../Sources" -I"../Project_Settings/Startup_Code" -I"../SDK/platform/CMSIS/Include" -I"../SDK/platform/devices" -I"../SDK/platform/devices/MK64F12/include" -std=c99 -MMD -MP -MF"Sources/main.d" -MT"Sources/main.o" -c -o "Sources/main.o" "../Sources/main.c"
Finished building: ../Sources/main.c
 
Building target: Lab_2.elf
Invoking: Cross ARM C++ Linker
arm-none-eabi-g++ -mcpu=cortex-m4 -mthumb -mfloat-abi=hard -mfpu=fpv4-sp-d16 -O0 -fmessage-length=0 -fsigned-char -ffunction-sections -fdata-sections -Wall  -g3 -T "MK64FN1M0xxx12_flash.ld" -Xlinker --gc-sections -L"C:/Users/acard/OneDrive - email.ucr.edu/UCR/Fall 2021/EE128/Lab_2/Project_Settings/Linker_Files" -Wl,-Map,"Lab_2.map" -specs=nosys.specs -specs=nano.specs -Xlinker -z -Xlinker muldefs -o "Lab_2.elf"  ./Sources/main.o  ./Project_Settings/Startup_Code/startup.o ./Project_Settings/Startup_Code/startup_MK64F12.o ./Project_Settings/Startup_Code/system_MK64F12.o   
Finished building target: Lab_2.elf
 
Invoking: Cross ARM GNU Print Size
arm-none-eabi-size --format=berkeley "Lab_2.elf"
   text	   data	    bss	    dec	    hex	filename
   2016	    108	   2076	   4200	   1068	Lab_2.elf
Finished building: Lab_2.siz
 
18:25:46 **** Incremental Build of configuration Debug for project Lab_2 ****
make all 
Building file: ../Sources/main.c
Invoking: Cross ARM C Compiler
arm-none-eabi-gcc -mcpu=cortex-m4 -mthumb -mfloat-abi=hard -mfpu=fpv4-sp-d16 -O0 -fmessage-length=0 -fsigned-char -ffunction-sections -fdata-sections -Wall  -g3 -D"CPU_MK64FN1M0VMD12" -I"../Sources" -I"../Project_Settings/Startup_Code" -I"../SDK/platform/CMSIS/Include" -I"../SDK/platform/devices" -I"../SDK/platform/devices/MK64F12/include" -std=c99 -MMD -MP -MF"Sources/main.d" -MT"Sources/main.o" -c -o "Sources/main.o" "../Sources/main.c"
Finished building: ../Sources/main.c
 
Building target: Lab_2.elf
Invoking: Cross ARM C++ Linker
arm-none-eabi-g++ -mcpu=cortex-m4 -mthumb -mfloat-abi=hard -mfpu=fpv4-sp-d16 -O0 -fmessage-length=0 -fsigned-char -ffunction-sections -fdata-sections -Wall  -g3 -T "MK64FN1M0xxx12_flash.ld" -Xlinker --gc-sections -L"C:/Users/acard/OneDrive - email.ucr.edu/UCR/Fall 2021/EE128/Lab_2/Project_Settings/Linker_Files" -Wl,-Map,"Lab_2.map" -specs=nosys.specs -specs=nano.specs -Xlinker -z -Xlinker muldefs -o "Lab_2.elf"  ./Sources/main.o  ./Project_Settings/Startup_Code/startup.o ./Project_Settings/Startup_Code/startup_MK64F12.o ./Project_Settings/Startup_Code/system_MK64F12.o   
Finished building target: Lab_2.elf
 
Invoking: Cross ARM GNU Print Size
arm-none-eabi-size --format=berkeley "Lab_2.elf"
   text	   data	    bss	    dec	    hex	filename
   2016	    108	   2076	   4200	   1068	Lab_2.elf
Finished building: Lab_2.siz
 
18:27:24 **** Incremental Build of configuration Debug for project Lab_2 ****
make all 
Building file: ../Sources/main.c
Invoking: Cross ARM C Compiler
arm-none-eabi-gcc -mcpu=cortex-m4 -mthumb -mfloat-abi=hard -mfpu=fpv4-sp-d16 -O0 -fmessage-length=0 -fsigned-char -ffunction-sections -fdata-sections -Wall  -g3 -D"CPU_MK64FN1M0VMD12" -I"../Sources" -I"../Project_Settings/Startup_Code" -I"../SDK/platform/CMSIS/Include" -I"../SDK/platform/devices" -I"../SDK/platform/devices/MK64F12/include" -std=c99 -MMD -MP -MF"Sources/main.d" -MT"Sources/main.o" -c -o "Sources/main.o" "../Sources/main.c"
../Sources/main.c: In function 'main':
../Sources/main.c:29:16: warning: unused variable 'Delay' [-Wunused-variable]
  unsigned long Delay = 0x10000;
                ^
Finished building: ../Sources/main.c
 
Building target: Lab_2.elf
Invoking: Cross ARM C++ Linker
arm-none-eabi-g++ -mcpu=cortex-m4 -mthumb -mfloat-abi=hard -mfpu=fpv4-sp-d16 -O0 -fmessage-length=0 -fsigned-char -ffunction-sections -fdata-sections -Wall  -g3 -T "MK64FN1M0xxx12_flash.ld" -Xlinker --gc-sections -L"C:/Users/acard/OneDrive - email.ucr.edu/UCR/Fall 2021/EE128/Lab_2/Project_Settings/Linker_Files" -Wl,-Map,"Lab_2.map" -specs=nosys.specs -specs=nano.specs -Xlinker -z -Xlinker muldefs -o "Lab_2.elf"  ./Sources/main.o  ./Project_Settings/Startup_Code/startup.o ./Project_Settings/Startup_Code/startup_MK64F12.o ./Project_Settings/Startup_Code/system_MK64F12.o   
Finished building target: Lab_2.elf
 
Invoking: Cross ARM GNU Print Size
arm-none-eabi-size --format=berkeley "Lab_2.elf"
   text	   data	    bss	    dec	    hex	filename
   1980	    108	   2076	   4164	   1044	Lab_2.elf
Finished building: Lab_2.siz
 
18:54:39 **** Incremental Build of configuration Debug for project Lab_2 ****
make all 
Building file: ../Sources/main.c
Invoking: Cross ARM C Compiler
arm-none-eabi-gcc -mcpu=cortex-m4 -mthumb -mfloat-abi=hard -mfpu=fpv4-sp-d16 -O0 -fmessage-length=0 -fsigned-char -ffunction-sections -fdata-sections -Wall  -g3 -D"CPU_MK64FN1M0VMD12" -I"../Sources" -I"../Project_Settings/Startup_Code" -I"../SDK/platform/CMSIS/Include" -I"../SDK/platform/devices" -I"../SDK/platform/devices/MK64F12/include" -std=c99 -MMD -MP -MF"Sources/main.d" -MT"Sources/main.o" -c -o "Sources/main.o" "../Sources/main.c"
Finished building: ../Sources/main.c
 
Building target: Lab_2.elf
Invoking: Cross ARM C++ Linker
arm-none-eabi-g++ -mcpu=cortex-m4 -mthumb -mfloat-abi=hard -mfpu=fpv4-sp-d16 -O0 -fmessage-length=0 -fsigned-char -ffunction-sections -fdata-sections -Wall  -g3 -T "MK64FN1M0xxx12_flash.ld" -Xlinker --gc-sections -L"C:/Users/acard/OneDrive - email.ucr.edu/UCR/Fall 2021/EE128/Lab_2/Project_Settings/Linker_Files" -Wl,-Map,"Lab_2.map" -specs=nosys.specs -specs=nano.specs -Xlinker -z -Xlinker muldefs -o "Lab_2.elf"  ./Sources/main.o  ./Project_Settings/Startup_Code/startup.o ./Project_Settings/Startup_Code/startup_MK64F12.o ./Project_Settings/Startup_Code/system_MK64F12.o   
Finished building target: Lab_2.elf
 
Invoking: Cross ARM GNU Print Size
arm-none-eabi-size --format=berkeley "Lab_2.elf"
   text	   data	    bss	    dec	    hex	filename
   2016	    108	   2076	   4200	   1068	Lab_2.elf
Finished building: Lab_2.siz
 
19:29:35 **** Incremental Build of configuration Debug for project Lab_2 ****
make all 
Building file: ../Sources/main.c
Invoking: Cross ARM C Compiler
arm-none-eabi-gcc -mcpu=cortex-m4 -mthumb -mfloat-abi=hard -mfpu=fpv4-sp-d16 -O0 -fmessage-length=0 -fsigned-char -ffunction-sections -fdata-sections -Wall  -g3 -D"CPU_MK64FN1M0VMD12" -I"../Sources" -I"../Project_Settings/Startup_Code" -I"../SDK/platform/CMSIS/Include" -I"../SDK/platform/devices" -I"../SDK/platform/devices/MK64F12/include" -std=c99 -MMD -MP -MF"Sources/main.d" -MT"Sources/main.o" -c -o "Sources/main.o" "../Sources/main.c"
Finished building: ../Sources/main.c
 
Building target: Lab_2.elf
Invoking: Cross ARM C++ Linker
arm-none-eabi-g++ -mcpu=cortex-m4 -mthumb -mfloat-abi=hard -mfpu=fpv4-sp-d16 -O0 -fmessage-length=0 -fsigned-char -ffunction-sections -fdata-sections -Wall  -g3 -T "MK64FN1M0xxx12_flash.ld" -Xlinker --gc-sections -L"C:/Users/acard/OneDrive - email.ucr.edu/UCR/Fall 2021/EE128/Lab_2/Project_Settings/Linker_Files" -Wl,-Map,"Lab_2.map" -specs=nosys.specs -specs=nano.specs -Xlinker -z -Xlinker muldefs -o "Lab_2.elf"  ./Sources/main.o  ./Project_Settings/Startup_Code/startup.o ./Project_Settings/Startup_Code/startup_MK64F12.o ./Project_Settings/Startup_Code/system_MK64F12.o   
Finished building target: Lab_2.elf
 
Invoking: Cross ARM GNU Print Size
arm-none-eabi-size --format=berkeley "Lab_2.elf"
   text	   data	    bss	    dec	    hex	filename
   2008	    108	   2076	   4192	   1060	Lab_2.elf
Finished building: Lab_2.siz
 
19:30:31 **** Incremental Build of configuration Debug for project Lab_2 ****
make all 
Building file: ../Sources/main.c
Invoking: Cross ARM C Compiler
arm-none-eabi-gcc -mcpu=cortex-m4 -mthumb -mfloat-abi=hard -mfpu=fpv4-sp-d16 -O0 -fmessage-length=0 -fsigned-char -ffunction-sections -fdata-sections -Wall  -g3 -D"CPU_MK64FN1M0VMD12" -I"../Sources" -I"../Project_Settings/Startup_Code" -I"../SDK/platform/CMSIS/Include" -I"../SDK/platform/devices" -I"../SDK/platform/devices/MK64F12/include" -std=c99 -MMD -MP -MF"Sources/main.d" -MT"Sources/main.o" -c -o "Sources/main.o" "../Sources/main.c"
Finished building: ../Sources/main.c
 
Building target: Lab_2.elf
Invoking: Cross ARM C++ Linker
arm-none-eabi-g++ -mcpu=cortex-m4 -mthumb -mfloat-abi=hard -mfpu=fpv4-sp-d16 -O0 -fmessage-length=0 -fsigned-char -ffunction-sections -fdata-sections -Wall  -g3 -T "MK64FN1M0xxx12_flash.ld" -Xlinker --gc-sections -L"C:/Users/acard/OneDrive - email.ucr.edu/UCR/Fall 2021/EE128/Lab_2/Project_Settings/Linker_Files" -Wl,-Map,"Lab_2.map" -specs=nosys.specs -specs=nano.specs -Xlinker -z -Xlinker muldefs -o "Lab_2.elf"  ./Sources/main.o  ./Project_Settings/Startup_Code/startup.o ./Project_Settings/Startup_Code/startup_MK64F12.o ./Project_Settings/Startup_Code/system_MK64F12.o   
Finished building target: Lab_2.elf
 
Invoking: Cross ARM GNU Print Size
arm-none-eabi-size --format=berkeley "Lab_2.elf"
   text	   data	    bss	    dec	    hex	filename
   2016	    108	   2076	   4200	   1068	Lab_2.elf
Finished building: Lab_2.siz
 
19:32:46 **** Incremental Build of configuration Debug for project Lab_2 ****
make all 
Building file: ../Sources/main.c
Invoking: Cross ARM C Compiler
arm-none-eabi-gcc -mcpu=cortex-m4 -mthumb -mfloat-abi=hard -mfpu=fpv4-sp-d16 -O0 -fmessage-length=0 -fsigned-char -ffunction-sections -fdata-sections -Wall  -g3 -D"CPU_MK64FN1M0VMD12" -I"../Sources" -I"../Project_Settings/Startup_Code" -I"../SDK/platform/CMSIS/Include" -I"../SDK/platform/devices" -I"../SDK/platform/devices/MK64F12/include" -std=c99 -MMD -MP -MF"Sources/main.d" -MT"Sources/main.o" -c -o "Sources/main.o" "../Sources/main.c"
../Sources/main.c: In function 'main':
../Sources/main.c:50:29: error: 'GPIOD' undeclared (first use in this function)
   if ((ROT_DIR == 0x00) && (GPIOD < 0x10000)) {
                             ^
../Sources/main.c:50:29: note: each undeclared identifier is reported only once for each function it appears in
Sources/subdir.mk:18: recipe for target 'Sources/main.o' failed
make: *** [Sources/main.o] Error 1
19:38:00 **** Incremental Build of configuration Debug for project Lab_2 ****
make all 
Building file: ../Sources/main.c
Invoking: Cross ARM C Compiler
arm-none-eabi-gcc -mcpu=cortex-m4 -mthumb -mfloat-abi=hard -mfpu=fpv4-sp-d16 -O0 -fmessage-length=0 -fsigned-char -ffunction-sections -fdata-sections -Wall  -g3 -D"CPU_MK64FN1M0VMD12" -I"../Sources" -I"../Project_Settings/Startup_Code" -I"../SDK/platform/CMSIS/Include" -I"../SDK/platform/devices" -I"../SDK/platform/devices/MK64F12/include" -std=c99 -MMD -MP -MF"Sources/main.d" -MT"Sources/main.o" -c -o "Sources/main.o" "../Sources/main.c"
Finished building: ../Sources/main.c
 
Building target: Lab_2.elf
Invoking: Cross ARM C++ Linker
arm-none-eabi-g++ -mcpu=cortex-m4 -mthumb -mfloat-abi=hard -mfpu=fpv4-sp-d16 -O0 -fmessage-length=0 -fsigned-char -ffunction-sections -fdata-sections -Wall  -g3 -T "MK64FN1M0xxx12_flash.ld" -Xlinker --gc-sections -L"C:/Users/acard/OneDrive - email.ucr.edu/UCR/Fall 2021/EE128/Lab_2/Project_Settings/Linker_Files" -Wl,-Map,"Lab_2.map" -specs=nosys.specs -specs=nano.specs -Xlinker -z -Xlinker muldefs -o "Lab_2.elf"  ./Sources/main.o  ./Project_Settings/Startup_Code/startup.o ./Project_Settings/Startup_Code/startup_MK64F12.o ./Project_Settings/Startup_Code/system_MK64F12.o   
Finished building target: Lab_2.elf
 
Invoking: Cross ARM GNU Print Size
arm-none-eabi-size --format=berkeley "Lab_2.elf"
   text	   data	    bss	    dec	    hex	filename
   2016	    108	   2076	   4200	   1068	Lab_2.elf
Finished building: Lab_2.siz
 
19:38:31 **** Incremental Build of configuration Debug for project Lab_2 ****
make all 
Building file: ../Sources/main.c
Invoking: Cross ARM C Compiler
arm-none-eabi-gcc -mcpu=cortex-m4 -mthumb -mfloat-abi=hard -mfpu=fpv4-sp-d16 -O0 -fmessage-length=0 -fsigned-char -ffunction-sections -fdata-sections -Wall  -g3 -D"CPU_MK64FN1M0VMD12" -I"../Sources" -I"../Project_Settings/Startup_Code" -I"../SDK/platform/CMSIS/Include" -I"../SDK/platform/devices" -I"../SDK/platform/devices/MK64F12/include" -std=c99 -MMD -MP -MF"Sources/main.d" -MT"Sources/main.o" -c -o "Sources/main.o" "../Sources/main.c"
Finished building: ../Sources/main.c
 
Building target: Lab_2.elf
Invoking: Cross ARM C++ Linker
arm-none-eabi-g++ -mcpu=cortex-m4 -mthumb -mfloat-abi=hard -mfpu=fpv4-sp-d16 -O0 -fmessage-length=0 -fsigned-char -ffunction-sections -fdata-sections -Wall  -g3 -T "MK64FN1M0xxx12_flash.ld" -Xlinker --gc-sections -L"C:/Users/acard/OneDrive - email.ucr.edu/UCR/Fall 2021/EE128/Lab_2/Project_Settings/Linker_Files" -Wl,-Map,"Lab_2.map" -specs=nosys.specs -specs=nano.specs -Xlinker -z -Xlinker muldefs -o "Lab_2.elf"  ./Sources/main.o  ./Project_Settings/Startup_Code/startup.o ./Project_Settings/Startup_Code/startup_MK64F12.o ./Project_Settings/Startup_Code/system_MK64F12.o   
Finished building target: Lab_2.elf
 
Invoking: Cross ARM GNU Print Size
arm-none-eabi-size --format=berkeley "Lab_2.elf"
   text	   data	    bss	    dec	    hex	filename
   2016	    108	   2076	   4200	   1068	Lab_2.elf
Finished building: Lab_2.siz
 
19:39:41 **** Incremental Build of configuration Debug for project Lab_2 ****
make all 
Building file: ../Sources/main.c
Invoking: Cross ARM C Compiler
arm-none-eabi-gcc -mcpu=cortex-m4 -mthumb -mfloat-abi=hard -mfpu=fpv4-sp-d16 -O0 -fmessage-length=0 -fsigned-char -ffunction-sections -fdata-sections -Wall  -g3 -D"CPU_MK64FN1M0VMD12" -I"../Sources" -I"../Project_Settings/Startup_Code" -I"../SDK/platform/CMSIS/Include" -I"../SDK/platform/devices" -I"../SDK/platform/devices/MK64F12/include" -std=c99 -MMD -MP -MF"Sources/main.d" -MT"Sources/main.o" -c -o "Sources/main.o" "../Sources/main.c"
Finished building: ../Sources/main.c
 
Building target: Lab_2.elf
Invoking: Cross ARM C++ Linker
arm-none-eabi-g++ -mcpu=cortex-m4 -mthumb -mfloat-abi=hard -mfpu=fpv4-sp-d16 -O0 -fmessage-length=0 -fsigned-char -ffunction-sections -fdata-sections -Wall  -g3 -T "MK64FN1M0xxx12_flash.ld" -Xlinker --gc-sections -L"C:/Users/acard/OneDrive - email.ucr.edu/UCR/Fall 2021/EE128/Lab_2/Project_Settings/Linker_Files" -Wl,-Map,"Lab_2.map" -specs=nosys.specs -specs=nano.specs -Xlinker -z -Xlinker muldefs -o "Lab_2.elf"  ./Sources/main.o  ./Project_Settings/Startup_Code/startup.o ./Project_Settings/Startup_Code/startup_MK64F12.o ./Project_Settings/Startup_Code/system_MK64F12.o   
Finished building target: Lab_2.elf
 
Invoking: Cross ARM GNU Print Size
arm-none-eabi-size --format=berkeley "Lab_2.elf"
   text	   data	    bss	    dec	    hex	filename
   2016	    108	   2076	   4200	   1068	Lab_2.elf
Finished building: Lab_2.siz
 
19:41:19 **** Incremental Build of configuration Debug for project Lab_2 ****
make all 
Building file: ../Sources/main.c
Invoking: Cross ARM C Compiler
arm-none-eabi-gcc -mcpu=cortex-m4 -mthumb -mfloat-abi=hard -mfpu=fpv4-sp-d16 -O0 -fmessage-length=0 -fsigned-char -ffunction-sections -fdata-sections -Wall  -g3 -D"CPU_MK64FN1M0VMD12" -I"../Sources" -I"../Project_Settings/Startup_Code" -I"../SDK/platform/CMSIS/Include" -I"../SDK/platform/devices" -I"../SDK/platform/devices/MK64F12/include" -std=c99 -MMD -MP -MF"Sources/main.d" -MT"Sources/main.o" -c -o "Sources/main.o" "../Sources/main.c"
Finished building: ../Sources/main.c
 
Building target: Lab_2.elf
Invoking: Cross ARM C++ Linker
arm-none-eabi-g++ -mcpu=cortex-m4 -mthumb -mfloat-abi=hard -mfpu=fpv4-sp-d16 -O0 -fmessage-length=0 -fsigned-char -ffunction-sections -fdata-sections -Wall  -g3 -T "MK64FN1M0xxx12_flash.ld" -Xlinker --gc-sections -L"C:/Users/acard/OneDrive - email.ucr.edu/UCR/Fall 2021/EE128/Lab_2/Project_Settings/Linker_Files" -Wl,-Map,"Lab_2.map" -specs=nosys.specs -specs=nano.specs -Xlinker -z -Xlinker muldefs -o "Lab_2.elf"  ./Sources/main.o  ./Project_Settings/Startup_Code/startup.o ./Project_Settings/Startup_Code/startup_MK64F12.o ./Project_Settings/Startup_Code/system_MK64F12.o   
Finished building target: Lab_2.elf
 
Invoking: Cross ARM GNU Print Size
arm-none-eabi-size --format=berkeley "Lab_2.elf"
   text	   data	    bss	    dec	    hex	filename
   2040	    108	   2076	   4224	   1080	Lab_2.elf
Finished building: Lab_2.siz
 
19:42:11 **** Incremental Build of configuration Debug for project Lab_2 ****
make all 
Building file: ../Sources/main.c
Invoking: Cross ARM C Compiler
arm-none-eabi-gcc -mcpu=cortex-m4 -mthumb -mfloat-abi=hard -mfpu=fpv4-sp-d16 -O0 -fmessage-length=0 -fsigned-char -ffunction-sections -fdata-sections -Wall  -g3 -D"CPU_MK64FN1M0VMD12" -I"../Sources" -I"../Project_Settings/Startup_Code" -I"../SDK/platform/CMSIS/Include" -I"../SDK/platform/devices" -I"../SDK/platform/devices/MK64F12/include" -std=c99 -MMD -MP -MF"Sources/main.d" -MT"Sources/main.o" -c -o "Sources/main.o" "../Sources/main.c"
Finished building: ../Sources/main.c
 
Building target: Lab_2.elf
Invoking: Cross ARM C++ Linker
arm-none-eabi-g++ -mcpu=cortex-m4 -mthumb -mfloat-abi=hard -mfpu=fpv4-sp-d16 -O0 -fmessage-length=0 -fsigned-char -ffunction-sections -fdata-sections -Wall  -g3 -T "MK64FN1M0xxx12_flash.ld" -Xlinker --gc-sections -L"C:/Users/acard/OneDrive - email.ucr.edu/UCR/Fall 2021/EE128/Lab_2/Project_Settings/Linker_Files" -Wl,-Map,"Lab_2.map" -specs=nosys.specs -specs=nano.specs -Xlinker -z -Xlinker muldefs -o "Lab_2.elf"  ./Sources/main.o  ./Project_Settings/Startup_Code/startup.o ./Project_Settings/Startup_Code/startup_MK64F12.o ./Project_Settings/Startup_Code/system_MK64F12.o   
Finished building target: Lab_2.elf
 
Invoking: Cross ARM GNU Print Size
arm-none-eabi-size --format=berkeley "Lab_2.elf"
   text	   data	    bss	    dec	    hex	filename
   2052	    108	   2076	   4236	   108c	Lab_2.elf
Finished building: Lab_2.siz
 
19:42:50 **** Incremental Build of configuration Debug for project Lab_2 ****
make all 
Building file: ../Sources/main.c
Invoking: Cross ARM C Compiler
arm-none-eabi-gcc -mcpu=cortex-m4 -mthumb -mfloat-abi=hard -mfpu=fpv4-sp-d16 -O0 -fmessage-length=0 -fsigned-char -ffunction-sections -fdata-sections -Wall  -g3 -D"CPU_MK64FN1M0VMD12" -I"../Sources" -I"../Project_Settings/Startup_Code" -I"../SDK/platform/CMSIS/Include" -I"../SDK/platform/devices" -I"../SDK/platform/devices/MK64F12/include" -std=c99 -MMD -MP -MF"Sources/main.d" -MT"Sources/main.o" -c -o "Sources/main.o" "../Sources/main.c"
Finished building: ../Sources/main.c
 
Building target: Lab_2.elf
Invoking: Cross ARM C++ Linker
arm-none-eabi-g++ -mcpu=cortex-m4 -mthumb -mfloat-abi=hard -mfpu=fpv4-sp-d16 -O0 -fmessage-length=0 -fsigned-char -ffunction-sections -fdata-sections -Wall  -g3 -T "MK64FN1M0xxx12_flash.ld" -Xlinker --gc-sections -L"C:/Users/acard/OneDrive - email.ucr.edu/UCR/Fall 2021/EE128/Lab_2/Project_Settings/Linker_Files" -Wl,-Map,"Lab_2.map" -specs=nosys.specs -specs=nano.specs -Xlinker -z -Xlinker muldefs -o "Lab_2.elf"  ./Sources/main.o  ./Project_Settings/Startup_Code/startup.o ./Project_Settings/Startup_Code/startup_MK64F12.o ./Project_Settings/Startup_Code/system_MK64F12.o   
Finished building target: Lab_2.elf
 
Invoking: Cross ARM GNU Print Size
arm-none-eabi-size --format=berkeley "Lab_2.elf"
   text	   data	    bss	    dec	    hex	filename
   2060	    108	   2076	   4244	   1094	Lab_2.elf
Finished building: Lab_2.siz
 
19:43:43 **** Incremental Build of configuration Debug for project Lab_2 ****
make all 
Building file: ../Sources/main.c
Invoking: Cross ARM C Compiler
arm-none-eabi-gcc -mcpu=cortex-m4 -mthumb -mfloat-abi=hard -mfpu=fpv4-sp-d16 -O0 -fmessage-length=0 -fsigned-char -ffunction-sections -fdata-sections -Wall  -g3 -D"CPU_MK64FN1M0VMD12" -I"../Sources" -I"../Project_Settings/Startup_Code" -I"../SDK/platform/CMSIS/Include" -I"../SDK/platform/devices" -I"../SDK/platform/devices/MK64F12/include" -std=c99 -MMD -MP -MF"Sources/main.d" -MT"Sources/main.o" -c -o "Sources/main.o" "../Sources/main.c"
Finished building: ../Sources/main.c
 
Building target: Lab_2.elf
Invoking: Cross ARM C++ Linker
arm-none-eabi-g++ -mcpu=cortex-m4 -mthumb -mfloat-abi=hard -mfpu=fpv4-sp-d16 -O0 -fmessage-length=0 -fsigned-char -ffunction-sections -fdata-sections -Wall  -g3 -T "MK64FN1M0xxx12_flash.ld" -Xlinker --gc-sections -L"C:/Users/acard/OneDrive - email.ucr.edu/UCR/Fall 2021/EE128/Lab_2/Project_Settings/Linker_Files" -Wl,-Map,"Lab_2.map" -specs=nosys.specs -specs=nano.specs -Xlinker -z -Xlinker muldefs -o "Lab_2.elf"  ./Sources/main.o  ./Project_Settings/Startup_Code/startup.o ./Project_Settings/Startup_Code/startup_MK64F12.o ./Project_Settings/Startup_Code/system_MK64F12.o   
Finished building target: Lab_2.elf
 
Invoking: Cross ARM GNU Print Size
arm-none-eabi-size --format=berkeley "Lab_2.elf"
   text	   data	    bss	    dec	    hex	filename
   2060	    108	   2076	   4244	   1094	Lab_2.elf
Finished building: Lab_2.siz
 
19:45:34 **** Incremental Build of configuration Debug for project Lab_2 ****
make all 
Invoking: Cross ARM GNU Print Size
arm-none-eabi-size --format=berkeley "Lab_2.elf"
   text	   data	    bss	    dec	    hex	filename
   2060	    108	   2076	   4244	   1094	Lab_2.elf
Finished building: Lab_2.siz
 
19:45:59 **** Incremental Build of configuration Debug for project Lab_2 ****
make all 
Invoking: Cross ARM GNU Print Size
arm-none-eabi-size --format=berkeley "Lab_2.elf"
   text	   data	    bss	    dec	    hex	filename
   2060	    108	   2076	   4244	   1094	Lab_2.elf
Finished building: Lab_2.siz
 
19:46:15 **** Incremental Build of configuration Debug for project Lab_2 ****
make all 
Invoking: Cross ARM GNU Print Size
arm-none-eabi-size --format=berkeley "Lab_2.elf"
   text	   data	    bss	    dec	    hex	filename
   2060	    108	   2076	   4244	   1094	Lab_2.elf
Finished building: Lab_2.siz
 
19:47:53 **** Incremental Build of configuration Debug for project Lab_2 ****
make all 
Building file: ../Sources/main.c
Invoking: Cross ARM C Compiler
arm-none-eabi-gcc -mcpu=cortex-m4 -mthumb -mfloat-abi=hard -mfpu=fpv4-sp-d16 -O0 -fmessage-length=0 -fsigned-char -ffunction-sections -fdata-sections -Wall  -g3 -D"CPU_MK64FN1M0VMD12" -I"../Sources" -I"../Project_Settings/Startup_Code" -I"../SDK/platform/CMSIS/Include" -I"../SDK/platform/devices" -I"../SDK/platform/devices/MK64F12/include" -std=c99 -MMD -MP -MF"Sources/main.d" -MT"Sources/main.o" -c -o "Sources/main.o" "../Sources/main.c"
Finished building: ../Sources/main.c
 
Building target: Lab_2.elf
Invoking: Cross ARM C++ Linker
arm-none-eabi-g++ -mcpu=cortex-m4 -mthumb -mfloat-abi=hard -mfpu=fpv4-sp-d16 -O0 -fmessage-length=0 -fsigned-char -ffunction-sections -fdata-sections -Wall  -g3 -T "MK64FN1M0xxx12_flash.ld" -Xlinker --gc-sections -L"C:/Users/acard/OneDrive - email.ucr.edu/UCR/Fall 2021/EE128/Lab_2/Project_Settings/Linker_Files" -Wl,-Map,"Lab_2.map" -specs=nosys.specs -specs=nano.specs -Xlinker -z -Xlinker muldefs -o "Lab_2.elf"  ./Sources/main.o  ./Project_Settings/Startup_Code/startup.o ./Project_Settings/Startup_Code/startup_MK64F12.o ./Project_Settings/Startup_Code/system_MK64F12.o   
Finished building target: Lab_2.elf
 
Invoking: Cross ARM GNU Print Size
arm-none-eabi-size --format=berkeley "Lab_2.elf"
   text	   data	    bss	    dec	    hex	filename
   2060	    108	   2076	   4244	   1094	Lab_2.elf
Finished building: Lab_2.siz
 
19:48:44 **** Incremental Build of configuration Debug for project Lab_2 ****
make all 
Building file: ../Sources/main.c
Invoking: Cross ARM C Compiler
arm-none-eabi-gcc -mcpu=cortex-m4 -mthumb -mfloat-abi=hard -mfpu=fpv4-sp-d16 -O0 -fmessage-length=0 -fsigned-char -ffunction-sections -fdata-sections -Wall  -g3 -D"CPU_MK64FN1M0VMD12" -I"../Sources" -I"../Project_Settings/Startup_Code" -I"../SDK/platform/CMSIS/Include" -I"../SDK/platform/devices" -I"../SDK/platform/devices/MK64F12/include" -std=c99 -MMD -MP -MF"Sources/main.d" -MT"Sources/main.o" -c -o "Sources/main.o" "../Sources/main.c"
Finished building: ../Sources/main.c
 
Building target: Lab_2.elf
Invoking: Cross ARM C++ Linker
arm-none-eabi-g++ -mcpu=cortex-m4 -mthumb -mfloat-abi=hard -mfpu=fpv4-sp-d16 -O0 -fmessage-length=0 -fsigned-char -ffunction-sections -fdata-sections -Wall  -g3 -T "MK64FN1M0xxx12_flash.ld" -Xlinker --gc-sections -L"C:/Users/acard/OneDrive - email.ucr.edu/UCR/Fall 2021/EE128/Lab_2/Project_Settings/Linker_Files" -Wl,-Map,"Lab_2.map" -specs=nosys.specs -specs=nano.specs -Xlinker -z -Xlinker muldefs -o "Lab_2.elf"  ./Sources/main.o  ./Project_Settings/Startup_Code/startup.o ./Project_Settings/Startup_Code/startup_MK64F12.o ./Project_Settings/Startup_Code/system_MK64F12.o   
Finished building target: Lab_2.elf
 
Invoking: Cross ARM GNU Print Size
arm-none-eabi-size --format=berkeley "Lab_2.elf"
   text	   data	    bss	    dec	    hex	filename
   2060	    108	   2076	   4244	   1094	Lab_2.elf
Finished building: Lab_2.siz
 
19:50:04 **** Incremental Build of configuration Debug for project Lab_2 ****
make all 
Building file: ../Sources/main.c
Invoking: Cross ARM C Compiler
arm-none-eabi-gcc -mcpu=cortex-m4 -mthumb -mfloat-abi=hard -mfpu=fpv4-sp-d16 -O0 -fmessage-length=0 -fsigned-char -ffunction-sections -fdata-sections -Wall  -g3 -D"CPU_MK64FN1M0VMD12" -I"../Sources" -I"../Project_Settings/Startup_Code" -I"../SDK/platform/CMSIS/Include" -I"../SDK/platform/devices" -I"../SDK/platform/devices/MK64F12/include" -std=c99 -MMD -MP -MF"Sources/main.d" -MT"Sources/main.o" -c -o "Sources/main.o" "../Sources/main.c"
Finished building: ../Sources/main.c
 
Building target: Lab_2.elf
Invoking: Cross ARM C++ Linker
arm-none-eabi-g++ -mcpu=cortex-m4 -mthumb -mfloat-abi=hard -mfpu=fpv4-sp-d16 -O0 -fmessage-length=0 -fsigned-char -ffunction-sections -fdata-sections -Wall  -g3 -T "MK64FN1M0xxx12_flash.ld" -Xlinker --gc-sections -L"C:/Users/acard/OneDrive - email.ucr.edu/UCR/Fall 2021/EE128/Lab_2/Project_Settings/Linker_Files" -Wl,-Map,"Lab_2.map" -specs=nosys.specs -specs=nano.specs -Xlinker -z -Xlinker muldefs -o "Lab_2.elf"  ./Sources/main.o  ./Project_Settings/Startup_Code/startup.o ./Project_Settings/Startup_Code/startup_MK64F12.o ./Project_Settings/Startup_Code/system_MK64F12.o   
Finished building target: Lab_2.elf
 
Invoking: Cross ARM GNU Print Size
arm-none-eabi-size --format=berkeley "Lab_2.elf"
   text	   data	    bss	    dec	    hex	filename
   2060	    108	   2076	   4244	   1094	Lab_2.elf
Finished building: Lab_2.siz
 
19:52:21 **** Incremental Build of configuration Debug for project Lab_2 ****
make all 
Building file: ../Sources/main.c
Invoking: Cross ARM C Compiler
arm-none-eabi-gcc -mcpu=cortex-m4 -mthumb -mfloat-abi=hard -mfpu=fpv4-sp-d16 -O0 -fmessage-length=0 -fsigned-char -ffunction-sections -fdata-sections -Wall  -g3 -D"CPU_MK64FN1M0VMD12" -I"../Sources" -I"../Project_Settings/Startup_Code" -I"../SDK/platform/CMSIS/Include" -I"../SDK/platform/devices" -I"../SDK/platform/devices/MK64F12/include" -std=c99 -MMD -MP -MF"Sources/main.d" -MT"Sources/main.o" -c -o "Sources/main.o" "../Sources/main.c"
Finished building: ../Sources/main.c
 
Building target: Lab_2.elf
Invoking: Cross ARM C++ Linker
arm-none-eabi-g++ -mcpu=cortex-m4 -mthumb -mfloat-abi=hard -mfpu=fpv4-sp-d16 -O0 -fmessage-length=0 -fsigned-char -ffunction-sections -fdata-sections -Wall  -g3 -T "MK64FN1M0xxx12_flash.ld" -Xlinker --gc-sections -L"C:/Users/acard/OneDrive - email.ucr.edu/UCR/Fall 2021/EE128/Lab_2/Project_Settings/Linker_Files" -Wl,-Map,"Lab_2.map" -specs=nosys.specs -specs=nano.specs -Xlinker -z -Xlinker muldefs -o "Lab_2.elf"  ./Sources/main.o  ./Project_Settings/Startup_Code/startup.o ./Project_Settings/Startup_Code/startup_MK64F12.o ./Project_Settings/Startup_Code/system_MK64F12.o   
Finished building target: Lab_2.elf
 
Invoking: Cross ARM GNU Print Size
arm-none-eabi-size --format=berkeley "Lab_2.elf"
   text	   data	    bss	    dec	    hex	filename
   2060	    108	   2076	   4244	   1094	Lab_2.elf
Finished building: Lab_2.siz
 
19:55:36 **** Incremental Build of configuration Debug for project Lab_2 ****
make all 
Building file: ../Sources/main.c
Invoking: Cross ARM C Compiler
arm-none-eabi-gcc -mcpu=cortex-m4 -mthumb -mfloat-abi=hard -mfpu=fpv4-sp-d16 -O0 -fmessage-length=0 -fsigned-char -ffunction-sections -fdata-sections -Wall  -g3 -D"CPU_MK64FN1M0VMD12" -I"../Sources" -I"../Project_Settings/Startup_Code" -I"../SDK/platform/CMSIS/Include" -I"../SDK/platform/devices" -I"../SDK/platform/devices/MK64F12/include" -std=c99 -MMD -MP -MF"Sources/main.d" -MT"Sources/main.o" -c -o "Sources/main.o" "../Sources/main.c"
../Sources/main.c: In function 'main':
../Sources/main.c:30:6: warning: unused variable 'i' [-Wunused-variable]
  int i = 0;
      ^
Finished building: ../Sources/main.c
 
Building target: Lab_2.elf
Invoking: Cross ARM C++ Linker
arm-none-eabi-g++ -mcpu=cortex-m4 -mthumb -mfloat-abi=hard -mfpu=fpv4-sp-d16 -O0 -fmessage-length=0 -fsigned-char -ffunction-sections -fdata-sections -Wall  -g3 -T "MK64FN1M0xxx12_flash.ld" -Xlinker --gc-sections -L"C:/Users/acard/OneDrive - email.ucr.edu/UCR/Fall 2021/EE128/Lab_2/Project_Settings/Linker_Files" -Wl,-Map,"Lab_2.map" -specs=nosys.specs -specs=nano.specs -Xlinker -z -Xlinker muldefs -o "Lab_2.elf"  ./Sources/main.o  ./Project_Settings/Startup_Code/startup.o ./Project_Settings/Startup_Code/startup_MK64F12.o ./Project_Settings/Startup_Code/system_MK64F12.o   
Finished building target: Lab_2.elf
 
Invoking: Cross ARM GNU Print Size
arm-none-eabi-size --format=berkeley "Lab_2.elf"
   text	   data	    bss	    dec	    hex	filename
   2036	    108	   2076	   4220	   107c	Lab_2.elf
Finished building: Lab_2.siz
 
19:56:14 **** Incremental Build of configuration Debug for project Lab_2 ****
make all 
Building file: ../Sources/main.c
Invoking: Cross ARM C Compiler
arm-none-eabi-gcc -mcpu=cortex-m4 -mthumb -mfloat-abi=hard -mfpu=fpv4-sp-d16 -O0 -fmessage-length=0 -fsigned-char -ffunction-sections -fdata-sections -Wall  -g3 -D"CPU_MK64FN1M0VMD12" -I"../Sources" -I"../Project_Settings/Startup_Code" -I"../SDK/platform/CMSIS/Include" -I"../SDK/platform/devices" -I"../SDK/platform/devices/MK64F12/include" -std=c99 -MMD -MP -MF"Sources/main.d" -MT"Sources/main.o" -c -o "Sources/main.o" "../Sources/main.c"
../Sources/main.c: In function 'main':
../Sources/main.c:30:6: warning: unused variable 'i' [-Wunused-variable]
  int i = 0;
      ^
Finished building: ../Sources/main.c
 
Building target: Lab_2.elf
Invoking: Cross ARM C++ Linker
arm-none-eabi-g++ -mcpu=cortex-m4 -mthumb -mfloat-abi=hard -mfpu=fpv4-sp-d16 -O0 -fmessage-length=0 -fsigned-char -ffunction-sections -fdata-sections -Wall  -g3 -T "MK64FN1M0xxx12_flash.ld" -Xlinker --gc-sections -L"C:/Users/acard/OneDrive - email.ucr.edu/UCR/Fall 2021/EE128/Lab_2/Project_Settings/Linker_Files" -Wl,-Map,"Lab_2.map" -specs=nosys.specs -specs=nano.specs -Xlinker -z -Xlinker muldefs -o "Lab_2.elf"  ./Sources/main.o  ./Project_Settings/Startup_Code/startup.o ./Project_Settings/Startup_Code/startup_MK64F12.o ./Project_Settings/Startup_Code/system_MK64F12.o   
Finished building target: Lab_2.elf
 
Invoking: Cross ARM GNU Print Size
arm-none-eabi-size --format=berkeley "Lab_2.elf"
   text	   data	    bss	    dec	    hex	filename
   2036	    108	   2076	   4220	   107c	Lab_2.elf
Finished building: Lab_2.siz
 
19:57:37 **** Incremental Build of configuration Debug for project Lab_2 ****
make all 
Building file: ../Sources/main.c
Invoking: Cross ARM C Compiler
arm-none-eabi-gcc -mcpu=cortex-m4 -mthumb -mfloat-abi=hard -mfpu=fpv4-sp-d16 -O0 -fmessage-length=0 -fsigned-char -ffunction-sections -fdata-sections -Wall  -g3 -D"CPU_MK64FN1M0VMD12" -I"../Sources" -I"../Project_Settings/Startup_Code" -I"../SDK/platform/CMSIS/Include" -I"../SDK/platform/devices" -I"../SDK/platform/devices/MK64F12/include" -std=c99 -MMD -MP -MF"Sources/main.d" -MT"Sources/main.o" -c -o "Sources/main.o" "../Sources/main.c"
../Sources/main.c: In function 'main':
../Sources/main.c:30:6: warning: unused variable 'i' [-Wunused-variable]
  int i = 0;
      ^
Finished building: ../Sources/main.c
 
Building target: Lab_2.elf
Invoking: Cross ARM C++ Linker
arm-none-eabi-g++ -mcpu=cortex-m4 -mthumb -mfloat-abi=hard -mfpu=fpv4-sp-d16 -O0 -fmessage-length=0 -fsigned-char -ffunction-sections -fdata-sections -Wall  -g3 -T "MK64FN1M0xxx12_flash.ld" -Xlinker --gc-sections -L"C:/Users/acard/OneDrive - email.ucr.edu/UCR/Fall 2021/EE128/Lab_2/Project_Settings/Linker_Files" -Wl,-Map,"Lab_2.map" -specs=nosys.specs -specs=nano.specs -Xlinker -z -Xlinker muldefs -o "Lab_2.elf"  ./Sources/main.o  ./Project_Settings/Startup_Code/startup.o ./Project_Settings/Startup_Code/startup_MK64F12.o ./Project_Settings/Startup_Code/system_MK64F12.o   
Finished building target: Lab_2.elf
 
Invoking: Cross ARM GNU Print Size
arm-none-eabi-size --format=berkeley "Lab_2.elf"
   text	   data	    bss	    dec	    hex	filename
   2040	    108	   2076	   4224	   1080	Lab_2.elf
Finished building: Lab_2.siz
 
19:58:57 **** Incremental Build of configuration Debug for project Lab_2 ****
make all 
Building file: ../Sources/main.c
Invoking: Cross ARM C Compiler
arm-none-eabi-gcc -mcpu=cortex-m4 -mthumb -mfloat-abi=hard -mfpu=fpv4-sp-d16 -O0 -fmessage-length=0 -fsigned-char -ffunction-sections -fdata-sections -Wall  -g3 -D"CPU_MK64FN1M0VMD12" -I"../Sources" -I"../Project_Settings/Startup_Code" -I"../SDK/platform/CMSIS/Include" -I"../SDK/platform/devices" -I"../SDK/platform/devices/MK64F12/include" -std=c99 -MMD -MP -MF"Sources/main.d" -MT"Sources/main.o" -c -o "Sources/main.o" "../Sources/main.c"
../Sources/main.c: In function 'main':
../Sources/main.c:30:6: warning: unused variable 'i' [-Wunused-variable]
  int i = 0;
      ^
Finished building: ../Sources/main.c
 
Building target: Lab_2.elf
Invoking: Cross ARM C++ Linker
arm-none-eabi-g++ -mcpu=cortex-m4 -mthumb -mfloat-abi=hard -mfpu=fpv4-sp-d16 -O0 -fmessage-length=0 -fsigned-char -ffunction-sections -fdata-sections -Wall  -g3 -T "MK64FN1M0xxx12_flash.ld" -Xlinker --gc-sections -L"C:/Users/acard/OneDrive - email.ucr.edu/UCR/Fall 2021/EE128/Lab_2/Project_Settings/Linker_Files" -Wl,-Map,"Lab_2.map" -specs=nosys.specs -specs=nano.specs -Xlinker -z -Xlinker muldefs -o "Lab_2.elf"  ./Sources/main.o  ./Project_Settings/Startup_Code/startup.o ./Project_Settings/Startup_Code/startup_MK64F12.o ./Project_Settings/Startup_Code/system_MK64F12.o   
Finished building target: Lab_2.elf
 
Invoking: Cross ARM GNU Print Size
arm-none-eabi-size --format=berkeley "Lab_2.elf"
   text	   data	    bss	    dec	    hex	filename
   2040	    108	   2076	   4224	   1080	Lab_2.elf
Finished building: Lab_2.siz
 
19:59:48 **** Incremental Build of configuration Debug for project Lab_2 ****
make all 
Building file: ../Sources/main.c
Invoking: Cross ARM C Compiler
arm-none-eabi-gcc -mcpu=cortex-m4 -mthumb -mfloat-abi=hard -mfpu=fpv4-sp-d16 -O0 -fmessage-length=0 -fsigned-char -ffunction-sections -fdata-sections -Wall  -g3 -D"CPU_MK64FN1M0VMD12" -I"../Sources" -I"../Project_Settings/Startup_Code" -I"../SDK/platform/CMSIS/Include" -I"../SDK/platform/devices" -I"../SDK/platform/devices/MK64F12/include" -std=c99 -MMD -MP -MF"Sources/main.d" -MT"Sources/main.o" -c -o "Sources/main.o" "../Sources/main.c"
../Sources/main.c: In function 'main':
../Sources/main.c:59:3: error: expected ';' before '}' token
   }else {
   ^
../Sources/main.c:43:8: warning: unused variable 'ROT_DIR' [-Wunused-variable]
   long ROT_DIR = GPIOA_PDIR;
        ^
../Sources/main.c:30:6: warning: unused variable 'i' [-Wunused-variable]
  int i = 0;
      ^
Sources/subdir.mk:18: recipe for target 'Sources/main.o' failed
make: *** [Sources/main.o] Error 1
20:03:19 **** Incremental Build of configuration Debug for project Lab_2 ****
make all 
Building file: ../Sources/main.c
Invoking: Cross ARM C Compiler
arm-none-eabi-gcc -mcpu=cortex-m4 -mthumb -mfloat-abi=hard -mfpu=fpv4-sp-d16 -O0 -fmessage-length=0 -fsigned-char -ffunction-sections -fdata-sections -Wall  -g3 -D"CPU_MK64FN1M0VMD12" -I"../Sources" -I"../Project_Settings/Startup_Code" -I"../SDK/platform/CMSIS/Include" -I"../SDK/platform/devices" -I"../SDK/platform/devices/MK64F12/include" -std=c99 -MMD -MP -MF"Sources/main.d" -MT"Sources/main.o" -c -o "Sources/main.o" "../Sources/main.c"
../Sources/main.c: In function 'main':
../Sources/main.c:30:6: warning: unused variable 'i' [-Wunused-variable]
  int i = 0;
      ^
Finished building: ../Sources/main.c
 
Building target: Lab_2.elf
Invoking: Cross ARM C++ Linker
arm-none-eabi-g++ -mcpu=cortex-m4 -mthumb -mfloat-abi=hard -mfpu=fpv4-sp-d16 -O0 -fmessage-length=0 -fsigned-char -ffunction-sections -fdata-sections -Wall  -g3 -T "MK64FN1M0xxx12_flash.ld" -Xlinker --gc-sections -L"C:/Users/acard/OneDrive - email.ucr.edu/UCR/Fall 2021/EE128/Lab_2/Project_Settings/Linker_Files" -Wl,-Map,"Lab_2.map" -specs=nosys.specs -specs=nano.specs -Xlinker -z -Xlinker muldefs -o "Lab_2.elf"  ./Sources/main.o  ./Project_Settings/Startup_Code/startup.o ./Project_Settings/Startup_Code/startup_MK64F12.o ./Project_Settings/Startup_Code/system_MK64F12.o   
Finished building target: Lab_2.elf
 
Invoking: Cross ARM GNU Print Size
arm-none-eabi-size --format=berkeley "Lab_2.elf"
   text	   data	    bss	    dec	    hex	filename
   2040	    108	   2076	   4224	   1080	Lab_2.elf
Finished building: Lab_2.siz
 
20:04:00 **** Incremental Build of configuration Debug for project Lab_2 ****
make all 
Building file: ../Sources/main.c
Invoking: Cross ARM C Compiler
arm-none-eabi-gcc -mcpu=cortex-m4 -mthumb -mfloat-abi=hard -mfpu=fpv4-sp-d16 -O0 -fmessage-length=0 -fsigned-char -ffunction-sections -fdata-sections -Wall  -g3 -D"CPU_MK64FN1M0VMD12" -I"../Sources" -I"../Project_Settings/Startup_Code" -I"../SDK/platform/CMSIS/Include" -I"../SDK/platform/devices" -I"../SDK/platform/devices/MK64F12/include" -std=c99 -MMD -MP -MF"Sources/main.d" -MT"Sources/main.o" -c -o "Sources/main.o" "../Sources/main.c"
Finished building: ../Sources/main.c
 
Building target: Lab_2.elf
Invoking: Cross ARM C++ Linker
arm-none-eabi-g++ -mcpu=cortex-m4 -mthumb -mfloat-abi=hard -mfpu=fpv4-sp-d16 -O0 -fmessage-length=0 -fsigned-char -ffunction-sections -fdata-sections -Wall  -g3 -T "MK64FN1M0xxx12_flash.ld" -Xlinker --gc-sections -L"C:/Users/acard/OneDrive - email.ucr.edu/UCR/Fall 2021/EE128/Lab_2/Project_Settings/Linker_Files" -Wl,-Map,"Lab_2.map" -specs=nosys.specs -specs=nano.specs -Xlinker -z -Xlinker muldefs -o "Lab_2.elf"  ./Sources/main.o  ./Project_Settings/Startup_Code/startup.o ./Project_Settings/Startup_Code/startup_MK64F12.o ./Project_Settings/Startup_Code/system_MK64F12.o   
Finished building target: Lab_2.elf
 
Invoking: Cross ARM GNU Print Size
arm-none-eabi-size --format=berkeley "Lab_2.elf"
   text	   data	    bss	    dec	    hex	filename
   2036	    108	   2076	   4220	   107c	Lab_2.elf
Finished building: Lab_2.siz
 
20:04:51 **** Incremental Build of configuration Debug for project Lab_2 ****
make all 
Building file: ../Sources/main.c
Invoking: Cross ARM C Compiler
arm-none-eabi-gcc -mcpu=cortex-m4 -mthumb -mfloat-abi=hard -mfpu=fpv4-sp-d16 -O0 -fmessage-length=0 -fsigned-char -ffunction-sections -fdata-sections -Wall  -g3 -D"CPU_MK64FN1M0VMD12" -I"../Sources" -I"../Project_Settings/Startup_Code" -I"../SDK/platform/CMSIS/Include" -I"../SDK/platform/devices" -I"../SDK/platform/devices/MK64F12/include" -std=c99 -MMD -MP -MF"Sources/main.d" -MT"Sources/main.o" -c -o "Sources/main.o" "../Sources/main.c"
Finished building: ../Sources/main.c
 
Building target: Lab_2.elf
Invoking: Cross ARM C++ Linker
arm-none-eabi-g++ -mcpu=cortex-m4 -mthumb -mfloat-abi=hard -mfpu=fpv4-sp-d16 -O0 -fmessage-length=0 -fsigned-char -ffunction-sections -fdata-sections -Wall  -g3 -T "MK64FN1M0xxx12_flash.ld" -Xlinker --gc-sections -L"C:/Users/acard/OneDrive - email.ucr.edu/UCR/Fall 2021/EE128/Lab_2/Project_Settings/Linker_Files" -Wl,-Map,"Lab_2.map" -specs=nosys.specs -specs=nano.specs -Xlinker -z -Xlinker muldefs -o "Lab_2.elf"  ./Sources/main.o  ./Project_Settings/Startup_Code/startup.o ./Project_Settings/Startup_Code/startup_MK64F12.o ./Project_Settings/Startup_Code/system_MK64F12.o   
Finished building target: Lab_2.elf
 
Invoking: Cross ARM GNU Print Size
arm-none-eabi-size --format=berkeley "Lab_2.elf"
   text	   data	    bss	    dec	    hex	filename
   2036	    108	   2076	   4220	   107c	Lab_2.elf
Finished building: Lab_2.siz
 
20:05:59 **** Incremental Build of configuration Debug for project Lab_2 ****
make all 
Building file: ../Sources/main.c
Invoking: Cross ARM C Compiler
arm-none-eabi-gcc -mcpu=cortex-m4 -mthumb -mfloat-abi=hard -mfpu=fpv4-sp-d16 -O0 -fmessage-length=0 -fsigned-char -ffunction-sections -fdata-sections -Wall  -g3 -D"CPU_MK64FN1M0VMD12" -I"../Sources" -I"../Project_Settings/Startup_Code" -I"../SDK/platform/CMSIS/Include" -I"../SDK/platform/devices" -I"../SDK/platform/devices/MK64F12/include" -std=c99 -MMD -MP -MF"Sources/main.d" -MT"Sources/main.o" -c -o "Sources/main.o" "../Sources/main.c"
../Sources/main.c: In function 'main':
../Sources/main.c:33:16: warning: unused variable 'val' [-Wunused-variable]
  unsigned long val = 0x00;
                ^
Finished building: ../Sources/main.c
 
Building target: Lab_2.elf
Invoking: Cross ARM C++ Linker
arm-none-eabi-g++ -mcpu=cortex-m4 -mthumb -mfloat-abi=hard -mfpu=fpv4-sp-d16 -O0 -fmessage-length=0 -fsigned-char -ffunction-sections -fdata-sections -Wall  -g3 -T "MK64FN1M0xxx12_flash.ld" -Xlinker --gc-sections -L"C:/Users/acard/OneDrive - email.ucr.edu/UCR/Fall 2021/EE128/Lab_2/Project_Settings/Linker_Files" -Wl,-Map,"Lab_2.map" -specs=nosys.specs -specs=nano.specs -Xlinker -z -Xlinker muldefs -o "Lab_2.elf"  ./Sources/main.o  ./Project_Settings/Startup_Code/startup.o ./Project_Settings/Startup_Code/startup_MK64F12.o ./Project_Settings/Startup_Code/system_MK64F12.o   
Finished building target: Lab_2.elf
 
Invoking: Cross ARM GNU Print Size
arm-none-eabi-size --format=berkeley "Lab_2.elf"
   text	   data	    bss	    dec	    hex	filename
   1992	    108	   2076	   4176	   1050	Lab_2.elf
Finished building: Lab_2.siz
 
20:09:00 **** Incremental Build of configuration Debug for project Lab_2 ****
make all 
Building file: ../Sources/main.c
Invoking: Cross ARM C Compiler
arm-none-eabi-gcc -mcpu=cortex-m4 -mthumb -mfloat-abi=hard -mfpu=fpv4-sp-d16 -O0 -fmessage-length=0 -fsigned-char -ffunction-sections -fdata-sections -Wall  -g3 -D"CPU_MK64FN1M0VMD12" -I"../Sources" -I"../Project_Settings/Startup_Code" -I"../SDK/platform/CMSIS/Include" -I"../SDK/platform/devices" -I"../SDK/platform/devices/MK64F12/include" -std=c99 -MMD -MP -MF"Sources/main.d" -MT"Sources/main.o" -c -o "Sources/main.o" "../Sources/main.c"
Finished building: ../Sources/main.c
 
Building target: Lab_2.elf
Invoking: Cross ARM C++ Linker
arm-none-eabi-g++ -mcpu=cortex-m4 -mthumb -mfloat-abi=hard -mfpu=fpv4-sp-d16 -O0 -fmessage-length=0 -fsigned-char -ffunction-sections -fdata-sections -Wall  -g3 -T "MK64FN1M0xxx12_flash.ld" -Xlinker --gc-sections -L"C:/Users/acard/OneDrive - email.ucr.edu/UCR/Fall 2021/EE128/Lab_2/Project_Settings/Linker_Files" -Wl,-Map,"Lab_2.map" -specs=nosys.specs -specs=nano.specs -Xlinker -z -Xlinker muldefs -o "Lab_2.elf"  ./Sources/main.o  ./Project_Settings/Startup_Code/startup.o ./Project_Settings/Startup_Code/startup_MK64F12.o ./Project_Settings/Startup_Code/system_MK64F12.o   
Finished building target: Lab_2.elf
 
Invoking: Cross ARM GNU Print Size
arm-none-eabi-size --format=berkeley "Lab_2.elf"
   text	   data	    bss	    dec	    hex	filename
   2028	    108	   2076	   4212	   1074	Lab_2.elf
Finished building: Lab_2.siz
 
20:10:19 **** Incremental Build of configuration Debug for project Lab_2 ****
make all 
Building file: ../Sources/main.c
Invoking: Cross ARM C Compiler
arm-none-eabi-gcc -mcpu=cortex-m4 -mthumb -mfloat-abi=hard -mfpu=fpv4-sp-d16 -O0 -fmessage-length=0 -fsigned-char -ffunction-sections -fdata-sections -Wall  -g3 -D"CPU_MK64FN1M0VMD12" -I"../Sources" -I"../Project_Settings/Startup_Code" -I"../SDK/platform/CMSIS/Include" -I"../SDK/platform/devices" -I"../SDK/platform/devices/MK64F12/include" -std=c99 -MMD -MP -MF"Sources/main.d" -MT"Sources/main.o" -c -o "Sources/main.o" "../Sources/main.c"
../Sources/main.c: In function 'main':
../Sources/main.c:52:10: error: redefinition of 'ROT_DIR'
     long ROT_DIR = GPIOA_PDIR;
          ^
../Sources/main.c:42:10: note: previous definition of 'ROT_DIR' was here
     long ROT_DIR = GPIOA_PDIR;
          ^
Sources/subdir.mk:18: recipe for target 'Sources/main.o' failed
make: *** [Sources/main.o] Error 1
20:14:14 **** Incremental Build of configuration Debug for project Lab_2 ****
make all 
Building file: ../Sources/main.c
Invoking: Cross ARM C Compiler
arm-none-eabi-gcc -mcpu=cortex-m4 -mthumb -mfloat-abi=hard -mfpu=fpv4-sp-d16 -O0 -fmessage-length=0 -fsigned-char -ffunction-sections -fdata-sections -Wall  -g3 -D"CPU_MK64FN1M0VMD12" -I"../Sources" -I"../Project_Settings/Startup_Code" -I"../SDK/platform/CMSIS/Include" -I"../SDK/platform/devices" -I"../SDK/platform/devices/MK64F12/include" -std=c99 -MMD -MP -MF"Sources/main.d" -MT"Sources/main.o" -c -o "Sources/main.o" "../Sources/main.c"
Finished building: ../Sources/main.c
 
Building target: Lab_2.elf
Invoking: Cross ARM C++ Linker
arm-none-eabi-g++ -mcpu=cortex-m4 -mthumb -mfloat-abi=hard -mfpu=fpv4-sp-d16 -O0 -fmessage-length=0 -fsigned-char -ffunction-sections -fdata-sections -Wall  -g3 -T "MK64FN1M0xxx12_flash.ld" -Xlinker --gc-sections -L"C:/Users/acard/OneDrive - email.ucr.edu/UCR/Fall 2021/EE128/Lab_2/Project_Settings/Linker_Files" -Wl,-Map,"Lab_2.map" -specs=nosys.specs -specs=nano.specs -Xlinker -z -Xlinker muldefs -o "Lab_2.elf"  ./Sources/main.o  ./Project_Settings/Startup_Code/startup.o ./Project_Settings/Startup_Code/startup_MK64F12.o ./Project_Settings/Startup_Code/system_MK64F12.o   
Finished building target: Lab_2.elf
 
Invoking: Cross ARM GNU Print Size
arm-none-eabi-size --format=berkeley "Lab_2.elf"
   text	   data	    bss	    dec	    hex	filename
   2028	    108	   2076	   4212	   1074	Lab_2.elf
Finished building: Lab_2.siz
 
20:16:38 **** Incremental Build of configuration Debug for project Lab_2 ****
make all 
Building file: ../Sources/main.c
Invoking: Cross ARM C Compiler
arm-none-eabi-gcc -mcpu=cortex-m4 -mthumb -mfloat-abi=hard -mfpu=fpv4-sp-d16 -O0 -fmessage-length=0 -fsigned-char -ffunction-sections -fdata-sections -Wall  -g3 -D"CPU_MK64FN1M0VMD12" -I"../Sources" -I"../Project_Settings/Startup_Code" -I"../SDK/platform/CMSIS/Include" -I"../SDK/platform/devices" -I"../SDK/platform/devices/MK64F12/include" -std=c99 -MMD -MP -MF"Sources/main.d" -MT"Sources/main.o" -c -o "Sources/main.o" "../Sources/main.c"
../Sources/main.c: In function 'main':
../Sources/main.c:42:10: warning: unused variable 'ROT_DIR' [-Wunused-variable]
     long ROT_DIR = GPIOA_PDIR;
          ^
Finished building: ../Sources/main.c
 
Building target: Lab_2.elf
Invoking: Cross ARM C++ Linker
arm-none-eabi-g++ -mcpu=cortex-m4 -mthumb -mfloat-abi=hard -mfpu=fpv4-sp-d16 -O0 -fmessage-length=0 -fsigned-char -ffunction-sections -fdata-sections -Wall  -g3 -T "MK64FN1M0xxx12_flash.ld" -Xlinker --gc-sections -L"C:/Users/acard/OneDrive - email.ucr.edu/UCR/Fall 2021/EE128/Lab_2/Project_Settings/Linker_Files" -Wl,-Map,"Lab_2.map" -specs=nosys.specs -specs=nano.specs -Xlinker -z -Xlinker muldefs -o "Lab_2.elf"  ./Sources/main.o  ./Project_Settings/Startup_Code/startup.o ./Project_Settings/Startup_Code/startup_MK64F12.o ./Project_Settings/Startup_Code/system_MK64F12.o   
Finished building target: Lab_2.elf
 
Invoking: Cross ARM GNU Print Size
arm-none-eabi-size --format=berkeley "Lab_2.elf"
   text	   data	    bss	    dec	    hex	filename
   2020	    108	   2076	   4204	   106c	Lab_2.elf
Finished building: Lab_2.siz
 
00:53:45 **** Build of configuration Debug for project Lab_3 ****
make all 
Building file: ../Sources/main.c
Invoking: Cross ARM C Compiler
arm-none-eabi-gcc -mcpu=cortex-m4 -mthumb -mfloat-abi=hard -mfpu=fpv4-sp-d16 -O0 -fmessage-length=0 -fsigned-char -ffunction-sections -fdata-sections -Wall  -g3 -D"CPU_MK64FN1M0VMD12" -I"../Sources" -I"../Project_Settings/Startup_Code" -I"../SDK/platform/CMSIS/Include" -I"../SDK/platform/devices" -I"../SDK/platform/devices/MK64F12/include" -std=c99 -MMD -MP -MF"Sources/main.d" -MT"Sources/main.o" -c -o "Sources/main.o" "../Sources/main.c"
../Sources/main.c: In function 'PORTA_IRQHandler':
../Sources/main.c:38:15: error: 'PIOB_PDIR' undeclared (first use in this function)
     CNT_DIR = PIOB_PDIR; //Read Port B
               ^
../Sources/main.c:38:15: note: each undeclared identifier is reported only once for each function it appears in
../Sources/main.c:67:5: warning: 'return' with a value, in function returning void [enabled by default]
     return 0;
     ^
../Sources/main.c: At top level:
../Sources/main.c:70:6: warning: return type of 'main' is not 'int' [-Wmain]
 void main(void)
      ^
../Sources/main.c: In function 'main':
../Sources/main.c:96:16: error: lvalue required as left operand of assignment
     PORTA_IRQn = 59; //Enable Port A IRQ interrupts;
                ^
../Sources/main.c:98:5: warning: 'return' with a value, in function returning void [enabled by default]
     return 0;
     ^
../Sources/main.c: At top level:
../Sources/main.c:33:12: warning: 'i' defined but not used [-Wunused-variable]
 static int i = 0;
            ^
Sources/subdir.mk:18: recipe for target 'Sources/main.o' failed
make: *** [Sources/main.o] Error 1
10:32:18 **** Incremental Build of configuration Debug for project Lab_3 ****
make all 
Building file: ../Sources/main.c
Invoking: Cross ARM C Compiler
arm-none-eabi-gcc -mcpu=cortex-m4 -mthumb -mfloat-abi=hard -mfpu=fpv4-sp-d16 -O0 -fmessage-length=0 -fsigned-char -ffunction-sections -fdata-sections -Wall  -g3 -D"CPU_MK64FN1M0VMD12" -I"../Sources" -I"../Project_Settings/Startup_Code" -I"../SDK/platform/CMSIS/Include" -I"../SDK/platform/devices" -I"../SDK/platform/devices/MK64F12/include" -std=c99 -MMD -MP -MF"Sources/main.d" -MT"Sources/main.o" -c -o "Sources/main.o" "../Sources/main.c"
../Sources/main.c: In function 'PORTA_IRQHandler':
../Sources/main.c:37:15: error: 'PIOB_PDIR' undeclared (first use in this function)
     CNT_DIR = PIOB_PDIR; //Read Port B
               ^
../Sources/main.c:37:15: note: each undeclared identifier is reported only once for each function it appears in
../Sources/main.c:66:5: warning: 'return' with a value, in function returning void [enabled by default]
     return 0;
     ^
../Sources/main.c: At top level:
../Sources/main.c:69:6: warning: return type of 'main' is not 'int' [-Wmain]
 void main(void)
      ^
../Sources/main.c: In function 'main':
../Sources/main.c:95:16: error: lvalue required as left operand of assignment
     PORTA_IRQn = 59; //Enable Port A IRQ interrupts;
                ^
../Sources/main.c:97:5: warning: 'return' with a value, in function returning void [enabled by default]
     return 0;
     ^
Sources/subdir.mk:18: recipe for target 'Sources/main.o' failed
make: *** [Sources/main.o] Error 1
10:33:49 **** Incremental Build of configuration Debug for project Lab_3 ****
make all 
Building file: ../Sources/main.c
Invoking: Cross ARM C Compiler
arm-none-eabi-gcc -mcpu=cortex-m4 -mthumb -mfloat-abi=hard -mfpu=fpv4-sp-d16 -O0 -fmessage-length=0 -fsigned-char -ffunction-sections -fdata-sections -Wall  -g3 -D"CPU_MK64FN1M0VMD12" -I"../Sources" -I"../Project_Settings/Startup_Code" -I"../SDK/platform/CMSIS/Include" -I"../SDK/platform/devices" -I"../SDK/platform/devices/MK64F12/include" -std=c99 -MMD -MP -MF"Sources/main.d" -MT"Sources/main.o" -c -o "Sources/main.o" "../Sources/main.c"
../Sources/main.c: In function 'PORTA_IRQHandler':
../Sources/main.c:66:5: warning: 'return' with a value, in function returning void [enabled by default]
     return 0;
     ^
../Sources/main.c: At top level:
../Sources/main.c:69:6: warning: return type of 'main' is not 'int' [-Wmain]
 void main(void)
      ^
../Sources/main.c: In function 'main':
../Sources/main.c:95:16: error: lvalue required as left operand of assignment
     PORTA_IRQn = 59; //Enable Port A IRQ interrupts;
                ^
../Sources/main.c:97:5: warning: 'return' with a value, in function returning void [enabled by default]
     return 0;
     ^
Sources/subdir.mk:18: recipe for target 'Sources/main.o' failed
make: *** [Sources/main.o] Error 1
10:37:51 **** Incremental Build of configuration Debug for project Lab_3 ****
make all 
Building file: ../Sources/main.c
Invoking: Cross ARM C Compiler
arm-none-eabi-gcc -mcpu=cortex-m4 -mthumb -mfloat-abi=hard -mfpu=fpv4-sp-d16 -O0 -fmessage-length=0 -fsigned-char -ffunction-sections -fdata-sections -Wall  -g3 -D"CPU_MK64FN1M0VMD12" -I"../Sources" -I"../Project_Settings/Startup_Code" -I"../SDK/platform/CMSIS/Include" -I"../SDK/platform/devices" -I"../SDK/platform/devices/MK64F12/include" -std=c99 -MMD -MP -MF"Sources/main.d" -MT"Sources/main.o" -c -o "Sources/main.o" "../Sources/main.c"
../Sources/main.c:68:6: warning: return type of 'main' is not 'int' [-Wmain]
 void main(void)
      ^
../Sources/main.c: In function 'main':
../Sources/main.c:95:5: error: too many arguments to function 'PORTA_IRQHandler'
     PORTA_IRQHandler(15);
     ^
../Sources/main.c:35:6: note: declared here
 void PORTA_IRQHandler(void) {
      ^
Sources/subdir.mk:18: recipe for target 'Sources/main.o' failed
make: *** [Sources/main.o] Error 1
14:53:05 **** Incremental Build of configuration Debug for project Lab_3 ****
make all 
Building file: ../Sources/main.c
Invoking: Cross ARM C Compiler
arm-none-eabi-gcc -mcpu=cortex-m4 -mthumb -mfloat-abi=hard -mfpu=fpv4-sp-d16 -O0 -fmessage-length=0 -fsigned-char -ffunction-sections -fdata-sections -Wall  -g3 -D"CPU_MK64FN1M0VMD12" -I"../Sources" -I"../Project_Settings/Startup_Code" -I"../SDK/platform/CMSIS/Include" -I"../SDK/platform/devices" -I"../SDK/platform/devices/MK64F12/include" -std=c99 -MMD -MP -MF"Sources/main.d" -MT"Sources/main.o" -c -o "Sources/main.o" "../Sources/main.c"
../Sources/main.c: In function 'PORTA_IRQHandler':
../Sources/main.c:36:26: error: 'PORTa_IRQn' undeclared (first use in this function)
     NVIC_ClearPendingIRQ(PORTa_IRQn);//Toggle ones place decimal point;
                          ^
../Sources/main.c:36:26: note: each undeclared identifier is reported only once for each function it appears in
../Sources/main.c: At top level:
../Sources/main.c:70:6: warning: return type of 'main' is not 'int' [-Wmain]
 void main(void)
      ^
Sources/subdir.mk:18: recipe for target 'Sources/main.o' failed
make: *** [Sources/main.o] Error 1
14:53:59 **** Incremental Build of configuration Debug for project Lab_3 ****
make all 
Building file: ../Sources/main.c
Invoking: Cross ARM C Compiler
arm-none-eabi-gcc -mcpu=cortex-m4 -mthumb -mfloat-abi=hard -mfpu=fpv4-sp-d16 -O0 -fmessage-length=0 -fsigned-char -ffunction-sections -fdata-sections -Wall  -g3 -D"CPU_MK64FN1M0VMD12" -I"../Sources" -I"../Project_Settings/Startup_Code" -I"../SDK/platform/CMSIS/Include" -I"../SDK/platform/devices" -I"../SDK/platform/devices/MK64F12/include" -std=c99 -MMD -MP -MF"Sources/main.d" -MT"Sources/main.o" -c -o "Sources/main.o" "../Sources/main.c"
../Sources/main.c: In function 'PORTA_IRQHandler':
../Sources/main.c:36:26: error: 'PORTa_IRQn' undeclared (first use in this function)
     NVIC_ClearPendingIRQ(PORTa_IRQn);//Toggle ones place decimal point;
                          ^
../Sources/main.c:36:26: note: each undeclared identifier is reported only once for each function it appears in
../Sources/main.c: At top level:
../Sources/main.c:70:6: warning: return type of 'main' is not 'int' [-Wmain]
 void main(void)
      ^
Sources/subdir.mk:18: recipe for target 'Sources/main.o' failed
make: *** [Sources/main.o] Error 1
14:56:35 **** Incremental Build of configuration Debug for project Lab_3 ****
make all 
Building file: ../Sources/main.c
Invoking: Cross ARM C Compiler
arm-none-eabi-gcc -mcpu=cortex-m4 -mthumb -mfloat-abi=hard -mfpu=fpv4-sp-d16 -O0 -fmessage-length=0 -fsigned-char -ffunction-sections -fdata-sections -Wall  -g3 -D"CPU_MK64FN1M0VMD12" -I"../Sources" -I"../Project_Settings/Startup_Code" -I"../SDK/platform/CMSIS/Include" -I"../SDK/platform/devices" -I"../SDK/platform/devices/MK64F12/include" -std=c99 -MMD -MP -MF"Sources/main.d" -MT"Sources/main.o" -c -o "Sources/main.o" "../Sources/main.c"
../Sources/main.c: In function 'PORTA_IRQHandler':
../Sources/main.c:36:26: error: 'PORTa_IRQn' undeclared (first use in this function)
     NVIC_ClearPendingIRQ(PORTa_IRQn);//Toggle ones place decimal point;
                          ^
../Sources/main.c:36:26: note: each undeclared identifier is reported only once for each function it appears in
../Sources/main.c: At top level:
../Sources/main.c:70:6: warning: return type of 'main' is not 'int' [-Wmain]
 void main(void)
      ^
Sources/subdir.mk:18: recipe for target 'Sources/main.o' failed
make: *** [Sources/main.o] Error 1
15:02:46 **** Incremental Build of configuration Debug for project Lab_3 ****
make all 
Building file: ../Sources/main.c
Invoking: Cross ARM C Compiler
arm-none-eabi-gcc -mcpu=cortex-m4 -mthumb -mfloat-abi=hard -mfpu=fpv4-sp-d16 -O0 -fmessage-length=0 -fsigned-char -ffunction-sections -fdata-sections -Wall  -g3 -D"CPU_MK64FN1M0VMD12" -I"../Sources" -I"../Project_Settings/Startup_Code" -I"../SDK/platform/CMSIS/Include" -I"../SDK/platform/devices" -I"../SDK/platform/devices/MK64F12/include" -std=c99 -MMD -MP -MF"Sources/main.d" -MT"Sources/main.o" -c -o "Sources/main.o" "../Sources/main.c"
../Sources/main.c: In function 'PORTA_IRQHandler':
../Sources/main.c:36:26: error: 'PORTa_IRQn' undeclared (first use in this function)
     NVIC_ClearPendingIRQ(PORTa_IRQn);//Toggle ones place decimal point;
                          ^
../Sources/main.c:36:26: note: each undeclared identifier is reported only once for each function it appears in
../Sources/main.c: At top level:
../Sources/main.c:70:6: warning: return type of 'main' is not 'int' [-Wmain]
 void main(void)
      ^
make: *** [Sources/main.o] Error 1
Sources/subdir.mk:18: recipe for target 'Sources/main.o' failed
15:05:40 **** Incremental Build of configuration Debug for project Lab_3 ****
make all 
Building file: ../Sources/main.c
Invoking: Cross ARM C Compiler
arm-none-eabi-gcc -mcpu=cortex-m4 -mthumb -mfloat-abi=hard -mfpu=fpv4-sp-d16 -O0 -fmessage-length=0 -fsigned-char -ffunction-sections -fdata-sections -Wall  -g3 -D"CPU_MK64FN1M0VMD12" -I"../Sources" -I"../Project_Settings/Startup_Code" -I"../SDK/platform/CMSIS/Include" -I"../SDK/platform/devices" -I"../SDK/platform/devices/MK64F12/include" -std=c99 -MMD -MP -MF"Sources/main.d" -MT"Sources/main.o" -c -o "Sources/main.o" "../Sources/main.c"
../Sources/main.c:41:1: warning: data definition has no type or storage class [enabled by default]
 val1 = 0;
 ^
../Sources/main.c:41:1: warning: type defaults to 'int' in declaration of 'val1' [enabled by default]
../Sources/main.c:41:1: error: conflicting types for 'val1'
../Sources/main.c:36:14: note: previous declaration of 'val1' was here
 unsigned int val1, val2; //index to access 7 segs
              ^
../Sources/main.c:42:1: warning: data definition has no type or storage class [enabled by default]
 val2 = 0;
 ^
../Sources/main.c:42:1: warning: type defaults to 'int' in declaration of 'val2' [enabled by default]
../Sources/main.c:42:1: error: conflicting types for 'val2'
../Sources/main.c:36:20: note: previous declaration of 'val2' was here
 unsigned int val1, val2; //index to access 7 segs
                    ^
../Sources/main.c: In function 'PORTA_IRQHandler':
../Sources/main.c:55:12: error: 'PBIO_PDIR' undeclared (first use in this function)
  CNT_DIR = PBIO_PDIR; // Read PortB
            ^
../Sources/main.c:55:12: note: each undeclared identifier is reported only once for each function it appears in
../Sources/main.c: At top level:
../Sources/main.c:33:12: warning: 'i' defined but not used [-Wunused-variable]
 static int i = 0;
            ^
Sources/subdir.mk:18: recipe for target 'Sources/main.o' failed
make: *** [Sources/main.o] Error 1
15:06:42 **** Incremental Build of configuration Debug for project Lab_3 ****
make all 
Building file: ../Sources/main.c
Invoking: Cross ARM C Compiler
arm-none-eabi-gcc -mcpu=cortex-m4 -mthumb -mfloat-abi=hard -mfpu=fpv4-sp-d16 -O0 -fmessage-length=0 -fsigned-char -ffunction-sections -fdata-sections -Wall  -g3 -D"CPU_MK64FN1M0VMD12" -I"../Sources" -I"../Project_Settings/Startup_Code" -I"../SDK/platform/CMSIS/Include" -I"../SDK/platform/devices" -I"../SDK/platform/devices/MK64F12/include" -std=c99 -MMD -MP -MF"Sources/main.d" -MT"Sources/main.o" -c -o "Sources/main.o" "../Sources/main.c"
../Sources/main.c:41:1: warning: data definition has no type or storage class [enabled by default]
 val1 = 0;
 ^
../Sources/main.c:41:1: warning: type defaults to 'int' in declaration of 'val1' [enabled by default]
../Sources/main.c:41:1: error: conflicting types for 'val1'
../Sources/main.c:36:14: note: previous declaration of 'val1' was here
 unsigned int val1, val2; //index to access 7 segs
              ^
../Sources/main.c:42:1: warning: data definition has no type or storage class [enabled by default]
 val2 = 0;
 ^
../Sources/main.c:42:1: warning: type defaults to 'int' in declaration of 'val2' [enabled by default]
[...]
Finished building: ../Static_Code/System/Peripherals_Init.c
 
Building file: ../Static_Code/System/Vectors.c
Invoking: Cross ARM C Compiler
arm-none-eabi-gcc -mcpu=cortex-m4 -mthumb -mfloat-abi=hard -mfpu=fpv4-sp-d16 -O0 -fmessage-length=0 -fsigned-char -ffunction-sections -fdata-sections  -g3 -I"C:/Users/acard/OneDrive - email.ucr.edu/UCR/Fall 2021/EE128/Mini_Project_PWM_LCD/Static_Code/System" -I"C:/Users/acard/OneDrive - email.ucr.edu/UCR/Fall 2021/EE128/Mini_Project_PWM_LCD/Static_Code/PDD" -I"C:/Users/acard/OneDrive - email.ucr.edu/UCR/Fall 2021/EE128/Mini_Project_PWM_LCD/Static_Code/IO_Map" -I"C:\Freescale\KDS_v3\eclipse\ProcessorExpert/lib/Kinetis/pdd/inc" -I"C:/Users/acard/OneDrive - email.ucr.edu/UCR/Fall 2021/EE128/Mini_Project_PWM_LCD/Sources" -I"C:/Users/acard/OneDrive - email.ucr.edu/UCR/Fall 2021/EE128/Mini_Project_PWM_LCD/Generated_Code" -std=c99 -MMD -MP -MF"Static_Code/System/Vectors.d" -MT"Static_Code/System/Vectors.o" -c -o "Static_Code/System/Vectors.o" "../Static_Code/System/Vectors.c"
Finished building: ../Static_Code/System/Vectors.c
 
Building file: ../Sources/Events.c
Invoking: Cross ARM C Compiler
arm-none-eabi-gcc -mcpu=cortex-m4 -mthumb -mfloat-abi=hard -mfpu=fpv4-sp-d16 -O0 -fmessage-length=0 -fsigned-char -ffunction-sections -fdata-sections  -g3 -I"C:/Users/acard/OneDrive - email.ucr.edu/UCR/Fall 2021/EE128/Mini_Project_PWM_LCD/Static_Code/System" -I"C:/Users/acard/OneDrive - email.ucr.edu/UCR/Fall 2021/EE128/Mini_Project_PWM_LCD/Static_Code/PDD" -I"C:/Users/acard/OneDrive - email.ucr.edu/UCR/Fall 2021/EE128/Mini_Project_PWM_LCD/Static_Code/IO_Map" -I"C:\Freescale\KDS_v3\eclipse\ProcessorExpert/lib/Kinetis/pdd/inc" -I"C:/Users/acard/OneDrive - email.ucr.edu/UCR/Fall 2021/EE128/Mini_Project_PWM_LCD/Sources" -I"C:/Users/acard/OneDrive - email.ucr.edu/UCR/Fall 2021/EE128/Mini_Project_PWM_LCD/Generated_Code" -std=c99 -MMD -MP -MF"Sources/Events.d" -MT"Sources/Events.o" -c -o "Sources/Events.o" "../Sources/Events.c"
Finished building: ../Sources/Events.c
 
Building file: ../Sources/main.c
Invoking: Cross ARM C Compiler
arm-none-eabi-gcc -mcpu=cortex-m4 -mthumb -mfloat-abi=hard -mfpu=fpv4-sp-d16 -O0 -fmessage-length=0 -fsigned-char -ffunction-sections -fdata-sections  -g3 -I"C:/Users/acard/OneDrive - email.ucr.edu/UCR/Fall 2021/EE128/Mini_Project_PWM_LCD/Static_Code/System" -I"C:/Users/acard/OneDrive - email.ucr.edu/UCR/Fall 2021/EE128/Mini_Project_PWM_LCD/Static_Code/PDD" -I"C:/Users/acard/OneDrive - email.ucr.edu/UCR/Fall 2021/EE128/Mini_Project_PWM_LCD/Static_Code/IO_Map" -I"C:\Freescale\KDS_v3\eclipse\ProcessorExpert/lib/Kinetis/pdd/inc" -I"C:/Users/acard/OneDrive - email.ucr.edu/UCR/Fall 2021/EE128/Mini_Project_PWM_LCD/Sources" -I"C:/Users/acard/OneDrive - email.ucr.edu/UCR/Fall 2021/EE128/Mini_Project_PWM_LCD/Generated_Code" -std=c99 -MMD -MP -MF"Sources/main.d" -MT"Sources/main.o" -c -o "Sources/main.o" "../Sources/main.c"
../Sources/main.c: In function 'main':
../Sources/main.c:89:2: warning: implicit declaration of function 'SM1_Init' [-Wimplicit-function-declaration]
  SM1_DeviceData = SM1_Init(NULL);
  ^
../Sources/main.c:89:17: warning: assignment makes pointer from integer without a cast [enabled by default]
  SM1_DeviceData = SM1_Init(NULL);
                 ^
../Sources/main.c:99:3: error: 'len' undeclared (first use in this function)
   len = sprintf(write, "Photoresistor 1  value in decimal \t: %4d\n",photo1);
   ^
../Sources/main.c:99:3: note: each undeclared identifier is reported only once for each function it appears in
../Sources/main.c:102:3: warning: implicit declaration of function 'SM1_SendBlock' [-Wimplicit-function-declaration]
   SM1_SendBlock(SM1_DeviceData, &write, len);
   ^
Sources/subdir.mk:21: recipe for target 'Sources/main.o' failed
make: *** [Sources/main.o] Error 1
12:26:05 **** Incremental Build of configuration Debug for project Mini_Project_PWM_LCD ****
make all 
Building file: ../Static_Code/System/CPU_Init.c
Invoking: Cross ARM C Compiler
arm-none-eabi-gcc -mcpu=cortex-m4 -mthumb -mfloat-abi=hard -mfpu=fpv4-sp-d16 -O0 -fmessage-length=0 -fsigned-char -ffunction-sections -fdata-sections  -g3 -I"C:/Users/acard/OneDrive - email.ucr.edu/UCR/Fall 2021/EE128/Mini_Project_PWM_LCD/Static_Code/System" -I"C:/Users/acard/OneDrive - email.ucr.edu/UCR/Fall 2021/EE128/Mini_Project_PWM_LCD/Static_Code/PDD" -I"C:/Users/acard/OneDrive - email.ucr.edu/UCR/Fall 2021/EE128/Mini_Project_PWM_LCD/Static_Code/IO_Map" -I"C:\Freescale\KDS_v3\eclipse\ProcessorExpert/lib/Kinetis/pdd/inc" -I"C:/Users/acard/OneDrive - email.ucr.edu/UCR/Fall 2021/EE128/Mini_Project_PWM_LCD/Sources" -I"C:/Users/acard/OneDrive - email.ucr.edu/UCR/Fall 2021/EE128/Mini_Project_PWM_LCD/Generated_Code" -std=c99 -MMD -MP -MF"Static_Code/System/CPU_Init.d" -MT"Static_Code/System/CPU_Init.o" -c -o "Static_Code/System/CPU_Init.o" "../Static_Code/System/CPU_Init.c"
Finished building: ../Static_Code/System/CPU_Init.c
 
Building file: ../Static_Code/System/Peripherals_Init.c
Invoking: Cross ARM C Compiler
arm-none-eabi-gcc -mcpu=cortex-m4 -mthumb -mfloat-abi=hard -mfpu=fpv4-sp-d16 -O0 -fmessage-length=0 -fsigned-char -ffunction-sections -fdata-sections  -g3 -I"C:/Users/acard/OneDrive - email.ucr.edu/UCR/Fall 2021/EE128/Mini_Project_PWM_LCD/Static_Code/System" -I"C:/Users/acard/OneDrive - email.ucr.edu/UCR/Fall 2021/EE128/Mini_Project_PWM_LCD/Static_Code/PDD" -I"C:/Users/acard/OneDrive - email.ucr.edu/UCR/Fall 2021/EE128/Mini_Project_PWM_LCD/Static_Code/IO_Map" -I"C:\Freescale\KDS_v3\eclipse\ProcessorExpert/lib/Kinetis/pdd/inc" -I"C:/Users/acard/OneDrive - email.ucr.edu/UCR/Fall 2021/EE128/Mini_Project_PWM_LCD/Sources" -I"C:/Users/acard/OneDrive - email.ucr.edu/UCR/Fall 2021/EE128/Mini_Project_PWM_LCD/Generated_Code" -std=c99 -MMD -MP -MF"Static_Code/System/Peripherals_Init.d" -MT"Static_Code/System/Peripherals_Init.o" -c -o "Static_Code/System/Peripherals_Init.o" "../Static_Code/System/Peripherals_Init.c"
Finished building: ../Static_Code/System/Peripherals_Init.c
 
Building file: ../Static_Code/System/Vectors.c
Invoking: Cross ARM C Compiler
arm-none-eabi-gcc -mcpu=cortex-m4 -mthumb -mfloat-abi=hard -mfpu=fpv4-sp-d16 -O0 -fmessage-length=0 -fsigned-char -ffunction-sections -fdata-sections  -g3 -I"C:/Users/acard/OneDrive - email.ucr.edu/UCR/Fall 2021/EE128/Mini_Project_PWM_LCD/Static_Code/System" -I"C:/Users/acard/OneDrive - email.ucr.edu/UCR/Fall 2021/EE128/Mini_Project_PWM_LCD/Static_Code/PDD" -I"C:/Users/acard/OneDrive - email.ucr.edu/UCR/Fall 2021/EE128/Mini_Project_PWM_LCD/Static_Code/IO_Map" -I"C:\Freescale\KDS_v3\eclipse\ProcessorExpert/lib/Kinetis/pdd/inc" -I"C:/Users/acard/OneDrive - email.ucr.edu/UCR/Fall 2021/EE128/Mini_Project_PWM_LCD/Sources" -I"C:/Users/acard/OneDrive - email.ucr.edu/UCR/Fall 2021/EE128/Mini_Project_PWM_LCD/Generated_Code" -std=c99 -MMD -MP -MF"Static_Code/System/Vectors.d" -MT"Static_Code/System/Vectors.o" -c -o "Static_Code/System/Vectors.o" "../Static_Code/System/Vectors.c"
Finished building: ../Static_Code/System/Vectors.c
 
Building file: ../Sources/Events.c
Invoking: Cross ARM C Compiler
arm-none-eabi-gcc -mcpu=cortex-m4 -mthumb -mfloat-abi=hard -mfpu=fpv4-sp-d16 -O0 -fmessage-length=0 -fsigned-char -ffunction-sections -fdata-sections  -g3 -I"C:/Users/acard/OneDrive - email.ucr.edu/UCR/Fall 2021/EE128/Mini_Project_PWM_LCD/Static_Code/System" -I"C:/Users/acard/OneDrive - email.ucr.edu/UCR/Fall 2021/EE128/Mini_Project_PWM_LCD/Static_Code/PDD" -I"C:/Users/acard/OneDrive - email.ucr.edu/UCR/Fall 2021/EE128/Mini_Project_PWM_LCD/Static_Code/IO_Map" -I"C:\Freescale\KDS_v3\eclipse\ProcessorExpert/lib/Kinetis/pdd/inc" -I"C:/Users/acard/OneDrive - email.ucr.edu/UCR/Fall 2021/EE128/Mini_Project_PWM_LCD/Sources" -I"C:/Users/acard/OneDrive - email.ucr.edu/UCR/Fall 2021/EE128/Mini_Project_PWM_LCD/Generated_Code" -std=c99 -MMD -MP -MF"Sources/Events.d" -MT"Sources/Events.o" -c -o "Sources/Events.o" "../Sources/Events.c"
Finished building: ../Sources/Events.c
 
Building file: ../Sources/main.c
Invoking: Cross ARM C Compiler
arm-none-eabi-gcc -mcpu=cortex-m4 -mthumb -mfloat-abi=hard -mfpu=fpv4-sp-d16 -O0 -fmessage-length=0 -fsigned-char -ffunction-sections -fdata-sections  -g3 -I"C:/Users/acard/OneDrive - email.ucr.edu/UCR/Fall 2021/EE128/Mini_Project_PWM_LCD/Static_Code/System" -I"C:/Users/acard/OneDrive - email.ucr.edu/UCR/Fall 2021/EE128/Mini_Project_PWM_LCD/Static_Code/PDD" -I"C:/Users/acard/OneDrive - email.ucr.edu/UCR/Fall 2021/EE128/Mini_Project_PWM_LCD/Static_Code/IO_Map" -I"C:\Freescale\KDS_v3\eclipse\ProcessorExpert/lib/Kinetis/pdd/inc" -I"C:/Users/acard/OneDrive - email.ucr.edu/UCR/Fall 2021/EE128/Mini_Project_PWM_LCD/Sources" -I"C:/Users/acard/OneDrive - email.ucr.edu/UCR/Fall 2021/EE128/Mini_Project_PWM_LCD/Generated_Code" -std=c99 -MMD -MP -MF"Sources/main.d" -MT"Sources/main.o" -c -o "Sources/main.o" "../Sources/main.c"
../Sources/main.c:36:17: fatal error: SM1.h: No such file or directory
 #include "SM1.h"
                 ^
compilation terminated.
Sources/subdir.mk:21: recipe for target 'Sources/main.o' failed
make: *** [Sources/main.o] Error 1
13:04:07 **** Incremental Build of configuration Debug for project Mini_Project_PWM_LCD ****
make all 
Building file: ../Sources/main.c
Invoking: Cross ARM C Compiler
arm-none-eabi-gcc -mcpu=cortex-m4 -mthumb -mfloat-abi=hard -mfpu=fpv4-sp-d16 -O0 -fmessage-length=0 -fsigned-char -ffunction-sections -fdata-sections  -g3 -I"C:/Users/acard/OneDrive - email.ucr.edu/UCR/Fall 2021/EE128/Mini_Project_PWM_LCD/Static_Code/System" -I"C:/Users/acard/OneDrive - email.ucr.edu/UCR/Fall 2021/EE128/Mini_Project_PWM_LCD/Static_Code/PDD" -I"C:/Users/acard/OneDrive - email.ucr.edu/UCR/Fall 2021/EE128/Mini_Project_PWM_LCD/Static_Code/IO_Map" -I"C:\Freescale\KDS_v3\eclipse\ProcessorExpert/lib/Kinetis/pdd/inc" -I"C:/Users/acard/OneDrive - email.ucr.edu/UCR/Fall 2021/EE128/Mini_Project_PWM_LCD/Sources" -I"C:/Users/acard/OneDrive - email.ucr.edu/UCR/Fall 2021/EE128/Mini_Project_PWM_LCD/Generated_Code" -std=c99 -MMD -MP -MF"Sources/main.d" -MT"Sources/main.o" -c -o "Sources/main.o" "../Sources/main.c"
../Sources/main.c: In function 'main':
../Sources/main.c:92:2: warning: implicit declaration of function 'SM1_Init' [-Wimplicit-function-declaration]
  SM1_DeviceData = SM1_Init(NULL);
  ^
../Sources/main.c:92:17: warning: assignment makes pointer from integer without a cast [enabled by default]
  SM1_DeviceData = SM1_Init(NULL);
                 ^
../Sources/main.c:105:3: warning: implicit declaration of function 'SM1_SendBlock' [-Wimplicit-function-declaration]
   SM1_SendBlock(SM1_DeviceData, &write, len);
   ^
Finished building: ../Sources/main.c
 
Building file: ../Project_Settings/Startup_Code/startup.c
Invoking: Cross ARM C Compiler
arm-none-eabi-gcc -mcpu=cortex-m4 -mthumb -mfloat-abi=hard -mfpu=fpv4-sp-d16 -O0 -fmessage-length=0 -fsigned-char -ffunction-sections -fdata-sections  -g3 -I"C:/Users/acard/OneDrive - email.ucr.edu/UCR/Fall 2021/EE128/Mini_Project_PWM_LCD/Static_Code/System" -I"C:/Users/acard/OneDrive - email.ucr.edu/UCR/Fall 2021/EE128/Mini_Project_PWM_LCD/Static_Code/PDD" -I"C:/Users/acard/OneDrive - email.ucr.edu/UCR/Fall 2021/EE128/Mini_Project_PWM_LCD/Static_Code/IO_Map" -I"C:\Freescale\KDS_v3\eclipse\ProcessorExpert/lib/Kinetis/pdd/inc" -I"C:/Users/acard/OneDrive - email.ucr.edu/UCR/Fall 2021/EE128/Mini_Project_PWM_LCD/Sources" -I"C:/Users/acard/OneDrive - email.ucr.edu/UCR/Fall 2021/EE128/Mini_Project_PWM_LCD/Generated_Code" -std=c99 -MMD -MP -MF"Project_Settings/Startup_Code/startup.d" -MT"Project_Settings/Startup_Code/startup.o" -c -o "Project_Settings/Startup_Code/startup.o" "../Project_Settings/Startup_Code/startup.c"
Finished building: ../Project_Settings/Startup_Code/startup.c
 
Building file: ../Generated_Code/Cpu.c
Invoking: Cross ARM C Compiler
arm-none-eabi-gcc -mcpu=cortex-m4 -mthumb -mfloat-abi=hard -mfpu=fpv4-sp-d16 -O0 -fmessage-length=0 -fsigned-char -ffunction-sections -fdata-sections  -g3 -I"C:/Users/acard/OneDrive - email.ucr.edu/UCR/Fall 2021/EE128/Mini_Project_PWM_LCD/Static_Code/System" -I"C:/Users/acard/OneDrive - email.ucr.edu/UCR/Fall 2021/EE128/Mini_Project_PWM_LCD/Static_Code/PDD" -I"C:/Users/acard/OneDrive - email.ucr.edu/UCR/Fall 2021/EE128/Mini_Project_PWM_LCD/Static_Code/IO_Map" -I"C:\Freescale\KDS_v3\eclipse\ProcessorExpert/lib/Kinetis/pdd/inc" -I"C:/Users/acard/OneDrive - email.ucr.edu/UCR/Fall 2021/EE128/Mini_Project_PWM_LCD/Sources" -I"C:/Users/acard/OneDrive - email.ucr.edu/UCR/Fall 2021/EE128/Mini_Project_PWM_LCD/Generated_Code" -std=c99 -MMD -MP -MF"Generated_Code/Cpu.d" -MT"Generated_Code/Cpu.o" -c -o "Generated_Code/Cpu.o" "../Generated_Code/Cpu.c"
Finished building: ../Generated_Code/Cpu.c
 
Building file: ../Generated_Code/CsIO1.c
Invoking: Cross ARM C Compiler
arm-none-eabi-gcc -mcpu=cortex-m4 -mthumb -mfloat-abi=hard -mfpu=fpv4-sp-d16 -O0 -fmessage-length=0 -fsigned-char -ffunction-sections -fdata-sections  -g3 -I"C:/Users/acard/OneDrive - email.ucr.edu/UCR/Fall 2021/EE128/Mini_Project_PWM_LCD/Static_Code/System" -I"C:/Users/acard/OneDrive - email.ucr.edu/UCR/Fall 2021/EE128/Mini_Project_PWM_LCD/Static_Code/PDD" -I"C:/Users/acard/OneDrive - email.ucr.edu/UCR/Fall 2021/EE128/Mini_Project_PWM_LCD/Static_Code/IO_Map" -I"C:\Freescale\KDS_v3\eclipse\ProcessorExpert/lib/Kinetis/pdd/inc" -I"C:/Users/acard/OneDrive - email.ucr.edu/UCR/Fall 2021/EE128/Mini_Project_PWM_LCD/Sources" -I"C:/Users/acard/OneDrive - email.ucr.edu/UCR/Fall 2021/EE128/Mini_Project_PWM_LCD/Generated_Code" -std=c99 -MMD -MP -MF"Generated_Code/CsIO1.d" -MT"Generated_Code/CsIO1.o" -c -o "Generated_Code/CsIO1.o" "../Generated_Code/CsIO1.c"
Finished building: ../Generated_Code/CsIO1.c
 
Building file: ../Generated_Code/IO1.c
Invoking: Cross ARM C Compiler
arm-none-eabi-gcc -mcpu=cortex-m4 -mthumb -mfloat-abi=hard -mfpu=fpv4-sp-d16 -O0 -fmessage-length=0 -fsigned-char -ffunction-sections -fdata-sections  -g3 -I"C:/Users/acard/OneDrive - email.ucr.edu/UCR/Fall 2021/EE128/Mini_Project_PWM_LCD/Static_Code/System" -I"C:/Users/acard/OneDrive - email.ucr.edu/UCR/Fall 2021/EE128/Mini_Project_PWM_LCD/Static_Code/PDD" -I"C:/Users/acard/OneDrive - email.ucr.edu/UCR/Fall 2021/EE128/Mini_Project_PWM_LCD/Static_Code/IO_Map" -I"C:\Freescale\KDS_v3\eclipse\ProcessorExpert/lib/Kinetis/pdd/inc" -I"C:/Users/acard/OneDrive - email.ucr.edu/UCR/Fall 2021/EE128/Mini_Project_PWM_LCD/Sources" -I"C:/Users/acard/OneDrive - email.ucr.edu/UCR/Fall 2021/EE128/Mini_Project_PWM_LCD/Generated_Code" -std=c99 -MMD -MP -MF"Generated_Code/IO1.d" -MT"Generated_Code/IO1.o" -c -o "Generated_Code/IO1.o" "../Generated_Code/IO1.c"
Finished building: ../Generated_Code/IO1.c
 
Building file: ../Generated_Code/PE_LDD.c
Invoking: Cross ARM C Compiler
arm-none-eabi-gcc -mcpu=cortex-m4 -mthumb -mfloat-abi=hard -mfpu=fpv4-sp-d16 -O0 -fmessage-length=0 -fsigned-char -ffunction-sections -fdata-sections  -g3 -I"C:/Users/acard/OneDrive - email.ucr.edu/UCR/Fall 2021/EE128/Mini_Project_PWM_LCD/Static_Code/System" -I"C:/Users/acard/OneDrive - email.ucr.edu/UCR/Fall 2021/EE128/Mini_Project_PWM_LCD/Static_Code/PDD" -I"C:/Users/acard/OneDrive - email.ucr.edu/UCR/Fall 2021/EE128/Mini_Project_PWM_LCD/Static_Code/IO_Map" -I"C:\Freescale\KDS_v3\eclipse\ProcessorExpert/lib/Kinetis/pdd/inc" -I"C:/Users/acard/OneDrive - email.ucr.edu/UCR/Fall 2021/EE128/Mini_Project_PWM_LCD/Sources" -I"C:/Users/acard/OneDrive - email.ucr.edu/UCR/Fall 2021/EE128/Mini_Project_PWM_LCD/Generated_Code" -std=c99 -MMD -MP -MF"Generated_Code/PE_LDD.d" -MT"Generated_Code/PE_LDD.o" -c -o "Generated_Code/PE_LDD.o" "../Generated_Code/PE_LDD.c"
Finished building: ../Generated_Code/PE_LDD.c
 
Building file: ../Generated_Code/Pins1.c
Invoking: Cross ARM C Compiler
arm-none-eabi-gcc -mcpu=cortex-m4 -mthumb -mfloat-abi=hard -mfpu=fpv4-sp-d16 -O0 -fmessage-length=0 -fsigned-char -ffunction-sections -fdata-sections  -g3 -I"C:/Users/acard/OneDrive - email.ucr.edu/UCR/Fall 2021/EE128/Mini_Project_PWM_LCD/Static_Code/System" -I"C:/Users/acard/OneDrive - email.ucr.edu/UCR/Fall 2021/EE128/Mini_Project_PWM_LCD/Static_Code/PDD" -I"C:/Users/acard/OneDrive - email.ucr.edu/UCR/Fall 2021/EE128/Mini_Project_PWM_LCD/Static_Code/IO_Map" -I"C:\Freescale\KDS_v3\eclipse\ProcessorExpert/lib/Kinetis/pdd/inc" -I"C:/Users/acard/OneDrive - email.ucr.edu/UCR/Fall 2021/EE128/Mini_Project_PWM_LCD/Sources" -I"C:/Users/acard/OneDrive - email.ucr.edu/UCR/Fall 2021/EE128/Mini_Project_PWM_LCD/Generated_Code" -std=c99 -MMD -MP -MF"Generated_Code/Pins1.d" -MT"Generated_Code/Pins1.o" -c -o "Generated_Code/Pins1.o" "../Generated_Code/Pins1.c"
Finished building: ../Generated_Code/Pins1.c
 
Building target: Mini_Project_PWM_LCD.elf
Invoking: Cross ARM C++ Linker
arm-none-eabi-g++ -mcpu=cortex-m4 -mthumb -mfloat-abi=hard -mfpu=fpv4-sp-d16 -O0 -fmessage-length=0 -fsigned-char -ffunction-sections -fdata-sections  -g3 -T "C:/Users/acard/OneDrive - email.ucr.edu/UCR/Fall 2021/EE128/Mini_Project_PWM_LCD/Project_Settings/Linker_Files/ProcessorExpert.ld" -Xlinker --gc-sections -L"C:/Users/acard/OneDrive - email.ucr.edu/UCR/Fall 2021/EE128/Mini_Project_PWM_LCD/Project_Settings/Linker_Files" -Wl,-Map,"Mini_Project_PWM_LCD.map" -specs=nano.specs -specs=nosys.specs -o "Mini_Project_PWM_LCD.elf"  ./Static_Code/System/CPU_Init.o ./Static_Code/System/Peripherals_Init.o ./Static_Code/System/Vectors.o  ./Sources/Events.o ./Sources/main.o  ./Project_Settings/Startup_Code/startup.o  ./Generated_Code/Cpu.o ./Generated_Code/CsIO1.o ./Generated_Code/IO1.o ./Generated_Code/PE_LDD.o ./Generated_Code/Pins1.o   
./Sources/main.o: In function `main':
C:\Users\acard\OneDrive - email.ucr.edu\UCR\Fall 2021\EE128\Mini_Project_PWM_LCD\Debug/../Sources/main.c:92: undefined reference to `SM1_Init'
C:\Users\acard\OneDrive - email.ucr.edu\UCR\Fall 2021\EE128\Mini_Project_PWM_LCD\Debug/../Sources/main.c:105: undefined reference to `SM1_SendBlock'
C:\Users\acard\OneDrive - email.ucr.edu\UCR\Fall 2021\EE128\Mini_Project_PWM_LCD\Debug/../Sources/main.c:111: undefined reference to `SM1_SendBlock'
collect2.exe: error: ld returned 1 exit status
makefile:54: recipe for target 'Mini_Project_PWM_LCD.elf' failed
make: *** [Mini_Project_PWM_LCD.elf] Error 1
13:04:46 **** Incremental Build of configuration Debug for project Mini_Project_PWM_LCD ****
make all 
Building file: ../Sources/main.c
Invoking: Cross ARM C Compiler
arm-none-eabi-gcc -mcpu=cortex-m4 -mthumb -mfloat-abi=hard -mfpu=fpv4-sp-d16 -O0 -fmessage-length=0 -fsigned-char -ffunction-sections -fdata-sections  -g3 -I"C:/Users/acard/OneDrive - email.ucr.edu/UCR/Fall 2021/EE128/Mini_Project_PWM_LCD/Static_Code/System" -I"C:/Users/acard/OneDrive - email.ucr.edu/UCR/Fall 2021/EE128/Mini_Project_PWM_LCD/Static_Code/PDD" -I"C:/Users/acard/OneDrive - email.ucr.edu/UCR/Fall 2021/EE128/Mini_Project_PWM_LCD/Static_Code/IO_Map" -I"C:\Freescale\KDS_v3\eclipse\ProcessorExpert/lib/Kinetis/pdd/inc" -I"C:/Users/acard/OneDrive - email.ucr.edu/UCR/Fall 2021/EE128/Mini_Project_PWM_LCD/Sources" -I"C:/Users/acard/OneDrive - email.ucr.edu/UCR/Fall 2021/EE128/Mini_Project_PWM_LCD/Generated_Code" -std=c99 -MMD -MP -MF"Sources/main.d" -MT"Sources/main.o" -c -o "Sources/main.o" "../Sources/main.c"
../Sources/main.c:36:17: fatal error: SM1.h: No such file or directory
 #include "SM1.h"
                 ^
compilation terminated.
make: *** [Sources/main.o] Error 1
Sources/subdir.mk:21: recipe for target 'Sources/main.o' failed
