18:08:25 **** Incremental Build of configuration Debug for project Lab_3_new2.0 ****
make all 
Building file: ../Sources/main.c
Invoking: Cross ARM C Compiler
arm-none-eabi-gcc -mcpu=cortex-m4 -mthumb -mfloat-abi=hard -mfpu=fpv4-sp-d16 -O0 -fmessage-length=0 -fsigned-char -ffunction-sections -fdata-sections -Wall  -g3 -D"CPU_MK64FN1M0VMD12" -I"../Sources" -I"../Project_Settings/Startup_Code" -I"../SDK/platform/CMSIS/Include" -I"../SDK/platform/devices" -I"../SDK/platform/devices/MK64F12/include" -std=c99 -MMD -MP -MF"Sources/main.d" -MT"Sources/main.o" -c -o "Sources/main.o" "../Sources/main.c"
../Sources/main.c:42:6: warning: return type of 'main' is not 'int' [-Wmain]
 void main(void) {
      ^
../Sources/main.c: In function 'FTM3_IRQ_Handler':
../Sources/main.c:121:11: warning: unused variable 'SC_VAL' [-Wunused-variable]
  uint32_t SC_VAL = FTM3_SC;
           ^
Finished building: ../Sources/main.c
 
Building target: Lab_3_new2.0.elf
Invoking: Cross ARM C++ Linker
arm-none-eabi-g++ -mcpu=cortex-m4 -mthumb -mfloat-abi=hard -mfpu=fpv4-sp-d16 -O0 -fmessage-length=0 -fsigned-char -ffunction-sections -fdata-sections -Wall  -g3 -T "MK64FN1M0xxx12_flash.ld" -Xlinker --gc-sections -L"C:/Users/acard/OneDrive - email.ucr.edu/UCR/Fall 2021/EE128/Lab_3_new2.0/Project_Settings/Linker_Files" -Wl,-Map,"Lab_3_new2.0.map" -specs=nosys.specs -specs=nano.specs -Xlinker -z -Xlinker muldefs -o "Lab_3_new2.0.elf"  ./Sources/main.o  ./Project_Settings/Startup_Code/startup.o ./Project_Settings/Startup_Code/startup_MK64F12.o ./Project_Settings/Startup_Code/system_MK64F12.o   
Finished building target: Lab_3_new2.0.elf
 
Invoking: Cross ARM GNU Print Size
arm-none-eabi-size --format=berkeley "Lab_3_new2.0.elf"
   text	   data	    bss	    dec	    hex	filename
   4328	    132	   2080	   6540	   198c	Lab_3_new2.0.elf
Finished building: Lab_3_new2.0.siz
 

18:08:28 Build Finished (took 2s.342ms)

