18:08:33 **** Build of configuration Debug for project Lab_5_final ****
make all 
Building file: ../Sources/main.c
Invoking: Cross ARM C Compiler
arm-none-eabi-gcc -mcpu=cortex-m4 -mthumb -mfloat-abi=hard -mfpu=fpv4-sp-d16 -O0 -fmessage-length=0 -fsigned-char -ffunction-sections -fdata-sections -Wall  -g3 -D"CPU_MK64FN1M0VMD12" -I"../Sources" -I"../Project_Settings/Startup_Code" -I"../SDK/platform/CMSIS/Include" -I"../SDK/platform/devices" -I"../SDK/platform/devices/MK64F12/include" -std=c99 -MMD -MP -MF"Sources/main.d" -MT"Sources/main.o" -c -o "Sources/main.o" "../Sources/main.c"
Finished building: ../Sources/main.c
 
Building file: ../Project_Settings/Startup_Code/startup.c
Invoking: Cross ARM C Compiler
arm-none-eabi-gcc -mcpu=cortex-m4 -mthumb -mfloat-abi=hard -mfpu=fpv4-sp-d16 -O0 -fmessage-length=0 -fsigned-char -ffunction-sections -fdata-sections -Wall  -g3 -D"CPU_MK64FN1M0VMD12" -I"../Sources" -I"../Project_Settings/Startup_Code" -I"../SDK/platform/CMSIS/Include" -I"../SDK/platform/devices" -I"../SDK/platform/devices/MK64F12/include" -std=c99 -MMD -MP -MF"Project_Settings/Startup_Code/startup.d" -MT"Project_Settings/Startup_Code/startup.o" -c -o "Project_Settings/Startup_Code/startup.o" "../Project_Settings/Startup_Code/startup.c"
Finished building: ../Project_Settings/Startup_Code/startup.c
 
Building file: ../Project_Settings/Startup_Code/startup_MK64F12.S
Invoking: Cross ARM GNU Assembler
arm-none-eabi-gcc -mcpu=cortex-m4 -mthumb -mfloat-abi=hard -mfpu=fpv4-sp-d16 -O0 -fmessage-length=0 -fsigned-char -ffunction-sections -fdata-sections -Wall  -g3 -x assembler-with-cpp -MMD -MP -MF"Project_Settings/Startup_Code/startup_MK64F12.d" -MT"Project_Settings/Startup_Code/startup_MK64F12.o" -c -o "Project_Settings/Startup_Code/startup_MK64F12.o" "../Project_Settings/Startup_Code/startup_MK64F12.S"
Finished building: ../Project_Settings/Startup_Code/startup_MK64F12.S
 
Building file: ../Project_Settings/Startup_Code/system_MK64F12.c
Invoking: Cross ARM C Compiler
arm-none-eabi-gcc -mcpu=cortex-m4 -mthumb -mfloat-abi=hard -mfpu=fpv4-sp-d16 -O0 -fmessage-length=0 -fsigned-char -ffunction-sections -fdata-sections -Wall  -g3 -D"CPU_MK64FN1M0VMD12" -I"../Sources" -I"../Project_Settings/Startup_Code" -I"../SDK/platform/CMSIS/Include" -I"../SDK/platform/devices" -I"../SDK/platform/devices/MK64F12/include" -std=c99 -MMD -MP -MF"Project_Settings/Startup_Code/system_MK64F12.d" -MT"Project_Settings/Startup_Code/system_MK64F12.o" -c -o "Project_Settings/Startup_Code/system_MK64F12.o" "../Project_Settings/Startup_Code/system_MK64F12.c"
Finished building: ../Project_Settings/Startup_Code/system_MK64F12.c
 
Building target: Lab_5_final.elf
Invoking: Cross ARM C++ Linker
arm-none-eabi-g++ -mcpu=cortex-m4 -mthumb -mfloat-abi=hard -mfpu=fpv4-sp-d16 -O0 -fmessage-length=0 -fsigned-char -ffunction-sections -fdata-sections -Wall  -g3 -T "MK64FN1M0xxx12_flash.ld" -Xlinker --gc-sections -L"C:/Users/acard/OneDrive - email.ucr.edu/UCR/Fall 2021/EE128/Lab_5_final/Project_Settings/Linker_Files" -Wl,-Map,"Lab_5_final.map" -specs=nosys.specs -specs=nano.specs -Xlinker -z -Xlinker muldefs -o "Lab_5_final.elf"  ./Sources/main.o  ./Project_Settings/Startup_Code/startup.o ./Project_Settings/Startup_Code/startup_MK64F12.o ./Project_Settings/Startup_Code/system_MK64F12.o   
Finished building target: Lab_5_final.elf
 
Invoking: Cross ARM GNU Print Size
arm-none-eabi-size --format=berkeley "Lab_5_final.elf"
   text	   data	    bss	    dec	    hex	filename
   2808	    108	   2088	   5004	   138c	Lab_5_final.elf
Finished building: Lab_5_final.siz
 

18:08:37 Build Finished (took 4s.395ms)

